Component: ARM Compiler 6.16 Tool: armlink [5dfeaa00]

==============================================================================

Section Cross References

    tu_timer_inputcapture_student_2023.o(.text) refers (Special) to _printf_f.o(.ARM.Collect$$_printf_percent$$00000003) for _printf_f
    tu_timer_inputcapture_student_2023.o(.text) refers (Special) to printf1.o(x$fpl$printf1) for _printf_fp_dec
    tu_timer_inputcapture_student_2023.o(.text) refers (Special) to _printf_percent.o(.ARM.Collect$$_printf_percent$$00000000) for _printf_percent
    tu_timer_inputcapture_student_2023.o(.text.main) refers (Special) to _printf_f.o(.ARM.Collect$$_printf_percent$$00000003) for _printf_f
    tu_timer_inputcapture_student_2023.o(.text.main) refers (Special) to printf1.o(x$fpl$printf1) for _printf_fp_dec
    tu_timer_inputcapture_student_2023.o(.text.main) refers (Special) to _printf_percent.o(.ARM.Collect$$_printf_percent$$00000000) for _printf_percent
    tu_timer_inputcapture_student_2023.o(.text.main) refers to tu_timer_inputcapture_student_2023.o(.text.setup) for setup
    tu_timer_inputcapture_student_2023.o(.text.main) refers to tu_timer_inputcapture_student_2023.o(.bss.period) for period
    tu_timer_inputcapture_student_2023.o(.text.main) refers to f2d.o(x$fpl$f2d) for __aeabi_f2d
    tu_timer_inputcapture_student_2023.o(.text.main) refers to noretval__2printf.o(.text) for __2printf
    tu_timer_inputcapture_student_2023.o(.text.main) refers to ecsystick.o(.text.delay_ms) for delay_ms
    tu_timer_inputcapture_student_2023.o(.ARM.exidx.text.main) refers (Special) to _printf_f.o(.ARM.Collect$$_printf_percent$$00000003) for _printf_f
    tu_timer_inputcapture_student_2023.o(.ARM.exidx.text.main) refers (Special) to printf1.o(x$fpl$printf1) for _printf_fp_dec
    tu_timer_inputcapture_student_2023.o(.ARM.exidx.text.main) refers (Special) to _printf_percent.o(.ARM.Collect$$_printf_percent$$00000000) for _printf_percent
    tu_timer_inputcapture_student_2023.o(.ARM.exidx.text.main) refers to tu_timer_inputcapture_student_2023.o(.text.main) for [Anonymous Symbol]
    tu_timer_inputcapture_student_2023.o(.text.setup) refers (Special) to _printf_f.o(.ARM.Collect$$_printf_percent$$00000003) for _printf_f
    tu_timer_inputcapture_student_2023.o(.text.setup) refers (Special) to printf1.o(x$fpl$printf1) for _printf_fp_dec
    tu_timer_inputcapture_student_2023.o(.text.setup) refers (Special) to _printf_percent.o(.ARM.Collect$$_printf_percent$$00000000) for _printf_percent
    tu_timer_inputcapture_student_2023.o(.text.setup) refers to ecrcc.o(.text.RCC_PLL_init) for RCC_PLL_init
    tu_timer_inputcapture_student_2023.o(.text.setup) refers to ecuart_simple.o(.text.UART2_init) for UART2_init
    tu_timer_inputcapture_student_2023.o(.text.setup) refers to ecsystick.o(.text.SysTick_init) for SysTick_init
    tu_timer_inputcapture_student_2023.o(.text.setup) refers to ectim.o(.text.ICAP_init) for ICAP_init
    tu_timer_inputcapture_student_2023.o(.text.setup) refers to tu_timer_inputcapture_student_2023.o(.text.__NVIC_SetPriority) for __NVIC_SetPriority
    tu_timer_inputcapture_student_2023.o(.text.setup) refers to tu_timer_inputcapture_student_2023.o(.text.__NVIC_EnableIRQ) for __NVIC_EnableIRQ
    tu_timer_inputcapture_student_2023.o(.ARM.exidx.text.setup) refers (Special) to _printf_f.o(.ARM.Collect$$_printf_percent$$00000003) for _printf_f
    tu_timer_inputcapture_student_2023.o(.ARM.exidx.text.setup) refers (Special) to printf1.o(x$fpl$printf1) for _printf_fp_dec
    tu_timer_inputcapture_student_2023.o(.ARM.exidx.text.setup) refers (Special) to _printf_percent.o(.ARM.Collect$$_printf_percent$$00000000) for _printf_percent
    tu_timer_inputcapture_student_2023.o(.ARM.exidx.text.setup) refers to tu_timer_inputcapture_student_2023.o(.text.setup) for [Anonymous Symbol]
    tu_timer_inputcapture_student_2023.o(.text.__NVIC_SetPriority) refers (Special) to _printf_f.o(.ARM.Collect$$_printf_percent$$00000003) for _printf_f
    tu_timer_inputcapture_student_2023.o(.text.__NVIC_SetPriority) refers (Special) to printf1.o(x$fpl$printf1) for _printf_fp_dec
    tu_timer_inputcapture_student_2023.o(.text.__NVIC_SetPriority) refers (Special) to _printf_percent.o(.ARM.Collect$$_printf_percent$$00000000) for _printf_percent
    tu_timer_inputcapture_student_2023.o(.ARM.exidx.text.__NVIC_SetPriority) refers (Special) to _printf_f.o(.ARM.Collect$$_printf_percent$$00000003) for _printf_f
    tu_timer_inputcapture_student_2023.o(.ARM.exidx.text.__NVIC_SetPriority) refers (Special) to printf1.o(x$fpl$printf1) for _printf_fp_dec
    tu_timer_inputcapture_student_2023.o(.ARM.exidx.text.__NVIC_SetPriority) refers (Special) to _printf_percent.o(.ARM.Collect$$_printf_percent$$00000000) for _printf_percent
    tu_timer_inputcapture_student_2023.o(.ARM.exidx.text.__NVIC_SetPriority) refers to tu_timer_inputcapture_student_2023.o(.text.__NVIC_SetPriority) for [Anonymous Symbol]
[...]
    libinit.o(.ARM.Collect$$libinit$$00000000) refers (Special) to libinit2.o(.ARM.Collect$$libinit$$00000023) for __rt_lib_init_getenv_1
    libinit.o(.ARM.Collect$$libinit$$00000000) refers (Special) to libinit2.o(.ARM.Collect$$libinit$$0000000A) for __rt_lib_init_heap_1
    libinit.o(.ARM.Collect$$libinit$$00000000) refers (Special) to libinit2.o(.ARM.Collect$$libinit$$00000011) for __rt_lib_init_lc_collate_1
    libinit.o(.ARM.Collect$$libinit$$00000000) refers (Special) to libinit2.o(.ARM.Collect$$libinit$$00000013) for __rt_lib_init_lc_ctype_1
    libinit.o(.ARM.Collect$$libinit$$00000000) refers (Special) to libinit2.o(.ARM.Collect$$libinit$$00000015) for __rt_lib_init_lc_monetary_1
    libinit.o(.ARM.Collect$$libinit$$00000000) refers (Special) to libinit2.o(.ARM.Collect$$libinit$$00000017) for __rt_lib_init_lc_numeric_1
    libinit.o(.ARM.Collect$$libinit$$00000000) refers (Special) to libinit2.o(.ARM.Collect$$libinit$$00000019) for __rt_lib_init_lc_time_1
    libinit.o(.ARM.Collect$$libinit$$00000000) refers (Special) to libinit2.o(.ARM.Collect$$libinit$$00000004) for __rt_lib_init_preinit_1
    libinit.o(.ARM.Collect$$libinit$$00000000) refers (Special) to libinit2.o(.ARM.Collect$$libinit$$0000000E) for __rt_lib_init_rand_1
    libinit.o(.ARM.Collect$$libinit$$00000000) refers (Special) to libinit2.o(.ARM.Collect$$libinit$$00000033) for __rt_lib_init_return
    libinit.o(.ARM.Collect$$libinit$$00000000) refers (Special) to libinit2.o(.ARM.Collect$$libinit$$0000001D) for __rt_lib_init_signal_1
    libinit.o(.ARM.Collect$$libinit$$00000000) refers (Special) to libinit2.o(.ARM.Collect$$libinit$$00000025) for __rt_lib_init_stdio_1
    libinit.o(.ARM.Collect$$libinit$$00000000) refers (Special) to libinit2.o(.ARM.Collect$$libinit$$0000000C) for __rt_lib_init_user_alloc_1
    libinit2.o(.ARM.Collect$$libinit$$00000001) refers to fpinit.o(x$fpl$fpinit) for _fp_init
    libinit2.o(.ARM.Collect$$libinit$$0000000F) refers (Weak) to rt_locale_intlibspace.o(.text) for __rt_locale
    libinit2.o(.ARM.Collect$$libinit$$00000010) refers to libinit2.o(.ARM.Collect$$libinit$$0000000F) for .ARM.Collect$$libinit$$0000000F
    libinit2.o(.ARM.Collect$$libinit$$00000012) refers to libinit2.o(.ARM.Collect$$libinit$$0000000F) for .ARM.Collect$$libinit$$0000000F
    libinit2.o(.ARM.Collect$$libinit$$00000014) refers to libinit2.o(.ARM.Collect$$libinit$$0000000F) for .ARM.Collect$$libinit$$0000000F
    libinit2.o(.ARM.Collect$$libinit$$00000016) refers to libinit2.o(.ARM.Collect$$libinit$$0000000F) for .ARM.Collect$$libinit$$0000000F
    libinit2.o(.ARM.Collect$$libinit$$00000016) refers (Weak) to lc_numeric_c.o(locale$$code) for _get_lc_numeric
    libinit2.o(.ARM.Collect$$libinit$$00000018) refers to libinit2.o(.ARM.Collect$$libinit$$0000000F) for .ARM.Collect$$libinit$$0000000F
    libinit2.o(.ARM.Collect$$libinit$$00000026) refers to argv_veneer.o(.emb_text) for __ARM_argv_veneer
    libinit2.o(.ARM.Collect$$libinit$$00000027) refers to argv_veneer.o(.emb_text) for __ARM_argv_veneer
    rtexit.o(.ARM.Collect$$rtexit$$00000000) refers (Special) to rtexit2.o(.ARM.Collect$$rtexit$$00000004) for __rt_exit_exit
    rtexit.o(.ARM.Collect$$rtexit$$00000000) refers (Special) to rtexit2.o(.ARM.Collect$$rtexit$$00000003) for __rt_exit_ls
    rtexit.o(.ARM.Collect$$rtexit$$00000000) refers (Special) to rtexit2.o(.ARM.Collect$$rtexit$$00000002) for __rt_exit_prels_1
    rtexit.o(.ARM.exidx) refers (Special) to rtexit2.o(.ARM.Collect$$rtexit$$00000004) for __rt_exit_exit
    rtexit.o(.ARM.exidx) refers (Special) to rtexit2.o(.ARM.Collect$$rtexit$$00000003) for __rt_exit_ls
    rtexit.o(.ARM.exidx) refers (Special) to rtexit2.o(.ARM.Collect$$rtexit$$00000002) for __rt_exit_prels_1
    rtexit.o(.ARM.exidx) refers to rtexit.o(.ARM.Collect$$rtexit$$00000000) for .ARM.Collect$$rtexit$$00000000
    argv_veneer.o(.emb_text) refers to no_argv.o(.text) for __ARM_get_argv
    rtexit2.o(.ARM.Collect$$rtexit$$00000003) refers to libshutdown.o(.ARM.Collect$$libshutdown$$00000000) for __rt_lib_shutdown
    rtexit2.o(.ARM.Collect$$rtexit$$00000004) refers to sys_exit.o(.text) for _sys_exit
    rtexit2.o(.ARM.exidx) refers to rtexit2.o(.ARM.Collect$$rtexit$$00000001) for .ARM.Collect$$rtexit$$00000001
    rtexit2.o(.ARM.exidx) refers to rtexit2.o(.ARM.Collect$$rtexit$$00000003) for .ARM.Collect$$rtexit$$00000003
    rtexit2.o(.ARM.exidx) refers to rtexit2.o(.ARM.Collect$$rtexit$$00000004) for .ARM.Collect$$rtexit$$00000004
    _get_argv_nomalloc.o(.text) refers (Special) to hrguard.o(.text) for __heap_region$guard
    _get_argv_nomalloc.o(.text) refers to defsig_rtmem_outer.o(.text) for __rt_SIGRTMEM
    _get_argv_nomalloc.o(.text) refers to sys_command.o(.text) for _sys_command_string
    sys_command.o(.text) refers (Special) to use_no_semi.o(.text) for __I$use$semihosting
    sys_command.o(.text) refers (Special) to indicate_semi.o(.text) for __semihosting_library_function
    sys_exit.o(.text) refers (Special) to use_no_semi.o(.text) for __I$use$semihosting
    sys_exit.o(.text) refers (Special) to indicate_semi.o(.text) for __semihosting_library_function
    sys_command_hlt.o(.text) refers (Special) to use_no_semi.o(.text) for __I$use$semihosting
    sys_command_hlt.o(.text) refers (Special) to indicate_semi.o(.text) for __semihosting_library_function
    sys_exit_hlt.o(.text) refers (Special) to use_no_semi.o(.text) for __I$use$semihosting
    sys_exit_hlt.o(.text) refers (Special) to indicate_semi.o(.text) for __semihosting_library_function
    defsig_rtmem_outer.o(.text) refers to defsig_rtmem_inner.o(.text) for __rt_SIGRTMEM_inner
    defsig_rtmem_outer.o(.text) refers to defsig_exit.o(.text) for __sig_exit
    defsig_rtmem_formal.o(.text) refers to rt_raise.o(.text) for __rt_raise
    libshutdown.o(.ARM.Collect$$libshutdown$$00000000) refers (Special) to libshutdown2.o(.ARM.Collect$$libshutdown$$00000002) for __rt_lib_shutdown_cpp_1
    libshutdown.o(.ARM.Collect$$libshutdown$$00000000) refers (Special) to libshutdown2.o(.ARM.Collect$$libshutdown$$00000007) for __rt_lib_shutdown_fp_trap_1
    libshutdown.o(.ARM.Collect$$libshutdown$$00000000) refers (Special) to libshutdown2.o(.ARM.Collect$$libshutdown$$0000000F) for __rt_lib_shutdown_heap_1
    libshutdown.o(.ARM.Collect$$libshutdown$$00000000) refers (Special) to libshutdown2.o(.ARM.Collect$$libshutdown$$00000010) for __rt_lib_shutdown_return
    libshutdown.o(.ARM.Collect$$libshutdown$$00000000) refers (Special) to libshutdown2.o(.ARM.Collect$$libshutdown$$0000000A) for __rt_lib_shutdown_signal_1
    libshutdown.o(.ARM.Collect$$libshutdown$$00000000) refers (Special) to libshutdown2.o(.ARM.Collect$$libshutdown$$00000004) for __rt_lib_shutdown_stdio_1
    libshutdown.o(.ARM.Collect$$libshutdown$$00000000) refers (Special) to libshutdown2.o(.ARM.Collect$$libshutdown$$0000000C) for __rt_lib_shutdown_user_alloc_1
    rt_raise.o(.text) refers to __raise.o(.text) for __raise
    rt_raise.o(.text) refers to sys_exit.o(.text) for _sys_exit
    defsig_exit.o(.text) refers to sys_exit.o(.text) for _sys_exit
    defsig_rtmem_inner.o(.text) refers to defsig_general.o(.text) for __default_signal_display
    __raise.o(.text) refers to defsig.o(CL$$defsig) for __default_signal_handler
    defsig_general.o(.text) refers to sys_wrch.o(.text) for _ttywrch
    sys_wrch.o(.text) refers (Special) to use_no_semi.o(.text) for __I$use$semihosting
    sys_wrch.o(.text) refers (Special) to indicate_semi.o(.text) for __semihosting_library_function
    sys_wrch_hlt.o(.text) refers (Special) to use_no_semi.o(.text) for __I$use$semihosting
    sys_wrch_hlt.o(.text) refers (Special) to indicate_semi.o(.text) for __semihosting_library_function
    defsig.o(CL$$defsig) refers to defsig_rtmem_inner.o(.text) for __rt_SIGRTMEM_inner
    defsig_abrt_inner.o(.text) refers to defsig_general.o(.text) for __default_signal_display
    defsig_fpe_inner.o(.text) refers to defsig_general.o(.text) for __default_signal_display
    defsig_rtred_inner.o(.text) refers to defsig_general.o(.text) for __default_signal_display
    defsig_stak_inner.o(.text) refers to defsig_general.o(.text) for __default_signal_display
    defsig_pvfn_inner.o(.text) refers to defsig_general.o(.text) for __default_signal_display
    defsig_cppl_inner.o(.text) refers to defsig_general.o(.text) for __default_signal_display
    defsig_segv_inner.o(.text) refers to defsig_general.o(.text) for __default_signal_display
    defsig_other.o(.text) refers to defsig_general.o(.text) for __default_signal_display


==============================================================================

Removing Unused input sections from the image.

    Removing tu_timer_inputcapture_student_2023.o(.text), (0 bytes).
    Removing tu_timer_inputcapture_student_2023.o(.ARM.exidx.text.main), (8 bytes).
    Removing tu_timer_inputcapture_student_2023.o(.ARM.exidx.text.setup), (8 bytes).
    Removing tu_timer_inputcapture_student_2023.o(.ARM.exidx.text.__NVIC_SetPriority), (8 bytes).
    Removing tu_timer_inputcapture_student_2023.o(.ARM.exidx.text.__NVIC_EnableIRQ), (8 bytes).
    Removing tu_timer_inputcapture_student_2023.o(.ARM.exidx.text.TIM2_IRQHandler), (8 bytes).
    Removing tu_timer_inputcapture_student_2023.o(.ARM.use_no_argv), (4 bytes).
    Removing ecexti.o(.text), (0 bytes).
    Removing ecexti.o(.text.EXTI_init), (220 bytes).
    Removing ecexti.o(.ARM.exidx.text.EXTI_init), (8 bytes).
    Removing ecexti.o(.text.__NVIC_SetPriority), (34 bytes).
    Removing ecexti.o(.ARM.exidx.text.__NVIC_SetPriority), (8 bytes).
    Removing ecexti.o(.text.__NVIC_EnableIRQ), (32 bytes).
    Removing ecexti.o(.ARM.exidx.text.__NVIC_EnableIRQ), (8 bytes).
    Removing ecexti.o(.text.EXTI_enable), (22 bytes).
    Removing ecexti.o(.ARM.exidx.text.EXTI_enable), (8 bytes).
    Removing ecexti.o(.text.EXTI_disable), (24 bytes).
    Removing ecexti.o(.ARM.exidx.text.EXTI_disable), (8 bytes).
    Removing ecexti.o(.text.is_pending_EXTI), (20 bytes).
    Removing ecexti.o(.ARM.exidx.text.is_pending_EXTI), (8 bytes).
    Removing ecexti.o(.text.clear_pending_EXTI), (22 bytes).
    Removing ecexti.o(.ARM.exidx.text.clear_pending_EXTI), (8 bytes).
    Removing ecgpio.o(.text), (0 bytes).
    Removing ecgpio.o(.ARM.exidx.text.GPIO_init), (8 bytes).
    Removing ecgpio.o(.ARM.exidx.text.GPIO_mode), (8 bytes).
    Removing ecgpio.o(.ARM.exidx.text.GPIO_ospeed), (8 bytes).
    Removing ecgpio.o(.text.GPIO_otype), (32 bytes).
    Removing ecgpio.o(.ARM.exidx.text.GPIO_otype), (8 bytes).
    Removing ecgpio.o(.text.GPIO_pupd), (34 bytes).
    Removing ecgpio.o(.ARM.exidx.text.GPIO_pupd), (8 bytes).
    Removing ecgpio.o(.text.GPIO_read), (10 bytes).
    Removing ecgpio.o(.ARM.exidx.text.GPIO_read), (8 bytes).
    Removing ecgpio.o(.text.GPIO_write), (32 bytes).
    Removing ecgpio.o(.ARM.exidx.text.GPIO_write), (8 bytes).
    Removing ecgpio.o(.text.bit_toggling), (48 bytes).
    Removing ecgpio.o(.ARM.exidx.text.bit_toggling), (8 bytes).
    Removing ecgpio.o(.text.sevensegment_init), (134 bytes).
    Removing ecgpio.o(.ARM.exidx.text.sevensegment_init), (8 bytes).
    Removing ecgpio.o(.text.sevensegment_decoder), (110 bytes).
    Removing ecgpio.o(.ARM.exidx.text.sevensegment_decoder), (8 bytes).
    Removing ecgpio.o(.text.sevensegment_display_init), (86 bytes).
    Removing ecgpio.o(.ARM.exidx.text.sevensegment_display_init), (8 bytes).
    Removing ecgpio.o(.text.sevensegment_display), (58 bytes).
    Removing ecgpio.o(.ARM.exidx.text.sevensegment_display), (8 bytes).
    Removing ecgpio.o(.rodata..L__const.sevensegment_init.pins), (64 bytes).
    Removing ecgpio.o(.data.state), (320 bytes).
    Removing ecgpio.o(.rodata.cst32), (64 bytes).
    Removing ecgpio.o(.data.binary), (40 bytes).
    Removing ecrcc.o(.text), (0 bytes).
    Removing ecrcc.o(.text.RCC_HSI_init), (68 bytes).
    Removing ecrcc.o(.ARM.exidx.text.RCC_HSI_init), (8 bytes).
    Removing ecrcc.o(.ARM.exidx.text.RCC_PLL_init), (8 bytes).
    Removing ecrcc.o(.ARM.exidx.text.RCC_GPIOA_enable), (8 bytes).
    Removing ecrcc.o(.ARM.exidx.text.RCC_GPIOB_enable), (8 bytes).
    Removing ecrcc.o(.ARM.exidx.text.RCC_GPIOC_enable), (8 bytes).
    Removing ecrcc.o(.ARM.exidx.text.RCC_GPIOD_enable), (8 bytes).
    Removing ecrcc.o(.ARM.exidx.text.RCC_GPIOE_enable), (8 bytes).
    Removing ecrcc.o(.ARM.exidx.text.RCC_GPIOH_enable), (8 bytes).
    Removing ecsystick.o(.text), (0 bytes).
    Removing ecsystick.o(.ARM.exidx.text.SysTick_init), (8 bytes).
    Removing ecsystick.o(.ARM.exidx.text.__NVIC_SetPriority), (8 bytes).
    Removing ecsystick.o(.ARM.exidx.text.SysTick_Handler), (8 bytes).
    Removing ecsystick.o(.ARM.exidx.text.SysTick_counter), (8 bytes).
    Removing ecsystick.o(.ARM.exidx.text.delay_ms), (8 bytes).
    Removing ecsystick.o(.text.SysTick_reset), (14 bytes).
    Removing ecsystick.o(.ARM.exidx.text.SysTick_reset), (8 bytes).
    Removing ecsystick.o(.text.SysTick_val), (12 bytes).
    Removing ecsystick.o(.ARM.exidx.text.SysTick_val), (8 bytes).
    Removing ecsystick.o(.text.SysTick_enable), (18 bytes).
    Removing ecsystick.o(.ARM.exidx.text.SysTick_enable), (8 bytes).
    Removing ecsystick.o(.text.SysTick_disable), (14 bytes).
    Removing ecsystick.o(.ARM.exidx.text.SysTick_disable), (8 bytes).
    Removing ecpwm.o(.text), (0 bytes).
    Removing ecpwm.o(.text.PWM_init), (486 bytes).
    Removing ecpwm.o(.ARM.exidx.text.PWM_init), (8 bytes).
    Removing ecpwm.o(.text.PWM_pinmap), (298 bytes).
    Removing ecpwm.o(.ARM.exidx.text.PWM_pinmap), (8 bytes).
    Removing ecpwm.o(.text.PWM_period_ms), (38 bytes).
    Removing ecpwm.o(.ARM.exidx.text.PWM_period_ms), (8 bytes).
    Removing ecpwm.o(.text.PWM_period), (8 bytes).
    Removing ecpwm.o(.ARM.exidx.text.PWM_period), (8 bytes).
    Removing ecpwm.o(.text.PWM_period_us), (38 bytes).
    Removing ecpwm.o(.ARM.exidx.text.PWM_period_us), (8 bytes).
    Removing ecpwm.o(.text.PWM_pulsewidth), (138 bytes).
    Removing ecpwm.o(.ARM.exidx.text.PWM_pulsewidth), (8 bytes).
    Removing ecpwm.o(.text.PWM_pulsewidth_ms), (8 bytes).
    Removing ecpwm.o(.ARM.exidx.text.PWM_pulsewidth_ms), (8 bytes).
    Removing ecpwm.o(.text.PWM_pulsewidth_us), (128 bytes).
    Removing ecpwm.o(.ARM.exidx.text.PWM_pulsewidth_us), (8 bytes).
    Removing ecpwm.o(.text.PWM_duty), (120 bytes).
    Removing ecpwm.o(.ARM.exidx.text.PWM_duty), (8 bytes).
    Removing ecpinnames.o(.text), (0 bytes).
    Removing ecpinnames.o(.ARM.exidx.text.ecPinmap), (8 bytes).
    Removing ecuart_simple.o(.text), (0 bytes).
    Removing ecuart_simple.o(.ARM.exidx.text.fputc), (8 bytes).
    Removing ecuart_simple.o(.ARM.exidx.text.USART_write), (8 bytes).
    Removing ecuart_simple.o(.ARM.exidx.text.UART2_init), (8 bytes).
    Removing ecuart_simple.o(.ARM.exidx.text.__NVIC_SetPriority), (8 bytes).
    Removing ecuart_simple.o(.ARM.exidx.text.__NVIC_EnableIRQ), (8 bytes).
    Removing ecuart_simple.o(.text.USART_delay), (2 bytes).
    Removing ecuart_simple.o(.ARM.exidx.text.USART_delay), (8 bytes).
    Removing ecuart_simple.o(.bss.__stdin), (4 bytes).
    Removing ectim.o(.text), (0 bytes).
    Removing ectim.o(.ARM.exidx.text.TIM_init), (8 bytes).
    Removing ectim.o(.ARM.exidx.text.TIM_period_ms), (8 bytes).
    Removing ectim.o(.text.TIM_period_us), (112 bytes).
    Removing ectim.o(.ARM.exidx.text.TIM_period_us), (8 bytes).
    Removing ectim.o(.ARM.exidx.text.TIM_UI_init), (8 bytes).
    Removing ectim.o(.ARM.exidx.text.TIM_UI_enable), (8 bytes).
    Removing ectim.o(.ARM.exidx.text.__NVIC_EnableIRQ), (8 bytes).
    Removing ectim.o(.ARM.exidx.text.__NVIC_SetPriority), (8 bytes).
    Removing ectim.o(.text.TIM_UI_disable), (10 bytes).
    Removing ectim.o(.ARM.exidx.text.TIM_UI_disable), (8 bytes).
    Removing ectim.o(.ARM.exidx.text.is_UIF), (8 bytes).
    Removing ectim.o(.ARM.exidx.text.clear_UIF), (8 bytes).
    Removing ectim.o(.ARM.exidx.text.ICAP_init), (8 bytes).
    Removing ectim.o(.ARM.exidx.text.ICAP_pinmap), (8 bytes).
    Removing ectim.o(.text.ICAP_setup), (258 bytes).
    Removing ectim.o(.ARM.exidx.text.ICAP_setup), (8 bytes).
    Removing ectim.o(.text.ICAP_counter_us), (46 bytes).
    Removing ectim.o(.ARM.exidx.text.ICAP_counter_us), (8 bytes).
    Removing ectim.o(.ARM.exidx.text.is_CCIF), (8 bytes).
    Removing ectim.o(.ARM.exidx.text.clear_CCIF), (8 bytes).
    Removing ectim.o(.ARM.exidx.text.ICAP_capture), (8 bytes).
    Removing system_stm32f4xx.o(.text), (0 bytes).
    Removing system_stm32f4xx.o(.ARM.exidx.text.SystemInit), (8 bytes).
    Removing system_stm32f4xx.o(.text.SystemCoreClockUpdate), (126 bytes).
    Removing system_stm32f4xx.o(.ARM.exidx.text.SystemCoreClockUpdate), (8 bytes).
    Removing system_stm32f4xx.o(.data.SystemCoreClock), (4 bytes).
    Removing system_stm32f4xx.o(.rodata.AHBPrescTable), (16 bytes).
    Removing system_stm32f4xx.o(.rodata.APBPrescTable), (8 bytes).

131 unused section(s) (total 3992 bytes) removed from the image.

==============================================================================

Image Symbol Table

    Local Symbols

    Symbol Name                              Value     Ov Type        Size  Object(Section)

    ../clib/angel/boardlib.s                 0x00000000   Number         0  boardinit1.o ABSOLUTE
    ../clib/angel/boardlib.s                 0x00000000   Number         0  boardinit2.o ABSOLUTE
    ../clib/angel/boardlib.s                 0x00000000   Number         0  boardinit3.o ABSOLUTE
    ../clib/angel/boardlib.s                 0x00000000   Number         0  boardshut.o ABSOLUTE
    ../clib/angel/handlers.s                 0x00000000   Number         0  __scatter_copy.o ABSOLUTE
    ../clib/angel/handlers.s                 0x00000000   Number         0  __scatter_zi.o ABSOLUTE
    ../clib/angel/kernel.s                   0x00000000   Number         0  __rtentry.o ABSOLUTE
    ../clib/angel/kernel.s                   0x00000000   Number         0  __rtentry2.o ABSOLUTE
    ../clib/angel/kernel.s                   0x00000000   Number         0  __rtentry4.o ABSOLUTE
    ../clib/angel/kernel.s                   0x00000000   Number         0  rtexit.o ABSOLUTE
    ../clib/angel/kernel.s                   0x00000000   Number         0  rtexit2.o ABSOLUTE
    ../clib/angel/rt.s                       0x00000000   Number         0  rt_locale.o ABSOLUTE
    ../clib/angel/rt.s                       0x00000000   Number         0  rt_locale_intlibspace.o ABSOLUTE
    ../clib/angel/rt.s                       0x00000000   Number         0  rt_raise.o ABSOLUTE
    ../clib/angel/scatter.s                  0x00000000   Number         0  __scatter.o ABSOLUTE
    ../clib/angel/startup.s                  0x00000000   Number         0  __main.o ABSOLUTE
    ../clib/angel/sys.s                      0x00000000   Number         0  libspace.o ABSOLUTE
    ../clib/angel/sys.s                      0x00000000   Number         0  sys_stackheap_outer.o ABSOLUTE
    ../clib/angel/sys.s                      0x00000000   Number         0  use_no_semi.o ABSOLUTE
    ../clib/angel/sys.s                      0x00000000   Number         0  indicate_semi.o ABSOLUTE
    ../clib/angel/sysapp.c                   0x00000000   Number         0  sys_command.o ABSOLUTE
    ../clib/angel/sysapp.c                   0x00000000   Number         0  sys_exit.o ABSOLUTE
    ../clib/angel/sysapp.c                   0x00000000   Number         0  sys_command_hlt.o ABSOLUTE
    ../clib/angel/sysapp.c                   0x00000000   Number         0  sys_exit_hlt.o ABSOLUTE
    ../clib/angel/sysapp.c                   0x00000000   Number         0  sys_wrch.o ABSOLUTE
    ../clib/angel/sysapp.c                   0x00000000   Number         0  sys_wrch_hlt.o ABSOLUTE
    ../clib/armsys.c                         0x00000000   Number         0  argv_veneer.o ABSOLUTE
    ../clib/armsys.c                         0x00000000   Number         0  argv_veneer.o ABSOLUTE
    ../clib/armsys.c                         0x00000000   Number         0  _get_argv_nomalloc.o ABSOLUTE
    ../clib/armsys.c                         0x00000000   Number         0  no_argv.o ABSOLUTE
    ../clib/bigflt.c                         0x00000000   Number         0  bigflt0.o ABSOLUTE
    ../clib/btod.s                           0x00000000   Number         0  btod.o ABSOLUTE
    ../clib/btod_accurate.c                  0x00000000   Number         0  btod_accurate.o ABSOLUTE
    ../clib/btod_accurate.c                  0x00000000   Number         0  btod_accurate_common.o ABSOLUTE
    ../clib/heapalloc.c                      0x00000000   Number         0  hrguard.o ABSOLUTE
    ../clib/heapaux.c                        0x00000000   Number         0  heapauxi.o ABSOLUTE
    ../clib/libinit.s                        0x00000000   Number         0  libinit.o ABSOLUTE
    ../clib/libinit.s                        0x00000000   Number         0  libinit2.o ABSOLUTE
    ../clib/libinit.s                        0x00000000   Number         0  libshutdown.o ABSOLUTE
    ../clib/libinit.s                        0x00000000   Number         0  libshutdown2.o ABSOLUTE
    ../clib/locale.s                         0x00000000   Number         0  lc_numeric_c.o ABSOLUTE
    ../clib/longlong.s                       0x00000000   Number         0  lludiv10.o ABSOLUTE
    ../clib/longlong.s                       0x00000000   Number         0  llushr.o ABSOLUTE
    ../clib/memcpset.s                       0x00000000   Number         0  strcmpv7em.o ABSOLUTE
    ../clib/printf.c                         0x00000000   Number         0  __2printf.o ABSOLUTE
    ../clib/printf.c                         0x00000000   Number         0  noretval__2printf.o ABSOLUTE
    ../clib/printf.c                         0x00000000   Number         0  __printf.o ABSOLUTE
    ../clib/printf.c                         0x00000000   Number         0  __printf_flags.o ABSOLUTE
    ../clib/printf.c                         0x00000000   Number         0  __printf_ss.o ABSOLUTE
    ../clib/printf.c                         0x00000000   Number         0  __printf_flags_ss.o ABSOLUTE
    ../clib/printf.c                         0x00000000   Number         0  __printf_wp.o ABSOLUTE
    ../clib/printf.c                         0x00000000   Number         0  __printf_flags_wp.o ABSOLUTE
    ../clib/printf.c                         0x00000000   Number         0  __printf_ss_wp.o ABSOLUTE
    ../clib/printf.c                         0x00000000   Number         0  __printf_flags_ss_wp.o ABSOLUTE
    ../clib/printf.c                         0x00000000   Number         0  _printf_fp_dec.o ABSOLUTE
    ../clib/printf.c                         0x00000000   Number         0  _printf_fp_dec_accurate.o ABSOLUTE
    ../clib/printf.c                         0x00000000   Number         0  _printf_char_file.o ABSOLUTE
    ../clib/printf.c                         0x00000000   Number         0  _printf_char_common.o ABSOLUTE
    ../clib/printf.c                         0x00000000   Number         0  _printf_fp_infnan.o ABSOLUTE
    ../clib/printf.c                         0x00000000   Number         0  __printf_nopercent.o ABSOLUTE
    ../clib/printf_percent.s                 0x00000000   Number         0  _printf_f.o ABSOLUTE
    ../clib/printf_percent.s                 0x00000000   Number         0  _printf_percent.o ABSOLUTE
    ../clib/printf_percent.s                 0x00000000   Number         0  _printf_percent_end.o ABSOLUTE
    ../clib/signal.c                         0x00000000   Number         0  defsig_rtmem_outer.o ABSOLUTE
    ../clib/signal.c                         0x00000000   Number         0  defsig_rtmem_formal.o ABSOLUTE
    ../clib/signal.c                         0x00000000   Number         0  defsig_exit.o ABSOLUTE
    ../clib/signal.c                         0x00000000   Number         0  defsig_rtmem_inner.o ABSOLUTE
    ../clib/signal.c                         0x00000000   Number         0  __raise.o ABSOLUTE
    ../clib/signal.c                         0x00000000   Number         0  defsig_general.o ABSOLUTE
    ../clib/signal.c                         0x00000000   Number         0  defsig_abrt_inner.o ABSOLUTE
    ../clib/signal.c                         0x00000000   Number         0  defsig_fpe_inner.o ABSOLUTE
    ../clib/signal.c                         0x00000000   Number         0  defsig_rtred_inner.o ABSOLUTE
    ../clib/signal.c                         0x00000000   Number         0  defsig_stak_inner.o ABSOLUTE
    ../clib/signal.c                         0x00000000   Number         0  defsig_pvfn_inner.o ABSOLUTE
    ../clib/signal.c                         0x00000000   Number         0  defsig_cppl_inner.o ABSOLUTE
    ../clib/signal.c                         0x00000000   Number         0  defsig_segv_inner.o ABSOLUTE
    ../clib/signal.c                         0x00000000   Number         0  defsig_other.o ABSOLUTE
    ../clib/signal.s                         0x00000000   Number         0  defsig.o ABSOLUTE
    ../clib/stdio.c                          0x00000000   Number         0  ferror.o ABSOLUTE
    ../clib/stdio.c                          0x00000000   Number         0  ferror_locked.o ABSOLUTE
    ../clib/stdlib.c                         0x00000000   Number         0  exit.o ABSOLUTE
    ../fplib/dretinf.s                       0x00000000   Number         0  dretinf.o ABSOLUTE
    ../fplib/f2d.s                           0x00000000   Number         0  f2d.o ABSOLUTE
    ../fplib/fnaninf.s                       0x00000000   Number         0  fnaninf.o ABSOLUTE
    ../fplib/fpinit.s                        0x00000000   Number         0  fpinit.o ABSOLUTE
    ../fplib/istatus.s                       0x00000000   Number         0  istatus.o ABSOLUTE
    ../fplib/printf1.s                       0x00000000   Number         0  printf1.o ABSOLUTE
    ../fplib/usenofp.s                       0x00000000   Number         0  usenofp.o ABSOLUTE
    ../mathlib/fpclassify.c                  0x00000000   Number         0  fpclassify.o ABSOLUTE
    RTE/Device/STM32F411RETx/startup_stm32f411xe.s 0x00000000   Number         0  startup_stm32f411xe.o ABSOLUTE
    TU_Timer_InputCapture_student_2023.c     0x00000000   Number         0  tu_timer_inputcapture_student_2023.o ABSOLUTE
    dc.s                                     0x00000000   Number         0  dc.o ABSOLUTE
    ecEXTI.c                                 0x00000000   Number         0  ecexti.o ABSOLUTE
    ecGPIO.c                                 0x00000000   Number         0  ecgpio.o ABSOLUTE
    ecPWM.c                                  0x00000000   Number         0  ecpwm.o ABSOLUTE
    ecPinNames.c                             0x00000000   Number         0  ecpinnames.o ABSOLUTE
    ecRCC.c                                  0x00000000   Number         0  ecrcc.o ABSOLUTE
    ecSysTick.c                              0x00000000   Number         0  ecsystick.o ABSOLUTE
    ecTIM.c                                  0x00000000   Number         0  ectim.o ABSOLUTE
    ecUART_simple.c                          0x00000000   Number         0  ecuart_simple.o ABSOLUTE
    system_stm32f4xx.c                       0x00000000   Number         0  system_stm32f4xx.o ABSOLUTE
    RESET                                    0x08000000   Section      408  startup_stm32f411xe.o(RESET)
    !!!main                                  0x08000198   Section        8  __main.o(!!!main)
    !!!scatter                               0x080001a0   Section       52  __scatter.o(!!!scatter)
    !!handler_copy                           0x080001d4   Section       26  __scatter_copy.o(!!handler_copy)
    !!handler_zi                             0x080001f0   Section       28  __scatter_zi.o(!!handler_zi)
    .ARM.Collect$$_printf_percent$$00000000  0x0800020c   Section        0  _printf_percent.o(.ARM.Collect$$_printf_percent$$00000000)
    .ARM.Collect$$_printf_percent$$00000003  0x0800020c   Section        6  _printf_f.o(.ARM.Collect$$_printf_percent$$00000003)
    .ARM.Collect$$_printf_percent$$00000017  0x08000212   Section        4  _printf_percent_end.o(.ARM.Collect$$_printf_percent$$00000017)
    .ARM.Collect$$libinit$$00000000          0x08000216   Section        2  libinit.o(.ARM.Collect$$libinit$$00000000)
    .ARM.Collect$$libinit$$00000001          0x08000218   Section        4  libinit2.o(.ARM.Collect$$libinit$$00000001)
    .ARM.Collect$$libinit$$00000004          0x0800021c   Section        0  libinit2.o(.ARM.Collect$$libinit$$00000004)
    .ARM.Collect$$libinit$$0000000A          0x0800021c   Section        0  libinit2.o(.ARM.Collect$$libinit$$0000000A)
    .ARM.Collect$$libinit$$0000000C          0x0800021c   Section        0  libinit2.o(.ARM.Collect$$libinit$$0000000C)
    .ARM.Collect$$libinit$$0000000E          0x0800021c   Section        0  libinit2.o(.ARM.Collect$$libinit$$0000000E)
    .ARM.Collect$$libinit$$0000000F          0x0800021c   Section        6  libinit2.o(.ARM.Collect$$libinit$$0000000F)
    .ARM.Collect$$libinit$$00000011          0x08000222   Section        0  libinit2.o(.ARM.Collect$$libinit$$00000011)
    .ARM.Collect$$libinit$$00000013          0x08000222   Section        0  libinit2.o(.ARM.Collect$$libinit$$00000013)
    .ARM.Collect$$libinit$$00000015          0x08000222   Section        0  libinit2.o(.ARM.Collect$$libinit$$00000015)
    .ARM.Collect$$libinit$$00000016          0x08000222   Section       10  libinit2.o(.ARM.Collect$$libinit$$00000016)
    .ARM.Collect$$libinit$$00000017          0x0800022c   Section        0  libinit2.o(.ARM.Collect$$libinit$$00000017)
    .ARM.Collect$$libinit$$00000019          0x0800022c   Section        0  libinit2.o(.ARM.Collect$$libinit$$00000019)
    .ARM.Collect$$libinit$$0000001B          0x0800022c   Section        0  libinit2.o(.ARM.Collect$$libinit$$0000001B)
    .ARM.Collect$$libinit$$0000001D          0x0800022c   Section        0  libinit2.o(.ARM.Collect$$libinit$$0000001D)
    .ARM.Collect$$libinit$$0000001F          0x0800022c   Section        0  libinit2.o(.ARM.Collect$$libinit$$0000001F)
    .ARM.Collect$$libinit$$00000021          0x0800022c   Section        0  libinit2.o(.ARM.Collect$$libinit$$00000021)
    .ARM.Collect$$libinit$$00000023          0x0800022c   Section        0  libinit2.o(.ARM.Collect$$libinit$$00000023)
    .ARM.Collect$$libinit$$00000025          0x0800022c   Section        0  libinit2.o(.ARM.Collect$$libinit$$00000025)
    .ARM.Collect$$libinit$$0000002C          0x0800022c   Section        0  libinit2.o(.ARM.Collect$$libinit$$0000002C)
    .ARM.Collect$$libinit$$0000002E          0x0800022c   Section        0  libinit2.o(.ARM.Collect$$libinit$$0000002E)
    .ARM.Collect$$libinit$$00000030          0x0800022c   Section        0  libinit2.o(.ARM.Collect$$libinit$$00000030)
    .ARM.Collect$$libinit$$00000032          0x0800022c   Section        0  libinit2.o(.ARM.Collect$$libinit$$00000032)
    .ARM.Collect$$libinit$$00000033          0x0800022c   Section        2  libinit2.o(.ARM.Collect$$libinit$$00000033)
    .ARM.Collect$$libshutdown$$00000000      0x0800022e   Section        2  libshutdown.o(.ARM.Collect$$libshutdown$$00000000)
    .ARM.Collect$$libshutdown$$00000002      0x08000230   Section        0  libshutdown2.o(.ARM.Collect$$libshutdown$$00000002)
    .ARM.Collect$$libshutdown$$00000004      0x08000230   Section        0  libshutdown2.o(.ARM.Collect$$libshutdown$$00000004)
    .ARM.Collect$$libshutdown$$00000007      0x08000230   Section        0  libshutdown2.o(.ARM.Collect$$libshutdown$$00000007)
    .ARM.Collect$$libshutdown$$0000000A      0x08000230   Section        0  libshutdown2.o(.ARM.Collect$$libshutdown$$0000000A)
    .ARM.Collect$$libshutdown$$0000000C      0x08000230   Section        0  libshutdown2.o(.ARM.Collect$$libshutdown$$0000000C)
    .ARM.Collect$$libshutdown$$0000000F      0x08000230   Section        0  libshutdown2.o(.ARM.Collect$$libshutdown$$0000000F)
    .ARM.Collect$$libshutdown$$00000010      0x08000230   Section        2  libshutdown2.o(.ARM.Collect$$libshutdown$$00000010)
    .ARM.Collect$$rtentry$$00000000          0x08000232   Section        0  __rtentry.o(.ARM.Collect$$rtentry$$00000000)
    .ARM.Collect$$rtentry$$00000002          0x08000232   Section        0  __rtentry2.o(.ARM.Collect$$rtentry$$00000002)
    .ARM.Collect$$rtentry$$00000004          0x08000232   Section        6  __rtentry4.o(.ARM.Collect$$rtentry$$00000004)
    .ARM.Collect$$rtentry$$00000009          0x08000238   Section        0  __rtentry2.o(.ARM.Collect$$rtentry$$00000009)
    .ARM.Collect$$rtentry$$0000000A          0x08000238   Section        4  __rtentry2.o(.ARM.Collect$$rtentry$$0000000A)
    .ARM.Collect$$rtentry$$0000000C          0x0800023c   Section        0  __rtentry2.o(.ARM.Collect$$rtentry$$0000000C)
    .ARM.Collect$$rtentry$$0000000D          0x0800023c   Section        8  __rtentry2.o(.ARM.Collect$$rtentry$$0000000D)
    .ARM.Collect$$rtexit$$00000000           0x08000244   Section        2  rtexit.o(.ARM.Collect$$rtexit$$00000000)
    .ARM.Collect$$rtexit$$00000002           0x08000246   Section        0  rtexit2.o(.ARM.Collect$$rtexit$$00000002)
    .ARM.Collect$$rtexit$$00000003           0x08000246   Section        4  rtexit2.o(.ARM.Collect$$rtexit$$00000003)
    .ARM.Collect$$rtexit$$00000004           0x0800024a   Section        6  rtexit2.o(.ARM.Collect$$rtexit$$00000004)
    $v0                                      0x08000250   Number         0  startup_stm32f411xe.o(.text)
    .text                                    0x08000250   Section       64  startup_stm32f411xe.o(.text)
    .text                                    0x08000290   Section        0  noretval__2printf.o(.text)
    .text                                    0x080002a8   Section        0  __printf.o(.text)
    .text                                    0x08000310   Section        0  heapauxi.o(.text)
    _fp_digits                               0x08000317   Thumb Code   432  _printf_fp_dec.o(.text)
    .text                                    0x08000316   Section        0  _printf_fp_dec.o(.text)
    .text                                    0x08000734   Section        0  _printf_char_file.o(.text)
    .text                                    0x08000758   Section        8  rt_locale_intlibspace.o(.text)
    .text                                    0x08000760   Section      138  lludiv10.o(.text)
    _printf_input_char                       0x080007ed   Thumb Code    10  _printf_char_common.o(.text)
    .text                                    0x080007ec   Section        0  _printf_char_common.o(.text)
    .text                                    0x0800081c   Section        0  _printf_fp_infnan.o(.text)
    .text                                    0x0800089c   Section        0  bigflt0.o(.text)
    .text                                    0x08000980   Section        0  ferror.o(.text)
    .text                                    0x08000988   Section        8  libspace.o(.text)
    .text                                    0x08000990   Section       74  sys_stackheap_outer.o(.text)
    .text                                    0x080009da   Section        0  exit.o(.text)
    .text                                    0x080009f0   Section      124  strcmpv7em.o(.text)
    .text                                    0x08000a6c   Section        0  sys_exit.o(.text)
    .text                                    0x08000a78   Section        2  use_no_semi.o(.text)
    .text                                    0x08000a7a   Section        0  indicate_semi.o(.text)
    [Anonymous Symbol]                       0x08000a7c   Section        0  ecgpio.o(.text.GPIO_init)
    [Anonymous Symbol]                       0x08000b44   Section        0  ecgpio.o(.text.GPIO_mode)
    [Anonymous Symbol]                       0x08000b68   Section        0  ecgpio.o(.text.GPIO_ospeed)
    [Anonymous Symbol]                       0x08000b8c   Section        0  ectim.o(.text.ICAP_capture)
    [Anonymous Symbol]                       0x08000ba4   Section        0  ectim.o(.text.ICAP_init)
    [Anonymous Symbol]                       0x08000d08   Section        0  ectim.o(.text.ICAP_pinmap)
    [Anonymous Symbol]                       0x08000e20   Section        0  ecrcc.o(.text.RCC_GPIOA_enable)
    [Anonymous Symbol]                       0x08000e34   Section        0  ecrcc.o(.text.RCC_GPIOB_enable)
    [Anonymous Symbol]                       0x08000e48   Section        0  ecrcc.o(.text.RCC_GPIOC_enable)
    [Anonymous Symbol]                       0x08000e5c   Section        0  ecrcc.o(.text.RCC_GPIOD_enable)
    [Anonymous Symbol]                       0x08000e70   Section        0  ecrcc.o(.text.RCC_GPIOE_enable)
    [Anonymous Symbol]                       0x08000e84   Section        0  ecrcc.o(.text.RCC_GPIOH_enable)
    [Anonymous Symbol]                       0x08000e98   Section        0  ecrcc.o(.text.RCC_PLL_init)
    [Anonymous Symbol]                       0x08000f78   Section        0  ecsystick.o(.text.SysTick_Handler)
    [Anonymous Symbol]                       0x08000f80   Section        0  ecsystick.o(.text.SysTick_counter)
    [Anonymous Symbol]                       0x08000f90   Section        0  ecsystick.o(.text.SysTick_init)
    [Anonymous Symbol]                       0x08000fc8   Section        0  system_stm32f4xx.o(.text.SystemInit)
    [Anonymous Symbol]                       0x08000fdc   Section        0  tu_timer_inputcapture_student_2023.o(.text.TIM2_IRQHandler)
    [Anonymous Symbol]                       0x08001074   Section        0  ectim.o(.text.TIM_UI_enable)
    [Anonymous Symbol]                       0x08001080   Section        0  ectim.o(.text.TIM_UI_init)
    [Anonymous Symbol]                       0x08001138   Section        0  ectim.o(.text.TIM_init)
    [Anonymous Symbol]                       0x08001234   Section        0  ectim.o(.text.TIM_period_ms)
    [Anonymous Symbol]                       0x080012d4   Section        0  ecuart_simple.o(.text.UART2_init)
    [Anonymous Symbol]                       0x08001394   Section        0  ecuart_simple.o(.text.USART_write)
    __NVIC_EnableIRQ                         0x080013c1   Thumb Code    16  tu_timer_inputcapture_student_2023.o(.text.__NVIC_EnableIRQ)
    [Anonymous Symbol]                       0x080013c0   Section        0  tu_timer_inputcapture_student_2023.o(.text.__NVIC_EnableIRQ)
    __NVIC_EnableIRQ                         0x080013d1   Thumb Code    14  ecuart_simple.o(.text.__NVIC_EnableIRQ)
    [Anonymous Symbol]                       0x080013d0   Section        0  ecuart_simple.o(.text.__NVIC_EnableIRQ)
    __NVIC_EnableIRQ                         0x080013e1   Thumb Code    32  ectim.o(.text.__NVIC_EnableIRQ)
    [Anonymous Symbol]                       0x080013e0   Section        0  ectim.o(.text.__NVIC_EnableIRQ)
    __NVIC_SetPriority                       0x08001401   Thumb Code    14  tu_timer_inputcapture_student_2023.o(.text.__NVIC_SetPriority)
    [Anonymous Symbol]                       0x08001400   Section        0  tu_timer_inputcapture_student_2023.o(.text.__NVIC_SetPriority)
    __NVIC_SetPriority                       0x08001411   Thumb Code    14  ecsystick.o(.text.__NVIC_SetPriority)
    [Anonymous Symbol]                       0x08001410   Section        0  ecsystick.o(.text.__NVIC_SetPriority)
    __NVIC_SetPriority                       0x08001421   Thumb Code    14  ecuart_simple.o(.text.__NVIC_SetPriority)
    [Anonymous Symbol]                       0x08001420   Section        0  ecuart_simple.o(.text.__NVIC_SetPriority)
    __NVIC_SetPriority                       0x08001431   Thumb Code    16  ectim.o(.text.__NVIC_SetPriority)
    [Anonymous Symbol]                       0x08001430   Section        0  ectim.o(.text.__NVIC_SetPriority)
    [Anonymous Symbol]                       0x08001440   Section        0  ectim.o(.text.clear_CCIF)
    [Anonymous Symbol]                       0x08001450   Section        0  ectim.o(.text.clear_UIF)
    [Anonymous Symbol]                       0x0800145c   Section        0  ecsystick.o(.text.delay_ms)
    [Anonymous Symbol]                       0x08001478   Section        0  ecpinnames.o(.text.ecPinmap)
    [Anonymous Symbol]                       0x080014c8   Section        0  ecuart_simple.o(.text.fputc)
    [Anonymous Symbol]                       0x080014ec   Section        0  ectim.o(.text.is_CCIF)
    [Anonymous Symbol]                       0x080014f8   Section        0  ectim.o(.text.is_UIF)
    [Anonymous Symbol]                       0x08001500   Section        0  tu_timer_inputcapture_student_2023.o(.text.main)
    [Anonymous Symbol]                       0x0800153c   Section        0  tu_timer_inputcapture_student_2023.o(.text.setup)
    CL$$btod_d2e                             0x0800155a   Section       62  btod.o(CL$$btod_d2e)
    CL$$btod_d2e_denorm_low                  0x08001598   Section       70  btod.o(CL$$btod_d2e_denorm_low)
    CL$$btod_d2e_norm_op1                    0x080015de   Section       96  btod.o(CL$$btod_d2e_norm_op1)
    CL$$btod_div_common                      0x08001640   Section      824  btod.o(CL$$btod_div_common)
    CL$$btod_e2e                             0x08001978   Section      220  btod.o(CL$$btod_e2e)
    CL$$btod_ediv                            0x08001a54   Section       42  btod.o(CL$$btod_ediv)
    CL$$btod_emul                            0x08001a7e   Section       42  btod.o(CL$$btod_emul)
    CL$$btod_mult_common                     0x08001aa8   Section      580  btod.o(CL$$btod_mult_common)
    i.__ARM_fpclassify                       0x08001cec   Section        0  fpclassify.o(i.__ARM_fpclassify)
    locale$$code                             0x08001d1c   Section       44  lc_numeric_c.o(locale$$code)
    $v0                                      0x08001d48   Number         0  dretinf.o(x$fpl$dretinf)
    x$fpl$dretinf                            0x08001d48   Section       12  dretinf.o(x$fpl$dretinf)
    $v0                                      0x08001d54   Number         0  f2d.o(x$fpl$f2d)
    x$fpl$f2d                                0x08001d54   Section       86  f2d.o(x$fpl$f2d)
    $v0                                      0x08001daa   Number         0  fnaninf.o(x$fpl$fnaninf)
    x$fpl$fnaninf                            0x08001daa   Section      140  fnaninf.o(x$fpl$fnaninf)
    $v0                                      0x08001e36   Number         0  fpinit.o(x$fpl$fpinit)
    x$fpl$fpinit                             0x08001e36   Section       26  fpinit.o(x$fpl$fpinit)
    $v0                                      0x08001e50   Number         0  printf1.o(x$fpl$printf1)
    x$fpl$printf1                            0x08001e50   Section        4  printf1.o(x$fpl$printf1)
    tenpwrs_x                                0x08001e54   Data          60  bigflt0.o(.constdata)
    .constdata                               0x08001e54   Section      148  bigflt0.o(.constdata)
    x$fpl$usenofp                            0x08001e54   Section        0  usenofp.o(x$fpl$usenofp)
    tenpwrs_i                                0x08001e90   Data          64  bigflt0.o(.constdata)
    locale$$data                             0x08001f08   Section       28  lc_numeric_c.o(locale$$data)
    __lcnum_c_name                           0x08001f0c   Data           2  lc_numeric_c.o(locale$$data)
    __lcnum_c_start                          0x08001f14   Data           0  lc_numeric_c.o(locale$$data)
    __lcnum_c_point                          0x08001f20   Data           0  lc_numeric_c.o(locale$$data)
    __lcnum_c_thousands                      0x08001f22   Data           0  lc_numeric_c.o(locale$$data)
    __lcnum_c_grouping                       0x08001f23   Data           0  lc_numeric_c.o(locale$$data)
    __lcnum_c_end                            0x08001f24   Data           0  lc_numeric_c.o(locale$$data)
    .bss                                     0x20000008   Section       96  libspace.o(.bss)
    Heap_Mem                                 0x20000080   Data         512  startup_stm32f411xe.o(HEAP)
    HEAP                                     0x20000080   Section      512  startup_stm32f411xe.o(HEAP)
    Stack_Mem                                0x20000280   Data        1024  startup_stm32f411xe.o(STACK)
    STACK                                    0x20000280   Section     1024  startup_stm32f411xe.o(STACK)
    __initial_sp                             0x20000680   Data           0  startup_stm32f411xe.o(STACK)

    Global Symbols

    Symbol Name                              Value     Ov Type        Size  Object(Section)

    BuildAttributes$$THM_ISAv4$E$P$D$K$B$S$7EM$VFPi3$EXTD16$VFPS$VFMA$PE$A:L22UL41UL21$X:L11$S22US41US21$IEEE1$IW$~IW$USESV6$~STKCKD$USESV7$~SHL$OTIME$ROPI$IEEEJ$EBA8$UX$STANDARDLIB$REQ8$PRES8$EABIv2 0x00000000   Number         0  anon$$obj.o ABSOLUTE
    __ARM_exceptions_init                     - Undefined Weak Reference
    __alloca_initialize                       - Undefined Weak Reference
    __arm_preinit_                            - Undefined Weak Reference
    __cpp_initialize__aeabi_                  - Undefined Weak Reference
    __cxa_finalize                            - Undefined Weak Reference
    __sigvec_lookup                           - Undefined Weak Reference
    _atexit_init                              - Undefined Weak Reference
    _call_atexit_fns                          - Undefined Weak Reference
    _clock_init                               - Undefined Weak Reference
    _fp_trap_init                             - Undefined Weak Reference
    _fp_trap_shutdown                         - Undefined Weak Reference
    _get_lc_collate                           - Undefined Weak Reference
    _get_lc_ctype                             - Undefined Weak Reference
    _get_lc_monetary                          - Undefined Weak Reference
    _get_lc_time                              - Undefined Weak Reference
    _getenv_init                              - Undefined Weak Reference
    _handle_redirection                       - Undefined Weak Reference
    _init_alloc                               - Undefined Weak Reference
    _init_user_alloc                          - Undefined Weak Reference
    _initio                                   - Undefined Weak Reference
    _mutex_acquire                            - Undefined Weak Reference
    _mutex_release                            - Undefined Weak Reference
    _printf_post_padding                      - Undefined Weak Reference
    _printf_pre_padding                       - Undefined Weak Reference
    _rand_init                                - Undefined Weak Reference
    _signal_finish                            - Undefined Weak Reference
    _signal_init                              - Undefined Weak Reference
    _terminate_alloc                          - Undefined Weak Reference
    _terminate_user_alloc                     - Undefined Weak Reference
    _terminateio                              - Undefined Weak Reference
    __Vectors_Size                           0x00000198   Number         0  startup_stm32f411xe.o ABSOLUTE
    __Vectors                                0x08000000   Data           4  startup_stm32f411xe.o(RESET)
    __Vectors_End                            0x08000198   Data           0  startup_stm32f411xe.o(RESET)
    __main                                   0x08000199   Thumb Code     8  __main.o(!!!main)
    __scatterload                            0x080001a1   Thumb Code     0  __scatter.o(!!!scatter)
    __scatterload_rt2                        0x080001a1   Thumb Code    44  __scatter.o(!!!scatter)
    __scatterload_rt2_thumb_only             0x080001a1   Thumb Code     0  __scatter.o(!!!scatter)
    __scatterload_null                       0x080001af   Thumb Code     0  __scatter.o(!!!scatter)
    __scatterload_copy                       0x080001d5   Thumb Code    26  __scatter_copy.o(!!handler_copy)
    __scatterload_zeroinit                   0x080001f1   Thumb Code    28  __scatter_zi.o(!!handler_zi)
    _printf_f                                0x0800020d   Thumb Code     0  _printf_f.o(.ARM.Collect$$_printf_percent$$00000003)
    _printf_percent                          0x0800020d   Thumb Code     0  _printf_percent.o(.ARM.Collect$$_printf_percent$$00000000)
    _printf_percent_end                      0x08000213   Thumb Code     0  _printf_percent_end.o(.ARM.Collect$$_printf_percent$$00000017)
    __rt_lib_init                            0x08000217   Thumb Code     0  libinit.o(.ARM.Collect$$libinit$$00000000)
    __rt_lib_init_fp_1                       0x08000219   Thumb Code     0  libinit2.o(.ARM.Collect$$libinit$$00000001)
    __rt_lib_init_heap_1                     0x0800021d   Thumb Code     0  libinit2.o(.ARM.Collect$$libinit$$0000000A)
    __rt_lib_init_lc_common                  0x0800021d   Thumb Code     0  libinit2.o(.ARM.Collect$$libinit$$0000000F)
    __rt_lib_init_preinit_1                  0x0800021d   Thumb Code     0  libinit2.o(.ARM.Collect$$libinit$$00000004)
    __rt_lib_init_rand_1                     0x0800021d   Thumb Code     0  libinit2.o(.ARM.Collect$$libinit$$0000000E)
    __rt_lib_init_user_alloc_1               0x0800021d   Thumb Code     0  libinit2.o(.ARM.Collect$$libinit$$0000000C)
    __rt_lib_init_lc_collate_1               0x08000223   Thumb Code     0  libinit2.o(.ARM.Collect$$libinit$$00000011)
    __rt_lib_init_lc_ctype_1                 0x08000223   Thumb Code     0  libinit2.o(.ARM.Collect$$libinit$$00000013)
    __rt_lib_init_lc_monetary_1              0x08000223   Thumb Code     0  libinit2.o(.ARM.Collect$$libinit$$00000015)
    __rt_lib_init_lc_numeric_2               0x08000223   Thumb Code     0  libinit2.o(.ARM.Collect$$libinit$$00000016)
    __rt_lib_init_alloca_1                   0x0800022d   Thumb Code     0  libinit2.o(.ARM.Collect$$libinit$$0000002E)
    __rt_lib_init_argv_1                     0x0800022d   Thumb Code     0  libinit2.o(.ARM.Collect$$libinit$$0000002C)
    __rt_lib_init_atexit_1                   0x0800022d   Thumb Code     0  libinit2.o(.ARM.Collect$$libinit$$0000001B)
    __rt_lib_init_clock_1                    0x0800022d   Thumb Code     0  libinit2.o(.ARM.Collect$$libinit$$00000021)
    __rt_lib_init_cpp_1                      0x0800022d   Thumb Code     0  libinit2.o(.ARM.Collect$$libinit$$00000032)
    __rt_lib_init_exceptions_1               0x0800022d   Thumb Code     0  libinit2.o(.ARM.Collect$$libinit$$00000030)
    __rt_lib_init_fp_trap_1                  0x0800022d   Thumb Code     0  libinit2.o(.ARM.Collect$$libinit$$0000001F)
    __rt_lib_init_getenv_1                   0x0800022d   Thumb Code     0  libinit2.o(.ARM.Collect$$libinit$$00000023)
    __rt_lib_init_lc_numeric_1               0x0800022d   Thumb Code     0  libinit2.o(.ARM.Collect$$libinit$$00000017)
    __rt_lib_init_lc_time_1                  0x0800022d   Thumb Code     0  libinit2.o(.ARM.Collect$$libinit$$00000019)
    __rt_lib_init_return                     0x0800022d   Thumb Code     0  libinit2.o(.ARM.Collect$$libinit$$00000033)
    __rt_lib_init_signal_1                   0x0800022d   Thumb Code     0  libinit2.o(.ARM.Collect$$libinit$$0000001D)
    __rt_lib_init_stdio_1                    0x0800022d   Thumb Code     0  libinit2.o(.ARM.Collect$$libinit$$00000025)
    __rt_lib_shutdown                        0x0800022f   Thumb Code     0  libshutdown.o(.ARM.Collect$$libshutdown$$00000000)
    __rt_lib_shutdown_cpp_1                  0x08000231   Thumb Code     0  libshutdown2.o(.ARM.Collect$$libshutdown$$00000002)
    __rt_lib_shutdown_fp_trap_1              0x08000231   Thumb Code     0  libshutdown2.o(.ARM.Collect$$libshutdown$$00000007)
    __rt_lib_shutdown_heap_1                 0x08000231   Thumb Code     0  libshutdown2.o(.ARM.Collect$$libshutdown$$0000000F)
    __rt_lib_shutdown_return                 0x08000231   Thumb Code     0  libshutdown2.o(.ARM.Collect$$libshutdown$$00000010)
    __rt_lib_shutdown_signal_1               0x08000231   Thumb Code     0  libshutdown2.o(.ARM.Collect$$libshutdown$$0000000A)
    __rt_lib_shutdown_stdio_1                0x08000231   Thumb Code     0  libshutdown2.o(.ARM.Collect$$libshutdown$$00000004)
    __rt_lib_shutdown_user_alloc_1           0x08000231   Thumb Code     0  libshutdown2.o(.ARM.Collect$$libshutdown$$0000000C)
    __rt_entry                               0x08000233   Thumb Code     0  __rtentry.o(.ARM.Collect$$rtentry$$00000000)
    __rt_entry_presh_1                       0x08000233   Thumb Code     0  __rtentry2.o(.ARM.Collect$$rtentry$$00000002)
    __rt_entry_sh                            0x08000233   Thumb Code     0  __rtentry4.o(.ARM.Collect$$rtentry$$00000004)
    __rt_entry_li                            0x08000239   Thumb Code     0  __rtentry2.o(.ARM.Collect$$rtentry$$0000000A)
    __rt_entry_postsh_1                      0x08000239   Thumb Code     0  __rtentry2.o(.ARM.Collect$$rtentry$$00000009)
    __rt_entry_main                          0x0800023d   Thumb Code     0  __rtentry2.o(.ARM.Collect$$rtentry$$0000000D)
    __rt_entry_postli_1                      0x0800023d   Thumb Code     0  __rtentry2.o(.ARM.Collect$$rtentry$$0000000C)
    __rt_exit                                0x08000245   Thumb Code     0  rtexit.o(.ARM.Collect$$rtexit$$00000000)
    __rt_exit_ls                             0x08000247   Thumb Code     0  rtexit2.o(.ARM.Collect$$rtexit$$00000003)
    __rt_exit_prels_1                        0x08000247   Thumb Code     0  rtexit2.o(.ARM.Collect$$rtexit$$00000002)
    __rt_exit_exit                           0x0800024b   Thumb Code     0  rtexit2.o(.ARM.Collect$$rtexit$$00000004)
    Reset_Handler                            0x08000251   Thumb Code     8  startup_stm32f411xe.o(.text)
    NMI_Handler                              0x08000259   Thumb Code     2  startup_stm32f411xe.o(.text)
    HardFault_Handler                        0x0800025b   Thumb Code     2  startup_stm32f411xe.o(.text)
    MemManage_Handler                        0x0800025d   Thumb Code     2  startup_stm32f411xe.o(.text)
    BusFault_Handler                         0x0800025f   Thumb Code     2  startup_stm32f411xe.o(.text)
    UsageFault_Handler                       0x08000261   Thumb Code     2  startup_stm32f411xe.o(.text)
    SVC_Handler                              0x08000263   Thumb Code     2  startup_stm32f411xe.o(.text)
    DebugMon_Handler                         0x08000265   Thumb Code     2  startup_stm32f411xe.o(.text)
    PendSV_Handler                           0x08000267   Thumb Code     2  startup_stm32f411xe.o(.text)
    ADC_IRQHandler                           0x0800026b   Thumb Code     0  startup_stm32f411xe.o(.text)
    DMA1_Stream0_IRQHandler                  0x0800026b   Thumb Code     0  startup_stm32f411xe.o(.text)
    DMA1_Stream1_IRQHandler                  0x0800026b   Thumb Code     0  startup_stm32f411xe.o(.text)
    DMA1_Stream2_IRQHandler                  0x0800026b   Thumb Code     0  startup_stm32f411xe.o(.text)
    DMA1_Stream3_IRQHandler                  0x0800026b   Thumb Code     0  startup_stm32f411xe.o(.text)
    DMA1_Stream4_IRQHandler                  0x0800026b   Thumb Code     0  startup_stm32f411xe.o(.text)
    DMA1_Stream5_IRQHandler                  0x0800026b   Thumb Code     0  startup_stm32f411xe.o(.text)
    DMA1_Stream6_IRQHandler                  0x0800026b   Thumb Code     0  startup_stm32f411xe.o(.text)
    DMA1_Stream7_IRQHandler                  0x0800026b   Thumb Code     0  startup_stm32f411xe.o(.text)
    DMA2_Stream0_IRQHandler                  0x0800026b   Thumb Code     0  startup_stm32f411xe.o(.text)
    DMA2_Stream1_IRQHandler                  0x0800026b   Thumb Code     0  startup_stm32f411xe.o(.text)
    DMA2_Stream2_IRQHandler                  0x0800026b   Thumb Code     0  startup_stm32f411xe.o(.text)
    DMA2_Stream3_IRQHandler                  0x0800026b   Thumb Code     0  startup_stm32f411xe.o(.text)
    DMA2_Stream4_IRQHandler                  0x0800026b   Thumb Code     0  startup_stm32f411xe.o(.text)
    DMA2_Stream5_IRQHandler                  0x0800026b   Thumb Code     0  startup_stm32f411xe.o(.text)
    DMA2_Stream6_IRQHandler                  0x0800026b   Thumb Code     0  startup_stm32f411xe.o(.text)
    DMA2_Stream7_IRQHandler                  0x0800026b   Thumb Code     0  startup_stm32f411xe.o(.text)
    EXTI0_IRQHandler                         0x0800026b   Thumb Code     0  startup_stm32f411xe.o(.text)
    EXTI15_10_IRQHandler                     0x0800026b   Thumb Code     0  startup_stm32f411xe.o(.text)
    EXTI1_IRQHandler                         0x0800026b   Thumb Code     0  startup_stm32f411xe.o(.text)
    EXTI2_IRQHandler                         0x0800026b   Thumb Code     0  startup_stm32f411xe.o(.text)
    EXTI3_IRQHandler                         0x0800026b   Thumb Code     0  startup_stm32f411xe.o(.text)
    EXTI4_IRQHandler                         0x0800026b   Thumb Code     0  startup_stm32f411xe.o(.text)
    EXTI9_5_IRQHandler                       0x0800026b   Thumb Code     0  startup_stm32f411xe.o(.text)
    FLASH_IRQHandler                         0x0800026b   Thumb Code     0  startup_stm32f411xe.o(.text)
    FPU_IRQHandler                           0x0800026b   Thumb Code     0  startup_stm32f411xe.o(.text)
    I2C1_ER_IRQHandler                       0x0800026b   Thumb Code     0  startup_stm32f411xe.o(.text)
    I2C1_EV_IRQHandler                       0x0800026b   Thumb Code     0  startup_stm32f411xe.o(.text)
    I2C2_ER_IRQHandler                       0x0800026b   Thumb Code     0  startup_stm32f411xe.o(.text)
    I2C2_EV_IRQHandler                       0x0800026b   Thumb Code     0  startup_stm32f411xe.o(.text)
    I2C3_ER_IRQHandler                       0x0800026b   Thumb Code     0  startup_stm32f411xe.o(.text)
    I2C3_EV_IRQHandler                       0x0800026b   Thumb Code     0  startup_stm32f411xe.o(.text)
    OTG_FS_IRQHandler                        0x0800026b   Thumb Code     0  startup_stm32f411xe.o(.text)
    OTG_FS_WKUP_IRQHandler                   0x0800026b   Thumb Code     0  startup_stm32f411xe.o(.text)
    PVD_IRQHandler                           0x0800026b   Thumb Code     0  startup_stm32f411xe.o(.text)
    RCC_IRQHandler                           0x0800026b   Thumb Code     0  startup_stm32f411xe.o(.text)
    RTC_Alarm_IRQHandler                     0x0800026b   Thumb Code     0  startup_stm32f411xe.o(.text)
    RTC_WKUP_IRQHandler                      0x0800026b   Thumb Code     0  startup_stm32f411xe.o(.text)
    SDIO_IRQHandler                          0x0800026b   Thumb Code     0  startup_stm32f411xe.o(.text)
    SPI1_IRQHandler                          0x0800026b   Thumb Code     0  startup_stm32f411xe.o(.text)
    SPI2_IRQHandler                          0x0800026b   Thumb Code     0  startup_stm32f411xe.o(.text)
    SPI3_IRQHandler                          0x0800026b   Thumb Code     0  startup_stm32f411xe.o(.text)
    SPI4_IRQHandler                          0x0800026b   Thumb Code     0  startup_stm32f411xe.o(.text)
    SPI5_IRQHandler                          0x0800026b   Thumb Code     0  startup_stm32f411xe.o(.text)
    TAMP_STAMP_IRQHandler                    0x0800026b   Thumb Code     0  startup_stm32f411xe.o(.text)
    TIM1_BRK_TIM9_IRQHandler                 0x0800026b   Thumb Code     0  startup_stm32f411xe.o(.text)
    TIM1_CC_IRQHandler                       0x0800026b   Thumb Code     0  startup_stm32f411xe.o(.text)
    TIM1_TRG_COM_TIM11_IRQHandler            0x0800026b   Thumb Code     0  startup_stm32f411xe.o(.text)
    TIM1_UP_TIM10_IRQHandler                 0x0800026b   Thumb Code     0  startup_stm32f411xe.o(.text)
    TIM3_IRQHandler                          0x0800026b   Thumb Code     0  startup_stm32f411xe.o(.text)
    TIM4_IRQHandler                          0x0800026b   Thumb Code     0  startup_stm32f411xe.o(.text)
    TIM5_IRQHandler                          0x0800026b   Thumb Code     0  startup_stm32f411xe.o(.text)
    USART1_IRQHandler                        0x0800026b   Thumb Code     0  startup_stm32f411xe.o(.text)
    USART2_IRQHandler                        0x0800026b   Thumb Code     0  startup_stm32f411xe.o(.text)
    USART6_IRQHandler                        0x0800026b   Thumb Code     0  startup_stm32f411xe.o(.text)
    WWDG_IRQHandler                          0x0800026b   Thumb Code     0  startup_stm32f411xe.o(.text)
    __user_initial_stackheap                 0x0800026d   Thumb Code     0  startup_stm32f411xe.o(.text)
    __2printf                                0x08000291   Thumb Code    20  noretval__2printf.o(.text)
    __printf                                 0x080002a9   Thumb Code   104  __printf.o(.text)
    __use_two_region_memory                  0x08000311   Thumb Code     2  heapauxi.o(.text)
    __rt_heap_escrow$2region                 0x08000313   Thumb Code     2  heapauxi.o(.text)
    __rt_heap_expand$2region                 0x08000315   Thumb Code     2  heapauxi.o(.text)
    _printf_fp_dec_real                      0x080004c7   Thumb Code   620  _printf_fp_dec.o(.text)
    _printf_char_file                        0x08000735   Thumb Code    32  _printf_char_file.o(.text)
    __rt_locale                              0x08000759   Thumb Code     8  rt_locale_intlibspace.o(.text)
    _ll_udiv10                               0x08000761   Thumb Code   138  lludiv10.o(.text)
    _printf_char_common                      0x080007f7   Thumb Code    32  _printf_char_common.o(.text)
    _printf_fp_infnan                        0x0800081d   Thumb Code   112  _printf_fp_infnan.o(.text)
    _btod_etento                             0x0800089d   Thumb Code   224  bigflt0.o(.text)
    ferror                                   0x08000981   Thumb Code     8  ferror.o(.text)
    __user_libspace                          0x08000989   Thumb Code     8  libspace.o(.text)
    __user_perproc_libspace                  0x08000989   Thumb Code     0  libspace.o(.text)
    __user_perthread_libspace                0x08000989   Thumb Code     0  libspace.o(.text)
    __user_setup_stackheap                   0x08000991   Thumb Code    74  sys_stackheap_outer.o(.text)
    exit                                     0x080009db   Thumb Code    18  exit.o(.text)
    strcmp                                   0x080009f1   Thumb Code   124  strcmpv7em.o(.text)
    _sys_exit                                0x08000a6d   Thumb Code     8  sys_exit.o(.text)
    __I$use$semihosting                      0x08000a79   Thumb Code     0  use_no_semi.o(.text)
    __use_no_semihosting_swi                 0x08000a79   Thumb Code     2  use_no_semi.o(.text)
    __semihosting_library_function           0x08000a7b   Thumb Code     0  indicate_semi.o(.text)
    GPIO_init                                0x08000a7d   Thumb Code   200  ecgpio.o(.text.GPIO_init)
    GPIO_mode                                0x08000b45   Thumb Code    34  ecgpio.o(.text.GPIO_mode)
    GPIO_ospeed                              0x08000b69   Thumb Code    34  ecgpio.o(.text.GPIO_ospeed)
    ICAP_capture                             0x08000b8d   Thumb Code    22  ectim.o(.text.ICAP_capture)
    ICAP_init                                0x08000ba5   Thumb Code   354  ectim.o(.text.ICAP_init)
    ICAP_pinmap                              0x08000d09   Thumb Code   280  ectim.o(.text.ICAP_pinmap)
    RCC_GPIOA_enable                         0x08000e21   Thumb Code    18  ecrcc.o(.text.RCC_GPIOA_enable)
    RCC_GPIOB_enable                         0x08000e35   Thumb Code    18  ecrcc.o(.text.RCC_GPIOB_enable)
    RCC_GPIOC_enable                         0x08000e49   Thumb Code    18  ecrcc.o(.text.RCC_GPIOC_enable)
    RCC_GPIOD_enable                         0x08000e5d   Thumb Code    18  ecrcc.o(.text.RCC_GPIOD_enable)
    RCC_GPIOE_enable                         0x08000e71   Thumb Code    18  ecrcc.o(.text.RCC_GPIOE_enable)
    RCC_GPIOH_enable                         0x08000e85   Thumb Code    18  ecrcc.o(.text.RCC_GPIOH_enable)
    RCC_PLL_init                             0x08000e99   Thumb Code   222  ecrcc.o(.text.RCC_PLL_init)
    SysTick_Handler                          0x08000f79   Thumb Code     8  ecsystick.o(.text.SysTick_Handler)
    SysTick_counter                          0x08000f81   Thumb Code    16  ecsystick.o(.text.SysTick_counter)
    SysTick_init                             0x08000f91   Thumb Code    56  ecsystick.o(.text.SysTick_init)
    SystemInit                               0x08000fc9   Thumb Code    18  system_stm32f4xx.o(.text.SystemInit)
    TIM2_IRQHandler                          0x08000fdd   Thumb Code   150  tu_timer_inputcapture_student_2023.o(.text.TIM2_IRQHandler)
    TIM_UI_enable                            0x08001075   Thumb Code    10  ectim.o(.text.TIM_UI_enable)
    TIM_UI_init                              0x08001081   Thumb Code   182  ectim.o(.text.TIM_UI_init)
    TIM_init                                 0x08001139   Thumb Code   252  ectim.o(.text.TIM_init)
    TIM_period_ms                            0x08001235   Thumb Code   160  ectim.o(.text.TIM_period_ms)
    UART2_init                               0x080012d5   Thumb Code   192  ecuart_simple.o(.text.UART2_init)
    USART_write                              0x08001395   Thumb Code    44  ecuart_simple.o(.text.USART_write)
    clear_CCIF                               0x08001441   Thumb Code    16  ectim.o(.text.clear_CCIF)
    clear_UIF                                0x08001451   Thumb Code    10  ectim.o(.text.clear_UIF)
    delay_ms                                 0x0800145d   Thumb Code    26  ecsystick.o(.text.delay_ms)
    ecPinmap                                 0x08001479   Thumb Code    78  ecpinnames.o(.text.ecPinmap)
    fputc                                    0x080014c9   Thumb Code    34  ecuart_simple.o(.text.fputc)
    is_CCIF                                  0x080014ed   Thumb Code    10  ectim.o(.text.is_CCIF)
    is_UIF                                   0x080014f9   Thumb Code     8  ectim.o(.text.is_UIF)
    main                                     0x08001501   Thumb Code    40  tu_timer_inputcapture_student_2023.o(.text.main)
    setup                                    0x0800153d   Thumb Code    30  tu_timer_inputcapture_student_2023.o(.text.setup)
    _btod_d2e                                0x0800155b   Thumb Code    62  btod.o(CL$$btod_d2e)
    _d2e_denorm_low                          0x08001599   Thumb Code    70  btod.o(CL$$btod_d2e_denorm_low)
    _d2e_norm_op1                            0x080015df   Thumb Code    96  btod.o(CL$$btod_d2e_norm_op1)
    __btod_div_common                        0x08001641   Thumb Code   696  btod.o(CL$$btod_div_common)
    _e2e                                     0x08001979   Thumb Code   220  btod.o(CL$$btod_e2e)
    _btod_ediv                               0x08001a55   Thumb Code    42  btod.o(CL$$btod_ediv)
    _btod_emul                               0x08001a7f   Thumb Code    42  btod.o(CL$$btod_emul)
    __btod_mult_common                       0x08001aa9   Thumb Code   580  btod.o(CL$$btod_mult_common)
    __ARM_fpclassify                         0x08001ced   Thumb Code    48  fpclassify.o(i.__ARM_fpclassify)
    _get_lc_numeric                          0x08001d1d   Thumb Code    44  lc_numeric_c.o(locale$$code)
    __fpl_dretinf                            0x08001d49   Thumb Code    12  dretinf.o(x$fpl$dretinf)
    __aeabi_f2d                              0x08001d55   Thumb Code     0  f2d.o(x$fpl$f2d)
    _f2d                                     0x08001d55   Thumb Code    86  f2d.o(x$fpl$f2d)
    __fpl_fnaninf                            0x08001dab   Thumb Code   140  fnaninf.o(x$fpl$fnaninf)
    _fp_init                                 0x08001e37   Thumb Code    26  fpinit.o(x$fpl$fpinit)
    __fplib_config_fpu_vfp                   0x08001e4f   Thumb Code     0  fpinit.o(x$fpl$fpinit)
    __fplib_config_pureend_doubles           0x08001e4f   Thumb Code     0  fpinit.o(x$fpl$fpinit)
    _printf_fp_dec                           0x08001e51   Thumb Code     4  printf1.o(x$fpl$printf1)
    __I$use$fp                               0x08001e54   Number         0  usenofp.o(x$fpl$usenofp)
    Region$$Table$$Base                      0x08001ee8   Number         0  anon$$obj.o(Region$$Table)
    Region$$Table$$Limit                     0x08001f08   Number         0  anon$$obj.o(Region$$Table)
    EC_SYSCLK                                0x20000000   Data           4  ecrcc.o(.data.EC_SYSCLK)
    __libspace_start                         0x20000008   Data          96  libspace.o(.bss)
    __stdout                                 0x20000068   Data           4  ecuart_simple.o(.bss.__stdout)
    __temporary_stack_top$libspace           0x20000068   Data           0  libspace.o(.bss)
    ccr1                                     0x2000006c   Data           4  tu_timer_inputcapture_student_2023.o(.bss.ccr1)
    ccr2                                     0x20000070   Data           4  tu_timer_inputcapture_student_2023.o(.bss.ccr2)
    msTicks                                  0x20000074   Data           4  ecsystick.o(.bss.msTicks)
    ovf_cnt                                  0x20000078   Data           4  tu_timer_inputcapture_student_2023.o(.bss.ovf_cnt)
    period                                   0x2000007c   Data           4  tu_timer_inputcapture_student_2023.o(.bss.period)



==============================================================================

Memory Map of the image

  Image Entry point : 0x08000199

  Load Region LR_IROM1 (Base: 0x08000000, Size: 0x00001f30, Max: 0x00080000, ABSOLUTE)

    Execution Region ER_IROM1 (Exec base: 0x08000000, Load base: 0x08000000, Size: 0x00001f24, Max: 0x00080000, ABSOLUTE)

    Exec Addr    Load Addr    Size         Type   Attr      Idx    E Section Name        Object

    0x08000000   0x08000000   0x00000198   Data   RO          233    RESET               startup_stm32f411xe.o
    0x08000198   0x08000198   0x00000008   Code   RO          287  * !!!main             c_w.l(__main.o)
    0x080001a0   0x080001a0   0x00000034   Code   RO          523    !!!scatter          c_w.l(__scatter.o)
    0x080001d4   0x080001d4   0x0000001a   Code   RO          525    !!handler_copy      c_w.l(__scatter_copy.o)
    0x080001ee   0x080001ee   0x00000002   PAD
    0x080001f0   0x080001f0   0x0000001c   Code   RO          527    !!handler_zi        c_w.l(__scatter_zi.o)
    0x0800020c   0x0800020c   0x00000000   Code   RO          284    .ARM.Collect$$_printf_percent$$00000000  c_w.l(_printf_percent.o)
    0x0800020c   0x0800020c   0x00000006   Code   RO          283    .ARM.Collect$$_printf_percent$$00000003  c_w.l(_printf_f.o)
    0x08000212   0x08000212   0x00000004   Code   RO          300    .ARM.Collect$$_printf_percent$$00000017  c_w.l(_printf_percent_end.o)
    0x08000216   0x08000216   0x00000002   Code   RO          388    .ARM.Collect$$libinit$$00000000  c_w.l(libinit.o)
    0x08000218   0x08000218   0x00000004   Code   RO          389    .ARM.Collect$$libinit$$00000001  c_w.l(libinit2.o)
    0x0800021c   0x0800021c   0x00000000   Code   RO          392    .ARM.Collect$$libinit$$00000004  c_w.l(libinit2.o)
    0x0800021c   0x0800021c   0x00000000   Code   RO          395    .ARM.Collect$$libinit$$0000000A  c_w.l(libinit2.o)
    0x0800021c   0x0800021c   0x00000000   Code   RO          397    .ARM.Collect$$libinit$$0000000C  c_w.l(libinit2.o)
    0x0800021c   0x0800021c   0x00000000   Code   RO          399    .ARM.Collect$$libinit$$0000000E  c_w.l(libinit2.o)
    0x0800021c   0x0800021c   0x00000006   Code   RO          400    .ARM.Collect$$libinit$$0000000F  c_w.l(libinit2.o)
    0x08000222   0x08000222   0x00000000   Code   RO          402    .ARM.Collect$$libinit$$00000011  c_w.l(libinit2.o)
    0x08000222   0x08000222   0x00000000   Code   RO          404    .ARM.Collect$$libinit$$00000013  c_w.l(libinit2.o)
    0x08000222   0x08000222   0x00000000   Code   RO          406    .ARM.Collect$$libinit$$00000015  c_w.l(libinit2.o)
    0x08000222   0x08000222   0x0000000a   Code   RO          407    .ARM.Collect$$libinit$$00000016  c_w.l(libinit2.o)
    0x0800022c   0x0800022c   0x00000000   Code   RO          408    .ARM.Collect$$libinit$$00000017  c_w.l(libinit2.o)
    0x0800022c   0x0800022c   0x00000000   Code   RO          410    .ARM.Collect$$libinit$$00000019  c_w.l(libinit2.o)
    0x0800022c   0x0800022c   0x00000000   Code   RO          412    .ARM.Collect$$libinit$$0000001B  c_w.l(libinit2.o)
    0x0800022c   0x0800022c   0x00000000   Code   RO          414    .ARM.Collect$$libinit$$0000001D  c_w.l(libinit2.o)
    0x0800022c   0x0800022c   0x00000000   Code   RO          416    .ARM.Collect$$libinit$$0000001F  c_w.l(libinit2.o)
    0x0800022c   0x0800022c   0x00000000   Code   RO          418    .ARM.Collect$$libinit$$00000021  c_w.l(libinit2.o)
    0x0800022c   0x0800022c   0x00000000   Code   RO          420    .ARM.Collect$$libinit$$00000023  c_w.l(libinit2.o)
    0x0800022c   0x0800022c   0x00000000   Code   RO          422    .ARM.Collect$$libinit$$00000025  c_w.l(libinit2.o)
    0x0800022c   0x0800022c   0x00000000   Code   RO          426    .ARM.Collect$$libinit$$0000002C  c_w.l(libinit2.o)
    0x0800022c   0x0800022c   0x00000000   Code   RO          428    .ARM.Collect$$libinit$$0000002E  c_w.l(libinit2.o)
    0x0800022c   0x0800022c   0x00000000   Code   RO          430    .ARM.Collect$$libinit$$00000030  c_w.l(libinit2.o)
    0x0800022c   0x0800022c   0x00000000   Code   RO          432    .ARM.Collect$$libinit$$00000032  c_w.l(libinit2.o)
    0x0800022c   0x0800022c   0x00000002   Code   RO          433    .ARM.Collect$$libinit$$00000033  c_w.l(libinit2.o)
    0x0800022e   0x0800022e   0x00000002   Code   RO          469    .ARM.Collect$$libshutdown$$00000000  c_w.l(libshutdown.o)
    0x08000230   0x08000230   0x00000000   Code   RO          480    .ARM.Collect$$libshutdown$$00000002  c_w.l(libshutdown2.o)
    0x08000230   0x08000230   0x00000000   Code   RO          482    .ARM.Collect$$libshutdown$$00000004  c_w.l(libshutdown2.o)
    0x08000230   0x08000230   0x00000000   Code   RO          485    .ARM.Collect$$libshutdown$$00000007  c_w.l(libshutdown2.o)
    0x08000230   0x08000230   0x00000000   Code   RO          488    .ARM.Collect$$libshutdown$$0000000A  c_w.l(libshutdown2.o)
    0x08000230   0x08000230   0x00000000   Code   RO          490    .ARM.Collect$$libshutdown$$0000000C  c_w.l(libshutdown2.o)
    0x08000230   0x08000230   0x00000000   Code   RO          493    .ARM.Collect$$libshutdown$$0000000F  c_w.l(libshutdown2.o)
    0x08000230   0x08000230   0x00000002   Code   RO          494    .ARM.Collect$$libshutdown$$00000010  c_w.l(libshutdown2.o)
    0x08000232   0x08000232   0x00000000   Code   RO          293    .ARM.Collect$$rtentry$$00000000  c_w.l(__rtentry.o)
    0x08000232   0x08000232   0x00000000   Code   RO          307    .ARM.Collect$$rtentry$$00000002  c_w.l(__rtentry2.o)
    0x08000232   0x08000232   0x00000006   Code   RO          319    .ARM.Collect$$rtentry$$00000004  c_w.l(__rtentry4.o)
    0x08000238   0x08000238   0x00000000   Code   RO          309    .ARM.Collect$$rtentry$$00000009  c_w.l(__rtentry2.o)
    0x08000238   0x08000238   0x00000004   Code   RO          310    .ARM.Collect$$rtentry$$0000000A  c_w.l(__rtentry2.o)
    0x0800023c   0x0800023c   0x00000000   Code   RO          312    .ARM.Collect$$rtentry$$0000000C  c_w.l(__rtentry2.o)
    0x0800023c   0x0800023c   0x00000008   Code   RO          313    .ARM.Collect$$rtentry$$0000000D  c_w.l(__rtentry2.o)
    0x08000244   0x08000244   0x00000002   Code   RO          434    .ARM.Collect$$rtexit$$00000000  c_w.l(rtexit.o)
    0x08000246   0x08000246   0x00000000   Code   RO          443    .ARM.Collect$$rtexit$$00000002  c_w.l(rtexit2.o)
    0x08000246   0x08000246   0x00000004   Code   RO          444    .ARM.Collect$$rtexit$$00000003  c_w.l(rtexit2.o)
    0x0800024a   0x0800024a   0x00000006   Code   RO          445    .ARM.Collect$$rtexit$$00000004  c_w.l(rtexit2.o)
    0x08000250   0x08000250   0x00000040   Code   RO          234    .text               startup_stm32f411xe.o
    0x08000290   0x08000290   0x00000018   Code   RO          259    .text               c_w.l(noretval__2printf.o)
    0x080002a8   0x080002a8   0x00000068   Code   RO          261    .text               c_w.l(__printf.o)
    0x08000310   0x08000310   0x00000006   Code   RO          285    .text               c_w.l(heapauxi.o)
    0x08000316   0x08000316   0x0000041c   Code   RO          294    .text               c_w.l(_printf_fp_dec.o)
    0x08000732   0x08000732   0x00000002   PAD
    0x08000734   0x08000734   0x00000024   Code   RO          298    .text               c_w.l(_printf_char_file.o)
    0x08000758   0x08000758   0x00000008   Code   RO          324    .text               c_w.l(rt_locale_intlibspace.o)
    0x08000760   0x08000760   0x0000008a   Code   RO          326    .text               c_w.l(lludiv10.o)
    0x080007ea   0x080007ea   0x00000002   PAD
    0x080007ec   0x080007ec   0x00000030   Code   RO          328    .text               c_w.l(_printf_char_common.o)
    0x0800081c   0x0800081c   0x00000080   Code   RO          330    .text               c_w.l(_printf_fp_infnan.o)
    0x0800089c   0x0800089c   0x000000e4   Code   RO          332    .text               c_w.l(bigflt0.o)
    0x08000980   0x08000980   0x00000008   Code   RO          359    .text               c_w.l(ferror.o)
    0x08000988   0x08000988   0x00000008   Code   RO          370    .text               c_w.l(libspace.o)
    0x08000990   0x08000990   0x0000004a   Code   RO          373    .text               c_w.l(sys_stackheap_outer.o)
    0x080009da   0x080009da   0x00000012   Code   RO          379    .text               c_w.l(exit.o)
    0x080009ec   0x080009ec   0x00000004   PAD
    0x080009f0   0x080009f0   0x0000007c   Code   RO          381    .text               c_w.l(strcmpv7em.o)
    0x08000a6c   0x08000a6c   0x0000000c   Code   RO          455    .text               c_w.l(sys_exit.o)
    0x08000a78   0x08000a78   0x00000002   Code   RO          470    .text               c_w.l(use_no_semi.o)
    0x08000a7a   0x08000a7a   0x00000000   Code   RO          472    .text               c_w.l(indicate_semi.o)
    0x08000a7a   0x08000a7a   0x00000002   PAD
    0x08000a7c   0x08000a7c   0x000000c8   Code   RO           46    .text.GPIO_init     ecgpio.o
    0x08000b44   0x08000b44   0x00000022   Code   RO           48    .text.GPIO_mode     ecgpio.o
    0x08000b66   0x08000b66   0x00000002   PAD
    0x08000b68   0x08000b68   0x00000022   Code   RO           50    .text.GPIO_ospeed   ecgpio.o
    0x08000b8a   0x08000b8a   0x00000002   PAD
    0x08000b8c   0x08000b8c   0x00000016   Code   RO          222    .text.ICAP_capture  ectim.o
    0x08000ba2   0x08000ba2   0x00000002   PAD
    0x08000ba4   0x08000ba4   0x00000162   Code   RO          210    .text.ICAP_init     ectim.o
    0x08000d06   0x08000d06   0x00000002   PAD
    0x08000d08   0x08000d08   0x00000118   Code   RO          212    .text.ICAP_pinmap   ectim.o
    0x08000e20   0x08000e20   0x00000012   Code   RO           86    .text.RCC_GPIOA_enable  ecrcc.o
    0x08000e32   0x08000e32   0x00000002   PAD
    0x08000e34   0x08000e34   0x00000012   Code   RO           88    .text.RCC_GPIOB_enable  ecrcc.o
    0x08000e46   0x08000e46   0x00000002   PAD
    0x08000e48   0x08000e48   0x00000012   Code   RO           90    .text.RCC_GPIOC_enable  ecrcc.o
    0x08000e5a   0x08000e5a   0x00000002   PAD
    0x08000e5c   0x08000e5c   0x00000012   Code   RO           92    .text.RCC_GPIOD_enable  ecrcc.o
    0x08000e6e   0x08000e6e   0x00000002   PAD
    0x08000e70   0x08000e70   0x00000012   Code   RO           94    .text.RCC_GPIOE_enable  ecrcc.o
    0x08000e82   0x08000e82   0x00000002   PAD
    0x08000e84   0x08000e84   0x00000012   Code   RO           96    .text.RCC_GPIOH_enable  ecrcc.o
    0x08000e96   0x08000e96   0x00000002   PAD
    0x08000e98   0x08000e98   0x000000de   Code   RO           84    .text.RCC_PLL_init  ecrcc.o
    0x08000f76   0x08000f76   0x00000002   PAD
    0x08000f78   0x08000f78   0x00000008   Code   RO          110    .text.SysTick_Handler  ecsystick.o
    0x08000f80   0x08000f80   0x00000010   Code   RO          112    .text.SysTick_counter  ecsystick.o
    0x08000f90   0x08000f90   0x00000038   Code   RO          106    .text.SysTick_init  ecsystick.o
    0x08000fc8   0x08000fc8   0x00000012   Code   RO          241    .text.SystemInit    system_stm32f4xx.o
    0x08000fda   0x08000fda   0x00000002   PAD
    0x08000fdc   0x08000fdc   0x00000096   Code   RO           10    .text.TIM2_IRQHandler  tu_timer_inputcapture_student_2023.o
    0x08001072   0x08001072   0x00000002   PAD
    0x08001074   0x08001074   0x0000000a   Code   RO          198    .text.TIM_UI_enable  ectim.o
    0x0800107e   0x0800107e   0x00000002   PAD
    0x08001080   0x08001080   0x000000b6   Code   RO          196    .text.TIM_UI_init   ectim.o
    0x08001136   0x08001136   0x00000002   PAD
    0x08001138   0x08001138   0x000000fc   Code   RO          190    .text.TIM_init      ectim.o
    0x08001234   0x08001234   0x000000a0   Code   RO          192    .text.TIM_period_ms  ectim.o
    0x080012d4   0x080012d4   0x000000c0   Code   RO          172    .text.UART2_init    ecuart_simple.o
    0x08001394   0x08001394   0x0000002c   Code   RO          170    .text.USART_write   ecuart_simple.o
    0x080013c0   0x080013c0   0x00000010   Code   RO            8    .text.__NVIC_EnableIRQ  tu_timer_inputcapture_student_2023.o
    0x080013d0   0x080013d0   0x0000000e   Code   RO          176    .text.__NVIC_EnableIRQ  ecuart_simple.o
    0x080013de   0x080013de   0x00000002   PAD
    0x080013e0   0x080013e0   0x00000020   Code   RO          200    .text.__NVIC_EnableIRQ  ectim.o
    0x08001400   0x08001400   0x0000000e   Code   RO            6    .text.__NVIC_SetPriority  tu_timer_inputcapture_student_2023.o
    0x0800140e   0x0800140e   0x00000002   PAD
    0x08001410   0x08001410   0x0000000e   Code   RO          108    .text.__NVIC_SetPriority  ecsystick.o
    0x0800141e   0x0800141e   0x00000002   PAD
    0x08001420   0x08001420   0x0000000e   Code   RO          174    .text.__NVIC_SetPriority  ecuart_simple.o
    0x0800142e   0x0800142e   0x00000002   PAD
    0x08001430   0x08001430   0x00000010   Code   RO          202    .text.__NVIC_SetPriority  ectim.o
    0x08001440   0x08001440   0x00000010   Code   RO          220    .text.clear_CCIF    ectim.o
    0x08001450   0x08001450   0x0000000a   Code   RO          208    .text.clear_UIF     ectim.o
    0x0800145a   0x0800145a   0x00000002   PAD
    0x0800145c   0x0800145c   0x0000001a   Code   RO          114    .text.delay_ms      ecsystick.o
    0x08001476   0x08001476   0x00000002   PAD
    0x08001478   0x08001478   0x0000004e   Code   RO          159    .text.ecPinmap      ecpinnames.o
    0x080014c6   0x080014c6   0x00000002   PAD
    0x080014c8   0x080014c8   0x00000022   Code   RO          168    .text.fputc         ecuart_simple.o
    0x080014ea   0x080014ea   0x00000002   PAD
    0x080014ec   0x080014ec   0x0000000a   Code   RO          218    .text.is_CCIF       ectim.o
    0x080014f6   0x080014f6   0x00000002   PAD
    0x080014f8   0x080014f8   0x00000008   Code   RO          206    .text.is_UIF        ectim.o
    0x08001500   0x08001500   0x0000003c   Code   RO            2    .text.main          tu_timer_inputcapture_student_2023.o
    0x0800153c   0x0800153c   0x0000001e   Code   RO            4    .text.setup         tu_timer_inputcapture_student_2023.o
    0x0800155a   0x0800155a   0x0000003e   Code   RO          335    CL$$btod_d2e        c_w.l(btod.o)
    0x08001598   0x08001598   0x00000046   Code   RO          337    CL$$btod_d2e_denorm_low  c_w.l(btod.o)
    0x080015de   0x080015de   0x00000060   Code   RO          336    CL$$btod_d2e_norm_op1  c_w.l(btod.o)
    0x0800163e   0x0800163e   0x00000002   PAD
    0x08001640   0x08001640   0x00000338   Code   RO          345    CL$$btod_div_common  c_w.l(btod.o)
    0x08001978   0x08001978   0x000000dc   Code   RO          342    CL$$btod_e2e        c_w.l(btod.o)
    0x08001a54   0x08001a54   0x0000002a   Code   RO          339    CL$$btod_ediv       c_w.l(btod.o)
    0x08001a7e   0x08001a7e   0x0000002a   Code   RO          338    CL$$btod_emul       c_w.l(btod.o)
    0x08001aa8   0x08001aa8   0x00000244   Code   RO          344    CL$$btod_mult_common  c_w.l(btod.o)
    0x08001cec   0x08001cec   0x00000030   Code   RO          368    i.__ARM_fpclassify  m_wm.l(fpclassify.o)
    0x08001d1c   0x08001d1c   0x0000002c   Code   RO          364    locale$$code        c_w.l(lc_numeric_c.o)
    0x08001d48   0x08001d48   0x0000000c   Code   RO          301    x$fpl$dretinf       fz_wm.l(dretinf.o)
    0x08001d54   0x08001d54   0x00000056   Code   RO          289    x$fpl$f2d           fz_wm.l(f2d.o)
    0x08001daa   0x08001daa   0x0000008c   Code   RO          303    x$fpl$fnaninf       fz_wm.l(fnaninf.o)
    0x08001e36   0x08001e36   0x0000001a   Code   RO          440    x$fpl$fpinit        fz_wm.l(fpinit.o)
    0x08001e50   0x08001e50   0x00000004   Code   RO          291    x$fpl$printf1       fz_wm.l(printf1.o)
    0x08001e54   0x08001e54   0x00000000   Code   RO          305    x$fpl$usenofp       fz_wm.l(usenofp.o)
    0x08001e54   0x08001e54   0x00000094   Data   RO          333    .constdata          c_w.l(bigflt0.o)
    0x08001ee8   0x08001ee8   0x00000020   Data   RO          522    Region$$Table       anon$$obj.o
    0x08001f08   0x08001f08   0x0000001c   Data   RO          363    locale$$data        c_w.l(lc_numeric_c.o)


    Execution Region RW_IRAM1 (Exec base: 0x20000000, Load base: 0x08001f28, Size: 0x00000680, Max: 0x00020000, ABSOLUTE)

    Exec Addr    Load Addr    Size         Type   Attr      Idx    E Section Name        Object

    0x20000000   0x08001f28   0x00000004   Data   RW           98    .data.EC_SYSCLK     ecrcc.o
    0x20000004   0x08001f2c   0x00000004   PAD
    0x20000008        -       0x00000060   Zero   RW          371    .bss                c_w.l(libspace.o)
    0x20000068        -       0x00000004   Zero   RW          180    .bss.__stdout       ecuart_simple.o
    0x2000006c        -       0x00000004   Zero   RW           13    .bss.ccr1           tu_timer_inputcapture_student_2023.o
    0x20000070        -       0x00000004   Zero   RW           14    .bss.ccr2           tu_timer_inputcapture_student_2023.o
    0x20000074        -       0x00000004   Zero   RW          124    .bss.msTicks        ecsystick.o
    0x20000078        -       0x00000004   Zero   RW           12    .bss.ovf_cnt        tu_timer_inputcapture_student_2023.o
    0x2000007c        -       0x00000004   Zero   RW           15    .bss.period         tu_timer_inputcapture_student_2023.o
    0x20000080        -       0x00000200   Zero   RW          232    HEAP                startup_stm32f411xe.o
    0x20000280        -       0x00000400   Zero   RW          231    STACK               startup_stm32f411xe.o


==============================================================================

Image component sizes


      Code (inc. data)   RO Data    RW Data    ZI Data      Debug   Object Name

       268         22          0          0          0       3941   ecgpio.o
        78          8          0          0          0       2121   ecpinnames.o
       330          0          0          4          0       2375   ecrcc.o
       120          0          0          0          4       4322   ecsystick.o
      1352         28          0          0          0      11484   ectim.o
       298          0          0          0          4       5786   ecuart_simple.o
        64         26        408          0       1536        896   startup_stm32f411xe.o
        18          0          0          0          0       2834   system_stm32f4xx.o
       270         20          0          0         16       5130   tu_timer_inputcapture_student_2023.o

    ----------------------------------------------------------------------
      2846        104        440          4       1564      38889   Object Totals
         0          0         32          0          0          0   (incl. Generated)
        48          0          0          0          4          0   (incl. Padding)

    ----------------------------------------------------------------------

      Code (inc. data)   RO Data    RW Data    ZI Data      Debug   Library Member Name

         8          0          0          0          0         68   __main.o
       104          0          0          0          0         84   __printf.o
         0          0          0          0          0          0   __rtentry.o
        12          0          0          0          0          0   __rtentry2.o
         6          0          0          0          0          0   __rtentry4.o
        52          8          0          0          0          0   __scatter.o
        26          0          0          0          0          0   __scatter_copy.o
        28          0          0          0          0          0   __scatter_zi.o
        48          6          0          0          0         96   _printf_char_common.o
        36          4          0          0          0         80   _printf_char_file.o
         6          0          0          0          0          0   _printf_f.o
      1052          0          0          0          0        148   _printf_fp_dec.o
       128         16          0          0          0         84   _printf_fp_infnan.o
         0          0          0          0          0          0   _printf_percent.o
         4          0          0          0          0          0   _printf_percent_end.o
       228          4        148          0          0         96   bigflt0.o
      1936        128          0          0          0        668   btod.o
        18          0          0          0          0         80   exit.o
         8          0          0          0          0         68   ferror.o
         6          0          0          0          0        152   heapauxi.o
         0          0          0          0          0          0   indicate_semi.o
        44         10         28          0          0         76   lc_numeric_c.o
         2          0          0          0          0          0   libinit.o
        22          0          0          0          0          0   libinit2.o
         2          0          0          0          0          0   libshutdown.o
         2          0          0          0          0          0   libshutdown2.o
         8          4          0          0         96         68   libspace.o
       138          0          0          0          0         80   lludiv10.o
        24          4          0          0          0         84   noretval__2printf.o
         8          4          0          0          0         68   rt_locale_intlibspace.o
         2          0          0          0          0          0   rtexit.o
        10          0          0          0          0          0   rtexit2.o
       124          0          0          0          0         88   strcmpv7em.o
        12          4          0          0          0         68   sys_exit.o
        74          0          0          0          0         80   sys_stackheap_outer.o
         2          0          0          0          0         68   use_no_semi.o
        12          0          0          0          0        116   dretinf.o
        86          4          0          0          0        132   f2d.o
       140          4          0          0          0        132   fnaninf.o
        26          0          0          0          0        116   fpinit.o
         4          0          0          0          0        116   printf1.o
         0          0          0          0          0          0   usenofp.o
        48          0          0          0          0        124   fpclassify.o

    ----------------------------------------------------------------------
      4510        200        176          0         96       3040   Library Totals
        14          0          0          0          0          0   (incl. Padding)

    ----------------------------------------------------------------------

      Code (inc. data)   RO Data    RW Data    ZI Data      Debug   Library Name

      4180        192        176          0         96       2304   c_w.l
       268          8          0          0          0        612   fz_wm.l
        48          0          0          0          0        124   m_wm.l

    ----------------------------------------------------------------------
      4510        200        176          0         96       3040   Library Totals

    ----------------------------------------------------------------------

==============================================================================


      Code (inc. data)   RO Data    RW Data    ZI Data      Debug   

      7356        304        616          4       1660      40193   Grand Totals
      7356        304        616          4       1660      40193   ELF Image Totals
      7356        304        616          4          0          0   ROM Totals

==============================================================================

    Total RO  Size (Code + RO Data)                 7972 (   7.79kB)
    Total RW  Size (RW Data + ZI Data)              1664 (   1.63kB)
    Total ROM Size (Code + RO Data + RW Data)       7976 (   7.79kB)

==============================================================================

