<html>
<body>
<pre>
<h1>µVision Build Log</h1>
<h2>Tool Versions:</h2>
IDE-Version: •ÏVision V5.35.0.0
Copyright (C) 2021 ARM Ltd and ARM Germany GmbH. All rights reserved.
License Information: eunchan kim, HGU, LIC=----
 
Tool Versions:
Toolchain:       MDK-Lite  Version: 5.35.0.2
Toolchain Path:  C:\Keil_v5\ARM\ARMCLANG\Bin
C Compiler:      ArmClang.exe V6.16
Assembler:       Armasm.exe V6.16
Linker/Locator:  ArmLink.exe V6.16
Library Manager: ArmAr.exe V6.16
Hex Converter:   FromElf.exe V6.16
CPU DLL:         SARMCM3.DLL V5.35.0.2
Dialog DLL:      DCM.DLL V1.17.3.0
Target DLL:      STLink\ST-LINKIII-KEIL_SWO.dll V3.0.9.0
Dialog DLL:      TCM.DLL V1.53.0.0
 
<h2>Project:</h2>
C:\Users\eunchan\source\repos\EC\LAB\LAB5\LAB_PWM.uvprojx
Project File Date:  11/22/2023

<h2>Output:</h2>
*** Using Compiler 'V6.16', folder: 'C:\Keil_v5\ARM\ARMCLANG\Bin'
Build target 'Target 1'
LAB_PWM_RCmotor.c(5): warning: In file included from...
../../lib\ecSysTick.h(24): warning: this function declaration is not a prototype [-Wstrict-prototypes]
void SysTick_counter();
                    ^
                     void
../../lib\ecSysTick.h(35): warning: no newline at end of file [-Wnewline-eof]
#endif
      ^
LAB_PWM_RCmotor.c(9): warning: In file included from...
../../lib\ecEXTI.h(33): warning: no newline at end of file [-Wnewline-eof]
#endif
      ^
LAB_PWM_RCmotor.c(18): warning: no previous extern declaration for non-static variable 'cnt' [-Wmissing-variable-declarations]
int cnt = 0;
    ^
LAB_PWM_RCmotor.c(18): note: declare 'static' if the variable is not intended to be used outside of this translation unit
int cnt = 0;
^
LAB_PWM_RCmotor.c(52): warning: implicit conversion loses floating-point precision: 'double' to 'float' [-Wimplicit-float-conversion]
      PWM_duty(PWM_PIN, 0.025);
      ~~~~~~~~          ^~~~~
LAB_PWM_RCmotor.c(60): warning: implicit conversion loses floating-point precision: 'double' to 'float' [-Wimplicit-float-conversion]
      PWM_duty(PWM_PIN, 0.025 + (cnt / 17.0) * 0.1); // Increase duty cycle 18 times from 0.5 msec to 2.5 msec
      ~~~~~~~~          ~~~~~~^~~~~~~~~~~~~~~~~~~~
6 warnings generated.
compiling LAB_PWM_RCmotor.c...
linking...
Program Size: Code=5632 RO-data=440 RW-data=4 ZI-data=1644  
FromELF: creating hex file...
".\Objects\test.axf" - 0 Error(s), 6 Warning(s).

<h2>Software Packages used:</h2>

Package Vendor: ARM
                http://www.keil.com/pack/ARM.CMSIS.5.8.0.pack
                ARM.CMSIS.5.8.0
                CMSIS (Common Microcontroller Software Interface Standard)
   * Component: CORE Version: 5.5.0

Package Vendor: Keil
                https://www.keil.com/pack/Keil.STM32F4xx_DFP.2.17.1.pack
                Keil.STM32F4xx_DFP.2.17.1
                STMicroelectronics STM32F4 Series Device Support, Drivers and Examples
   * Component: Startup Version: 2.6.3

<h2>Collection of Component include folders:</h2>
  .\RTE\_Target_1
  C:\Users\eunchan\AppData\Local\Arm\Packs\ARM\CMSIS\5.8.0\CMSIS\Core\Include
  C:\Users\eunchan\AppData\Local\Arm\Packs\Keil\STM32F4xx_DFP\2.17.1\Drivers\CMSIS\Device\ST\STM32F4xx\Include

<h2>Collection of Component Files used:</h2>

   * Component: ARM::CMSIS:CORE:5.5.0

   * Component: Keil::Device:Startup:2.6.3
      Source file:   MDK\Device\Source\ARM\STM32F411xx_OPT.s
      Source file:   MDK\Device\Source\ARM\STM32F4xx_OTP.s
      Source file:   Drivers\CMSIS\Device\ST\STM32F4xx\Source\Templates\arm\startup_stm32f411xe.s
      Include file:  Drivers\CMSIS\Device\ST\STM32F4xx\Include\stm32f4xx.h
      Source file:   Drivers\CMSIS\Device\ST\STM32F4xx\Source\Templates\system_stm32f4xx.c
Build Time Elapsed:  00:00:01
</pre>
</body>
</html>
