Component: ARM Compiler 6.16 Tool: armlink [5dfeaa00]

==============================================================================

Section Cross References

    lab_rccar.o(.text) refers (Special) to _printf_c.o(.ARM.Collect$$_printf_percent$$00000013) for _printf_c
    lab_rccar.o(.text) refers (Special) to _printf_d.o(.ARM.Collect$$_printf_percent$$00000009) for _printf_d
    lab_rccar.o(.text) refers (Special) to _printf_dec.o(.text) for _printf_int_dec
    lab_rccar.o(.text) refers (Special) to _printf_percent.o(.ARM.Collect$$_printf_percent$$00000000) for _printf_percent
    lab_rccar.o(.text) refers (Special) to _printf_str.o(.text) for _printf_str
    lab_rccar.o(.text.main) refers (Special) to _printf_c.o(.ARM.Collect$$_printf_percent$$00000013) for _printf_c
    lab_rccar.o(.text.main) refers (Special) to _printf_d.o(.ARM.Collect$$_printf_percent$$00000009) for _printf_d
    lab_rccar.o(.text.main) refers (Special) to _printf_dec.o(.text) for _printf_int_dec
    lab_rccar.o(.text.main) refers (Special) to _printf_percent.o(.ARM.Collect$$_printf_percent$$00000000) for _printf_percent
    lab_rccar.o(.text.main) refers (Special) to _printf_str.o(.text) for _printf_str
    lab_rccar.o(.text.main) refers to lab_rccar.o(.text.setup) for setup
    lab_rccar.o(.text.main) refers to lab_rccar.o(.bss.mode) for mode
    lab_rccar.o(.text.main) refers to lab_rccar.o(.bss.dir) for dir
    lab_rccar.o(.text.main) refers to lab_rccar.o(.bss.angle) for angle
    lab_rccar.o(.text.main) refers to lab_rccar.o(.bss.s1) for s1
    lab_rccar.o(.text.main) refers to lab_rccar.o(.bss.Stop_flag) for Stop_flag
    lab_rccar.o(.text.main) refers to lab_rccar.o(.bss.i) for i
    lab_rccar.o(.text.main) refers to lab_rccar.o(.bss.iduty) for iduty
    lab_rccar.o(.text.main) refers to lab_rccar.o(.bss.j) for j
    lab_rccar.o(.text.main) refers to lab_rccar.o(.bss.jduty) for jduty
    lab_rccar.o(.text.main) refers to ecgpio.o(.text.GPIO_write) for GPIO_write
    lab_rccar.o(.text.main) refers to lab_rccar.o(.bss.direction) for direction
    lab_rccar.o(.text.main) refers to lab_rccar.o(.bss.speed) for speed
    lab_rccar.o(.text.main) refers to noretval__2sprintf.o(.text) for __2sprintf
    lab_rccar.o(.text.main) refers to ecuart.o(.text.USART1_write) for USART1_write
    lab_rccar.o(.text.main) refers to ecsystick.o(.text.delay_ms) for delay_ms
    lab_rccar.o(.text.main) refers to lab_rccar.o(.bss.value1) for value1
    lab_rccar.o(.text.main) refers to lab_rccar.o(.bss.value2) for value2
    lab_rccar.o(.text.main) refers to lab_rccar.o(.bss.IR_diff) for IR_diff
    lab_rccar.o(.text.main) refers to ecpwm.o(.text.PWM_duty) for PWM_duty
    lab_rccar.o(.text.main) refers to lab_rccar.o(.bss.timeInterval) for timeInterval
    lab_rccar.o(.text.main) refers to f2d.o(x$fpl$f2d) for __aeabi_f2d
    lab_rccar.o(.text.main) refers to dmul.o(x$fpl$dmul) for __aeabi_dmul
    lab_rccar.o(.text.main) refers to d2f.o(x$fpl$d2f) for __aeabi_d2f
    lab_rccar.o(.text.main) refers to lab_rccar.o(.bss.distance) for distance
    lab_rccar.o(.ARM.exidx.text.main) refers (Special) to _printf_c.o(.ARM.Collect$$_printf_percent$$00000013) for _printf_c
    lab_rccar.o(.ARM.exidx.text.main) refers (Special) to _printf_d.o(.ARM.Collect$$_printf_percent$$00000009) for _printf_d
    lab_rccar.o(.ARM.exidx.text.main) refers (Special) to _printf_dec.o(.text) for _printf_int_dec
    lab_rccar.o(.ARM.exidx.text.main) refers (Special) to _printf_percent.o(.ARM.Collect$$_printf_percent$$00000000) for _printf_percent
    lab_rccar.o(.ARM.exidx.text.main) refers (Special) to _printf_str.o(.text) for _printf_str
    lab_rccar.o(.ARM.exidx.text.main) refers to lab_rccar.o(.text.main) for [Anonymous Symbol]
    lab_rccar.o(.text.setup) refers (Special) to _printf_c.o(.ARM.Collect$$_printf_percent$$00000013) for _printf_c
    lab_rccar.o(.text.setup) refers (Special) to _printf_d.o(.ARM.Collect$$_printf_percent$$00000009) for _printf_d
    lab_rccar.o(.text.setup) refers (Special) to _printf_dec.o(.text) for _printf_int_dec
    lab_rccar.o(.text.setup) refers (Special) to _printf_percent.o(.ARM.Collect$$_printf_percent$$00000000) for _printf_percent
    lab_rccar.o(.text.setup) refers (Special) to _printf_str.o(.text) for _printf_str
    lab_rccar.o(.text.setup) refers to ecrcc.o(.text.RCC_PLL_init) for RCC_PLL_init
    lab_rccar.o(.text.setup) refers to ecsystick.o(.text.SysTick_init) for SysTick_init
    lab_rccar.o(.text.setup) refers to ecuart.o(.text.UART1_init) for UART1_init
    lab_rccar.o(.text.setup) refers to ecuart.o(.text.UART1_baud) for UART1_baud
    lab_rccar.o(.text.setup) refers to ecuart.o(.text.UART2_init) for UART2_init
    lab_rccar.o(.text.setup) refers to ecuart.o(.text.UART2_baud) for UART2_baud
    lab_rccar.o(.text.setup) refers to ecuart.o(.text.USART_setting) for USART_setting
    lab_rccar.o(.text.setup) refers to ecadc.o(.text.ADC_init) for ADC_init
[...]
    Removing ectim.o(.ARM.exidx.text.ICAP_capture), (8 bytes).
    Removing ecsystick.o(.text), (0 bytes).
    Removing ecsystick.o(.ARM.exidx.text.SysTick_init), (8 bytes).
    Removing ecsystick.o(.ARM.exidx.text.__NVIC_SetPriority), (8 bytes).
    Removing ecsystick.o(.ARM.exidx.text.SysTick_Handler), (8 bytes).
    Removing ecsystick.o(.ARM.exidx.text.SysTick_counter), (8 bytes).
    Removing ecsystick.o(.ARM.exidx.text.delay_ms), (8 bytes).
    Removing ecsystick.o(.text.SysTick_reset), (14 bytes).
    Removing ecsystick.o(.ARM.exidx.text.SysTick_reset), (8 bytes).
    Removing ecsystick.o(.text.SysTick_val), (12 bytes).
    Removing ecsystick.o(.ARM.exidx.text.SysTick_val), (8 bytes).
    Removing ecsystick.o(.text.SysTick_enable), (18 bytes).
    Removing ecsystick.o(.ARM.exidx.text.SysTick_enable), (8 bytes).
    Removing ecsystick.o(.text.SysTick_disable), (14 bytes).
    Removing ecsystick.o(.ARM.exidx.text.SysTick_disable), (8 bytes).
    Removing ecpinnames.o(.text), (0 bytes).
    Removing ecpinnames.o(.ARM.exidx.text.ecPinmap), (8 bytes).
    Removing ecpwm.o(.text), (0 bytes).
    Removing ecpwm.o(.ARM.exidx.text.PWM_init), (8 bytes).
    Removing ecpwm.o(.ARM.exidx.text.PWM_pinmap), (8 bytes).
    Removing ecpwm.o(.ARM.exidx.text.PWM_period_ms), (8 bytes).
    Removing ecpwm.o(.text.PWM_period), (8 bytes).
    Removing ecpwm.o(.ARM.exidx.text.PWM_period), (8 bytes).
    Removing ecpwm.o(.ARM.exidx.text.PWM_period_us), (8 bytes).
    Removing ecpwm.o(.text.PWM_pulsewidth), (138 bytes).
    Removing ecpwm.o(.ARM.exidx.text.PWM_pulsewidth), (8 bytes).
    Removing ecpwm.o(.text.PWM_pulsewidth_ms), (8 bytes).
    Removing ecpwm.o(.ARM.exidx.text.PWM_pulsewidth_ms), (8 bytes).
    Removing ecpwm.o(.ARM.exidx.text.PWM_pulsewidth_us), (8 bytes).
    Removing ecpwm.o(.ARM.exidx.text.PWM_duty), (8 bytes).
    Removing ecadc.o(.text), (0 bytes).
    Removing ecadc.o(.ARM.exidx.text.ADC_init), (8 bytes).
    Removing ecadc.o(.ARM.exidx.text.ADC_pinmap), (8 bytes).
    Removing ecadc.o(.ARM.exidx.text.__NVIC_SetPriority), (8 bytes).
    Removing ecadc.o(.ARM.exidx.text.__NVIC_EnableIRQ), (8 bytes).
    Removing ecadc.o(.ARM.exidx.text.ADC_trigger), (8 bytes).
    Removing ecadc.o(.ARM.exidx.text.ADC_start), (8 bytes).
    Removing ecadc.o(.text.ADC_conversion), (38 bytes).
    Removing ecadc.o(.ARM.exidx.text.ADC_conversion), (8 bytes).
    Removing ecadc.o(.ARM.exidx.text.ADC_sequence), (8 bytes).
    Removing ecadc.o(.ARM.exidx.text.ADC_read), (8 bytes).
    Removing ecadc.o(.ARM.exidx.text.is_ADC_EOC), (8 bytes).
    Removing ecadc.o(.ARM.exidx.text.is_ADC_OVR), (8 bytes).
    Removing ecadc.o(.ARM.exidx.text.clear_ADC_OVR), (8 bytes).
    Removing system_stm32f4xx.o(.text), (0 bytes).
    Removing system_stm32f4xx.o(.ARM.exidx.text.SystemInit), (8 bytes).
    Removing system_stm32f4xx.o(.text.SystemCoreClockUpdate), (126 bytes).
    Removing system_stm32f4xx.o(.ARM.exidx.text.SystemCoreClockUpdate), (8 bytes).
    Removing system_stm32f4xx.o(.data.SystemCoreClock), (4 bytes).
    Removing system_stm32f4xx.o(.rodata.AHBPrescTable), (16 bytes).
    Removing system_stm32f4xx.o(.rodata.APBPrescTable), (8 bytes).

142 unused section(s) (total 2332 bytes) removed from the image.

==============================================================================

Image Symbol Table

    Local Symbols

    Symbol Name                              Value     Ov Type        Size  Object(Section)

    ../clib/angel/boardlib.s                 0x00000000   Number         0  boardinit1.o ABSOLUTE
    ../clib/angel/boardlib.s                 0x00000000   Number         0  boardinit2.o ABSOLUTE
    ../clib/angel/boardlib.s                 0x00000000   Number         0  boardinit3.o ABSOLUTE
    ../clib/angel/boardlib.s                 0x00000000   Number         0  boardshut.o ABSOLUTE
    ../clib/angel/handlers.s                 0x00000000   Number         0  __scatter_copy.o ABSOLUTE
    ../clib/angel/handlers.s                 0x00000000   Number         0  __scatter_zi.o ABSOLUTE
    ../clib/angel/kernel.s                   0x00000000   Number         0  __rtentry.o ABSOLUTE
    ../clib/angel/kernel.s                   0x00000000   Number         0  __rtentry2.o ABSOLUTE
    ../clib/angel/kernel.s                   0x00000000   Number         0  __rtentry4.o ABSOLUTE
    ../clib/angel/kernel.s                   0x00000000   Number         0  rtexit.o ABSOLUTE
    ../clib/angel/kernel.s                   0x00000000   Number         0  rtexit2.o ABSOLUTE
    ../clib/angel/rt.s                       0x00000000   Number         0  rt_raise.o ABSOLUTE
    ../clib/angel/scatter.s                  0x00000000   Number         0  __scatter.o ABSOLUTE
    ../clib/angel/startup.s                  0x00000000   Number         0  __main.o ABSOLUTE
    ../clib/angel/sys.s                      0x00000000   Number         0  sys_stackheap_outer.o ABSOLUTE
    ../clib/angel/sys.s                      0x00000000   Number         0  libspace.o ABSOLUTE
    ../clib/angel/sys.s                      0x00000000   Number         0  use_no_semi.o ABSOLUTE
    ../clib/angel/sys.s                      0x00000000   Number         0  indicate_semi.o ABSOLUTE
    ../clib/angel/sysapp.c                   0x00000000   Number         0  sys_exit.o ABSOLUTE
    ../clib/angel/sysapp.c                   0x00000000   Number         0  sys_exit_hlt.o ABSOLUTE
    ../clib/angel/sysapp.c                   0x00000000   Number         0  sys_command.o ABSOLUTE
    ../clib/angel/sysapp.c                   0x00000000   Number         0  sys_command_hlt.o ABSOLUTE
    ../clib/angel/sysapp.c                   0x00000000   Number         0  sys_wrch.o ABSOLUTE
    ../clib/angel/sysapp.c                   0x00000000   Number         0  sys_wrch_hlt.o ABSOLUTE
    ../clib/armsys.c                         0x00000000   Number         0  argv_veneer.o ABSOLUTE
    ../clib/armsys.c                         0x00000000   Number         0  argv_veneer.o ABSOLUTE
    ../clib/armsys.c                         0x00000000   Number         0  _get_argv_nomalloc.o ABSOLUTE
    ../clib/armsys.c                         0x00000000   Number         0  no_argv.o ABSOLUTE
    ../clib/heapalloc.c                      0x00000000   Number         0  hrguard.o ABSOLUTE
    ../clib/heapaux.c                        0x00000000   Number         0  heapauxi.o ABSOLUTE
    ../clib/libinit.s                        0x00000000   Number         0  libinit.o ABSOLUTE
    ../clib/libinit.s                        0x00000000   Number         0  libinit2.o ABSOLUTE
    ../clib/libinit.s                        0x00000000   Number         0  libshutdown.o ABSOLUTE
    ../clib/libinit.s                        0x00000000   Number         0  libshutdown2.o ABSOLUTE
    ../clib/misc.s                           0x00000000   Number         0  printf_stubs.o ABSOLUTE
    ../clib/printf.c                         0x00000000   Number         0  __2sprintf.o ABSOLUTE
    ../clib/printf.c                         0x00000000   Number         0  noretval__2sprintf.o ABSOLUTE
    ../clib/printf.c                         0x00000000   Number         0  __printf.o ABSOLUTE
    ../clib/printf.c                         0x00000000   Number         0  _printf_str.o ABSOLUTE
    ../clib/printf.c                         0x00000000   Number         0  _printf_dec.o ABSOLUTE
    ../clib/printf.c                         0x00000000   Number         0  __printf_flags.o ABSOLUTE
    ../clib/printf.c                         0x00000000   Number         0  __printf_ss.o ABSOLUTE
    ../clib/printf.c                         0x00000000   Number         0  __printf_flags_ss.o ABSOLUTE
    ../clib/printf.c                         0x00000000   Number         0  __printf_wp.o ABSOLUTE
    ../clib/printf.c                         0x00000000   Number         0  __printf_flags_wp.o ABSOLUTE
    ../clib/printf.c                         0x00000000   Number         0  __printf_ss_wp.o ABSOLUTE
    ../clib/printf.c                         0x00000000   Number         0  __printf_flags_ss_wp.o ABSOLUTE
    ../clib/printf.c                         0x00000000   Number         0  _printf_intcommon.o ABSOLUTE
    ../clib/printf.c                         0x00000000   Number         0  _printf_char_common.o ABSOLUTE
    ../clib/printf.c                         0x00000000   Number         0  _sputc.o ABSOLUTE
    ../clib/printf.c                         0x00000000   Number         0  _printf_char.o ABSOLUTE
    ../clib/printf.c                         0x00000000   Number         0  __printf_nopercent.o ABSOLUTE
    ../clib/printf_percent.s                 0x00000000   Number         0  _printf_c.o ABSOLUTE
    ../clib/printf_percent.s                 0x00000000   Number         0  _printf_d.o ABSOLUTE
    ../clib/printf_percent.s                 0x00000000   Number         0  _printf_percent.o ABSOLUTE
    ../clib/printf_percent.s                 0x00000000   Number         0  _printf_percent_end.o ABSOLUTE
    ../clib/signal.c                         0x00000000   Number         0  defsig_rtmem_outer.o ABSOLUTE
    ../clib/signal.c                         0x00000000   Number         0  defsig_rtmem_formal.o ABSOLUTE
    ../clib/signal.c                         0x00000000   Number         0  defsig_exit.o ABSOLUTE
    ../clib/signal.c                         0x00000000   Number         0  defsig_rtmem_inner.o ABSOLUTE
    ../clib/signal.c                         0x00000000   Number         0  __raise.o ABSOLUTE
    ../clib/signal.c                         0x00000000   Number         0  defsig_general.o ABSOLUTE
    ../clib/signal.c                         0x00000000   Number         0  defsig_abrt_inner.o ABSOLUTE
    ../clib/signal.c                         0x00000000   Number         0  defsig_fpe_inner.o ABSOLUTE
    ../clib/signal.c                         0x00000000   Number         0  defsig_rtred_inner.o ABSOLUTE
    ../clib/signal.c                         0x00000000   Number         0  defsig_stak_inner.o ABSOLUTE
    ../clib/signal.c                         0x00000000   Number         0  defsig_pvfn_inner.o ABSOLUTE
    ../clib/signal.c                         0x00000000   Number         0  defsig_cppl_inner.o ABSOLUTE
    ../clib/signal.c                         0x00000000   Number         0  defsig_segv_inner.o ABSOLUTE
    ../clib/signal.c                         0x00000000   Number         0  defsig_other.o ABSOLUTE
    ../clib/signal.s                         0x00000000   Number         0  defsig.o ABSOLUTE
    ../clib/stdlib.c                         0x00000000   Number         0  exit.o ABSOLUTE
    ../fplib/d2f.s                           0x00000000   Number         0  d2f.o ABSOLUTE
    ../fplib/dfixu.s                         0x00000000   Number         0  dfixu.o ABSOLUTE
    ../fplib/dmul.s                          0x00000000   Number         0  dmul.o ABSOLUTE
    ../fplib/dnaninf.s                       0x00000000   Number         0  dnaninf.o ABSOLUTE
    ../fplib/dretinf.s                       0x00000000   Number         0  dretinf.o ABSOLUTE
    ../fplib/f2d.s                           0x00000000   Number         0  f2d.o ABSOLUTE
    ../fplib/fnaninf.s                       0x00000000   Number         0  fnaninf.o ABSOLUTE
    ../fplib/fpinit.s                        0x00000000   Number         0  fpinit.o ABSOLUTE
    ../fplib/fretinf.s                       0x00000000   Number         0  fretinf.o ABSOLUTE
    ../fplib/frnd.s                          0x00000000   Number         0  frnd.o ABSOLUTE
    ../fplib/usenofp.s                       0x00000000   Number         0  usenofp.o ABSOLUTE
    ../mathlib/round.c                       0x00000000   Number         0  roundf.o ABSOLUTE
    LAB_RCcar.c                              0x00000000   Number         0  lab_rccar.o ABSOLUTE
    RTE/Device/STM32F411RETx/startup_stm32f411xe.s 0x00000000   Number         0  startup_stm32f411xe.o ABSOLUTE
    dc.s                                     0x00000000   Number         0  dc.o ABSOLUTE
    ecADC.c                                  0x00000000   Number         0  ecadc.o ABSOLUTE
    ecGPIO.c                                 0x00000000   Number         0  ecgpio.o ABSOLUTE
    ecPWM.c                                  0x00000000   Number         0  ecpwm.o ABSOLUTE
    ecPinNames.c                             0x00000000   Number         0  ecpinnames.o ABSOLUTE
    ecRCC.c                                  0x00000000   Number         0  ecrcc.o ABSOLUTE
    ecSysTick.c                              0x00000000   Number         0  ecsystick.o ABSOLUTE
    ecTIM.c                                  0x00000000   Number         0  ectim.o ABSOLUTE
    ecUART.c                                 0x00000000   Number         0  ecuart.o ABSOLUTE
    system_stm32f4xx.c                       0x00000000   Number         0  system_stm32f4xx.o ABSOLUTE
    RESET                                    0x08000000   Section      408  startup_stm32f411xe.o(RESET)
    !!!main                                  0x08000198   Section        8  __main.o(!!!main)
    !!!scatter                               0x080001a0   Section       52  __scatter.o(!!!scatter)
    !!handler_copy                           0x080001d4   Section       26  __scatter_copy.o(!!handler_copy)
    !!handler_zi                             0x080001f0   Section       28  __scatter_zi.o(!!handler_zi)
    .ARM.Collect$$_printf_percent$$00000000  0x0800020c   Section        0  _printf_percent.o(.ARM.Collect$$_printf_percent$$00000000)
    .ARM.Collect$$_printf_percent$$00000009  0x0800020c   Section        6  _printf_d.o(.ARM.Collect$$_printf_percent$$00000009)
    .ARM.Collect$$_printf_percent$$00000013  0x08000212   Section        6  _printf_c.o(.ARM.Collect$$_printf_percent$$00000013)
    .ARM.Collect$$_printf_percent$$00000017  0x08000218   Section        4  _printf_percent_end.o(.ARM.Collect$$_printf_percent$$00000017)
    .ARM.Collect$$libinit$$00000000          0x0800021c   Section        2  libinit.o(.ARM.Collect$$libinit$$00000000)
    .ARM.Collect$$libinit$$00000001          0x0800021e   Section        4  libinit2.o(.ARM.Collect$$libinit$$00000001)
    .ARM.Collect$$libinit$$00000004          0x08000222   Section        0  libinit2.o(.ARM.Collect$$libinit$$00000004)
    .ARM.Collect$$libinit$$0000000A          0x08000222   Section        0  libinit2.o(.ARM.Collect$$libinit$$0000000A)
    .ARM.Collect$$libinit$$0000000C          0x08000222   Section        0  libinit2.o(.ARM.Collect$$libinit$$0000000C)
    .ARM.Collect$$libinit$$0000000E          0x08000222   Section        0  libinit2.o(.ARM.Collect$$libinit$$0000000E)
    .ARM.Collect$$libinit$$00000011          0x08000222   Section        0  libinit2.o(.ARM.Collect$$libinit$$00000011)
    .ARM.Collect$$libinit$$00000013          0x08000222   Section        0  libinit2.o(.ARM.Collect$$libinit$$00000013)
    .ARM.Collect$$libinit$$00000015          0x08000222   Section        0  libinit2.o(.ARM.Collect$$libinit$$00000015)
    .ARM.Collect$$libinit$$00000017          0x08000222   Section        0  libinit2.o(.ARM.Collect$$libinit$$00000017)
    .ARM.Collect$$libinit$$00000019          0x08000222   Section        0  libinit2.o(.ARM.Collect$$libinit$$00000019)
    .ARM.Collect$$libinit$$0000001B          0x08000222   Section        0  libinit2.o(.ARM.Collect$$libinit$$0000001B)
    .ARM.Collect$$libinit$$0000001D          0x08000222   Section        0  libinit2.o(.ARM.Collect$$libinit$$0000001D)
    .ARM.Collect$$libinit$$0000001F          0x08000222   Section        0  libinit2.o(.ARM.Collect$$libinit$$0000001F)
    .ARM.Collect$$libinit$$00000021          0x08000222   Section        0  libinit2.o(.ARM.Collect$$libinit$$00000021)
    .ARM.Collect$$libinit$$00000023          0x08000222   Section        0  libinit2.o(.ARM.Collect$$libinit$$00000023)
    .ARM.Collect$$libinit$$00000025          0x08000222   Section        0  libinit2.o(.ARM.Collect$$libinit$$00000025)
    .ARM.Collect$$libinit$$0000002C          0x08000222   Section        0  libinit2.o(.ARM.Collect$$libinit$$0000002C)
    .ARM.Collect$$libinit$$0000002E          0x08000222   Section        0  libinit2.o(.ARM.Collect$$libinit$$0000002E)
    .ARM.Collect$$libinit$$00000030          0x08000222   Section        0  libinit2.o(.ARM.Collect$$libinit$$00000030)
    .ARM.Collect$$libinit$$00000032          0x08000222   Section        0  libinit2.o(.ARM.Collect$$libinit$$00000032)
    .ARM.Collect$$libinit$$00000033          0x08000222   Section        2  libinit2.o(.ARM.Collect$$libinit$$00000033)
    .ARM.Collect$$libshutdown$$00000000      0x08000224   Section        2  libshutdown.o(.ARM.Collect$$libshutdown$$00000000)
    .ARM.Collect$$libshutdown$$00000002      0x08000226   Section        0  libshutdown2.o(.ARM.Collect$$libshutdown$$00000002)
    .ARM.Collect$$libshutdown$$00000004      0x08000226   Section        0  libshutdown2.o(.ARM.Collect$$libshutdown$$00000004)
    .ARM.Collect$$libshutdown$$00000007      0x08000226   Section        0  libshutdown2.o(.ARM.Collect$$libshutdown$$00000007)
    .ARM.Collect$$libshutdown$$0000000A      0x08000226   Section        0  libshutdown2.o(.ARM.Collect$$libshutdown$$0000000A)
    .ARM.Collect$$libshutdown$$0000000C      0x08000226   Section        0  libshutdown2.o(.ARM.Collect$$libshutdown$$0000000C)
    .ARM.Collect$$libshutdown$$0000000F      0x08000226   Section        0  libshutdown2.o(.ARM.Collect$$libshutdown$$0000000F)
    .ARM.Collect$$libshutdown$$00000010      0x08000226   Section        2  libshutdown2.o(.ARM.Collect$$libshutdown$$00000010)
    .ARM.Collect$$rtentry$$00000000          0x08000228   Section        0  __rtentry.o(.ARM.Collect$$rtentry$$00000000)
    .ARM.Collect$$rtentry$$00000002          0x08000228   Section        0  __rtentry2.o(.ARM.Collect$$rtentry$$00000002)
    .ARM.Collect$$rtentry$$00000004          0x08000228   Section        6  __rtentry4.o(.ARM.Collect$$rtentry$$00000004)
    .ARM.Collect$$rtentry$$00000009          0x0800022e   Section        0  __rtentry2.o(.ARM.Collect$$rtentry$$00000009)
    .ARM.Collect$$rtentry$$0000000A          0x0800022e   Section        4  __rtentry2.o(.ARM.Collect$$rtentry$$0000000A)
    .ARM.Collect$$rtentry$$0000000C          0x08000232   Section        0  __rtentry2.o(.ARM.Collect$$rtentry$$0000000C)
    .ARM.Collect$$rtentry$$0000000D          0x08000232   Section        8  __rtentry2.o(.ARM.Collect$$rtentry$$0000000D)
    .ARM.Collect$$rtexit$$00000000           0x0800023a   Section        2  rtexit.o(.ARM.Collect$$rtexit$$00000000)
    .ARM.Collect$$rtexit$$00000002           0x0800023c   Section        0  rtexit2.o(.ARM.Collect$$rtexit$$00000002)
    .ARM.Collect$$rtexit$$00000003           0x0800023c   Section        4  rtexit2.o(.ARM.Collect$$rtexit$$00000003)
    .ARM.Collect$$rtexit$$00000004           0x08000240   Section        6  rtexit2.o(.ARM.Collect$$rtexit$$00000004)
    $v0                                      0x08000248   Number         0  startup_stm32f411xe.o(.text)
    .text                                    0x08000248   Section       64  startup_stm32f411xe.o(.text)
    .text                                    0x08000288   Section        0  noretval__2sprintf.o(.text)
    .text                                    0x080002b0   Section        0  _printf_str.o(.text)
    .text                                    0x08000304   Section        0  _printf_dec.o(.text)
    .text                                    0x0800037c   Section        0  __printf_wp.o(.text)
    .text                                    0x0800048a   Section        0  heapauxi.o(.text)
    .text                                    0x08000490   Section        0  _printf_intcommon.o(.text)
    _printf_input_char                       0x08000545   Thumb Code    10  _printf_char_common.o(.text)
    .text                                    0x08000544   Section        0  _printf_char_common.o(.text)
    .text                                    0x08000574   Section        0  _sputc.o(.text)
    .text                                    0x0800057e   Section        0  _printf_char.o(.text)
    .text                                    0x080005aa   Section       74  sys_stackheap_outer.o(.text)
    .text                                    0x080005f4   Section        0  exit.o(.text)
    .text                                    0x08000608   Section        8  libspace.o(.text)
    .text                                    0x08000610   Section        0  sys_exit.o(.text)
    .text                                    0x0800061c   Section        2  use_no_semi.o(.text)
    .text                                    0x0800061e   Section        0  indicate_semi.o(.text)
    [Anonymous Symbol]                       0x08000620   Section        0  lab_rccar.o(.text.ADC_IRQHandler)
    [Anonymous Symbol]                       0x0800066c   Section        0  ecadc.o(.text.ADC_init)
    [Anonymous Symbol]                       0x0800075c   Section        0  ecadc.o(.text.ADC_pinmap)
    [Anonymous Symbol]                       0x080007f8   Section        0  ecadc.o(.text.ADC_read)
    [Anonymous Symbol]                       0x08000804   Section        0  ecadc.o(.text.ADC_sequence)
    [Anonymous Symbol]                       0x08000920   Section        0  ecadc.o(.text.ADC_start)
    [Anonymous Symbol]                       0x0800093c   Section        0  ecadc.o(.text.ADC_trigger)
    [Anonymous Symbol]                       0x080009f8   Section        0  ecgpio.o(.text.GPIO_init)
    [Anonymous Symbol]                       0x08000ac0   Section        0  ecgpio.o(.text.GPIO_mode)
    [Anonymous Symbol]                       0x08000ae4   Section        0  ecgpio.o(.text.GPIO_ospeed)
    [Anonymous Symbol]                       0x08000b08   Section        0  ecgpio.o(.text.GPIO_otype)
    [Anonymous Symbol]                       0x08000b28   Section        0  ecgpio.o(.text.GPIO_pupd)
    [Anonymous Symbol]                       0x08000b4c   Section        0  ecgpio.o(.text.GPIO_write)
    [Anonymous Symbol]                       0x08000b6c   Section        0  ectim.o(.text.ICAP_capture)
    [Anonymous Symbol]                       0x08000b84   Section        0  ectim.o(.text.ICAP_counter_us)
    [Anonymous Symbol]                       0x08000bb4   Section        0  ectim.o(.text.ICAP_init)
    [Anonymous Symbol]                       0x08000d18   Section        0  ectim.o(.text.ICAP_pinmap)
    [Anonymous Symbol]                       0x08000e30   Section        0  ectim.o(.text.ICAP_setup)
    [Anonymous Symbol]                       0x08000f34   Section        0  ecpwm.o(.text.PWM_duty)
    [Anonymous Symbol]                       0x08000fac   Section        0  ecpwm.o(.text.PWM_init)
    [Anonymous Symbol]                       0x08001194   Section        0  ecpwm.o(.text.PWM_period_ms)
    [Anonymous Symbol]                       0x080011bc   Section        0  ecpwm.o(.text.PWM_period_us)
    [Anonymous Symbol]                       0x080011e4   Section        0  ecpwm.o(.text.PWM_pinmap)
    [Anonymous Symbol]                       0x08001310   Section        0  ecpwm.o(.text.PWM_pulsewidth_us)
    [Anonymous Symbol]                       0x08001390   Section        0  ecrcc.o(.text.RCC_GPIOA_enable)
    [Anonymous Symbol]                       0x080013a4   Section        0  ecrcc.o(.text.RCC_GPIOB_enable)
    [Anonymous Symbol]                       0x080013b8   Section        0  ecrcc.o(.text.RCC_GPIOC_enable)
    [Anonymous Symbol]                       0x080013cc   Section        0  ecrcc.o(.text.RCC_GPIOD_enable)
    [Anonymous Symbol]                       0x080013e0   Section        0  ecrcc.o(.text.RCC_GPIOE_enable)
    [Anonymous Symbol]                       0x080013f4   Section        0  ecrcc.o(.text.RCC_GPIOH_enable)
    [Anonymous Symbol]                       0x08001408   Section        0  ecrcc.o(.text.RCC_PLL_init)
    [Anonymous Symbol]                       0x080014e8   Section        0  ecsystick.o(.text.SysTick_Handler)
    [Anonymous Symbol]                       0x080014f0   Section        0  ecsystick.o(.text.SysTick_counter)
    [Anonymous Symbol]                       0x08001500   Section        0  ecsystick.o(.text.SysTick_init)
    [Anonymous Symbol]                       0x08001538   Section        0  system_stm32f4xx.o(.text.SystemInit)
    [Anonymous Symbol]                       0x0800154c   Section        0  lab_rccar.o(.text.TIM3_IRQHandler)
    [Anonymous Symbol]                       0x08001694   Section        0  lab_rccar.o(.text.TIM4_IRQHandler)
    [Anonymous Symbol]                       0x08001760   Section        0  ectim.o(.text.TIM_UI_enable)
    [Anonymous Symbol]                       0x0800176c   Section        0  ectim.o(.text.TIM_UI_init)
    [Anonymous Symbol]                       0x08001824   Section        0  ectim.o(.text.TIM_init)
    [Anonymous Symbol]                       0x08001920   Section        0  ectim.o(.text.TIM_period_ms)
    [Anonymous Symbol]                       0x080019c0   Section        0  ectim.o(.text.TIM_period_us)
    [Anonymous Symbol]                       0x08001a30   Section        0  ecuart.o(.text.UART1_baud)
    [Anonymous Symbol]                       0x08001a44   Section        0  ecuart.o(.text.UART1_init)
    [Anonymous Symbol]                       0x08001a6c   Section        0  ecuart.o(.text.UART2_baud)
    [Anonymous Symbol]                       0x08001a80   Section        0  ecuart.o(.text.UART2_init)
    [Anonymous Symbol]                       0x08001aa8   Section        0  ecuart.o(.text.UART_baud)
    [Anonymous Symbol]                       0x08001b30   Section        0  lab_rccar.o(.text.USART1_IRQHandler)
    [Anonymous Symbol]                       0x08001d90   Section        0  ecuart.o(.text.USART1_read)
    [Anonymous Symbol]                       0x08001da0   Section        0  ecuart.o(.text.USART1_write)
    [Anonymous Symbol]                       0x08001db4   Section        0  ecuart.o(.text.USART_read)
    [Anonymous Symbol]                       0x08001dc0   Section        0  ecuart.o(.text.USART_setting)
    [Anonymous Symbol]                       0x08001f1c   Section        0  ecuart.o(.text.USART_write)
    __NVIC_EnableIRQ                         0x08001f49   Thumb Code    22  lab_rccar.o(.text.__NVIC_EnableIRQ)
    [Anonymous Symbol]                       0x08001f48   Section        0  lab_rccar.o(.text.__NVIC_EnableIRQ)
    __NVIC_EnableIRQ                         0x08001f61   Thumb Code    32  ecuart.o(.text.__NVIC_EnableIRQ)
    [Anonymous Symbol]                       0x08001f60   Section        0  ecuart.o(.text.__NVIC_EnableIRQ)
    __NVIC_EnableIRQ                         0x08001f81   Thumb Code    32  ectim.o(.text.__NVIC_EnableIRQ)
    [Anonymous Symbol]                       0x08001f80   Section        0  ectim.o(.text.__NVIC_EnableIRQ)
    __NVIC_EnableIRQ                         0x08001fa1   Thumb Code    16  ecadc.o(.text.__NVIC_EnableIRQ)
    [Anonymous Symbol]                       0x08001fa0   Section        0  ecadc.o(.text.__NVIC_EnableIRQ)
    __NVIC_SetPriority                       0x08001fb1   Thumb Code    16  lab_rccar.o(.text.__NVIC_SetPriority)
    [Anonymous Symbol]                       0x08001fb0   Section        0  lab_rccar.o(.text.__NVIC_SetPriority)
    __NVIC_SetPriority                       0x08001fc1   Thumb Code    16  ecuart.o(.text.__NVIC_SetPriority)
    [Anonymous Symbol]                       0x08001fc0   Section        0  ecuart.o(.text.__NVIC_SetPriority)
    __NVIC_SetPriority                       0x08001fd1   Thumb Code    16  ectim.o(.text.__NVIC_SetPriority)
    [Anonymous Symbol]                       0x08001fd0   Section        0  ectim.o(.text.__NVIC_SetPriority)
    __NVIC_SetPriority                       0x08001fe1   Thumb Code    14  ecsystick.o(.text.__NVIC_SetPriority)
    [Anonymous Symbol]                       0x08001fe0   Section        0  ecsystick.o(.text.__NVIC_SetPriority)
    __NVIC_SetPriority                       0x08001ff1   Thumb Code    14  ecadc.o(.text.__NVIC_SetPriority)
    [Anonymous Symbol]                       0x08001ff0   Section        0  ecadc.o(.text.__NVIC_SetPriority)
    [Anonymous Symbol]                       0x08002000   Section        0  ecadc.o(.text.clear_ADC_OVR)
    [Anonymous Symbol]                       0x08002014   Section        0  ectim.o(.text.clear_CCIF)
    [Anonymous Symbol]                       0x08002024   Section        0  ectim.o(.text.clear_UIF)
    [Anonymous Symbol]                       0x08002030   Section        0  ecsystick.o(.text.delay_ms)
    [Anonymous Symbol]                       0x0800204c   Section        0  ecpinnames.o(.text.ecPinmap)
    [Anonymous Symbol]                       0x0800209c   Section        0  ecadc.o(.text.is_ADC_EOC)
    [Anonymous Symbol]                       0x080020ac   Section        0  ecadc.o(.text.is_ADC_OVR)
    [Anonymous Symbol]                       0x080020bc   Section        0  ectim.o(.text.is_CCIF)
    [Anonymous Symbol]                       0x080020c8   Section        0  ectim.o(.text.is_UIF)
    [Anonymous Symbol]                       0x080020d0   Section        0  ecuart.o(.text.is_USART1_RXNE)
    [Anonymous Symbol]                       0x080020e0   Section        0  ecuart.o(.text.is_USART_RXNE)
    [Anonymous Symbol]                       0x080020e8   Section        0  lab_rccar.o(.text.main)
    [Anonymous Symbol]                       0x080022f0   Section        0  lab_rccar.o(.text.setup)
    i.__hardfp_roundf                        0x08002426   Section        0  roundf.o(i.__hardfp_roundf)
    i._is_digit                              0x080024c0   Section        0  __printf_wp.o(i._is_digit)
    $v0                                      0x080024d0   Number         0  d2f.o(x$fpl$d2f)
    x$fpl$d2f                                0x080024d0   Section       98  d2f.o(x$fpl$d2f)
    $v0                                      0x08002534   Number         0  dfixu.o(x$fpl$dfixu)
    x$fpl$dfixu                              0x08002534   Section       90  dfixu.o(x$fpl$dfixu)
    $v0                                      0x08002590   Number         0  dmul.o(x$fpl$dmul)
    x$fpl$dmul                               0x08002590   Section      340  dmul.o(x$fpl$dmul)
    $v0                                      0x080026e4   Number         0  dnaninf.o(x$fpl$dnaninf)
    x$fpl$dnaninf                            0x080026e4   Section      156  dnaninf.o(x$fpl$dnaninf)
    $v0                                      0x08002780   Number         0  dretinf.o(x$fpl$dretinf)
    x$fpl$dretinf                            0x08002780   Section       12  dretinf.o(x$fpl$dretinf)
    $v0                                      0x0800278c   Number         0  f2d.o(x$fpl$f2d)
    x$fpl$f2d                                0x0800278c   Section       86  f2d.o(x$fpl$f2d)
    $v0                                      0x080027e2   Number         0  fnaninf.o(x$fpl$fnaninf)
    x$fpl$fnaninf                            0x080027e2   Section      140  fnaninf.o(x$fpl$fnaninf)
    $v0                                      0x0800286e   Number         0  fpinit.o(x$fpl$fpinit)
    x$fpl$fpinit                             0x0800286e   Section       26  fpinit.o(x$fpl$fpinit)
    $v0                                      0x08002888   Number         0  fretinf.o(x$fpl$fretinf)
    x$fpl$fretinf                            0x08002888   Section       10  fretinf.o(x$fpl$fretinf)
    $v0                                      0x08002894   Number         0  frnd.o(x$fpl$frnd)
    x$fpl$frnd                               0x08002894   Section       96  frnd.o(x$fpl$frnd)
    x$fpl$usenofp                            0x080028f4   Section        0  usenofp.o(x$fpl$usenofp)
    duty                                     0x20000004   Data         224  lab_rccar.o(.data.duty)
    [Anonymous Symbol]                       0x20000004   Section        0  lab_rccar.o(.data.duty)
    .bss                                     0x200000e8   Section       96  libspace.o(.bss)
    BT_Data                                  0x20000148   Data           1  lab_rccar.o(.bss.BT_Data)
    [Anonymous Symbol]                       0x20000148   Section        0  lab_rccar.o(.bss.BT_Data)
    angle                                    0x20000158   Data           4  lab_rccar.o(.bss.angle)
    [Anonymous Symbol]                       0x20000158   Section        0  lab_rccar.o(.bss.angle)
    dir                                      0x20000160   Data           4  lab_rccar.o(.bss.dir)
    [Anonymous Symbol]                       0x20000160   Section        0  lab_rccar.o(.bss.dir)
    direction                                0x20000164   Data           1  lab_rccar.o(.bss.direction)
    [Anonymous Symbol]                       0x20000164   Section        0  lab_rccar.o(.bss.direction)
    i                                        0x20000170   Data           4  lab_rccar.o(.bss.i)
    [Anonymous Symbol]                       0x20000170   Section        0  lab_rccar.o(.bss.i)
    iduty                                    0x20000174   Data           4  lab_rccar.o(.bss.iduty)
    [Anonymous Symbol]                       0x20000174   Section        0  lab_rccar.o(.bss.iduty)
    j                                        0x20000178   Data           4  lab_rccar.o(.bss.j)
    [Anonymous Symbol]                       0x20000178   Section        0  lab_rccar.o(.bss.j)
    jduty                                    0x2000017c   Data           4  lab_rccar.o(.bss.jduty)
    [Anonymous Symbol]                       0x2000017c   Section        0  lab_rccar.o(.bss.jduty)
    mode                                     0x20000180   Data           1  lab_rccar.o(.bss.mode)
    [Anonymous Symbol]                       0x20000180   Section        0  lab_rccar.o(.bss.mode)
    speed                                    0x200001ac   Data           4  lab_rccar.o(.bss.speed)
    [Anonymous Symbol]                       0x200001ac   Section        0  lab_rccar.o(.bss.speed)
    state                                    0x200001b0   Data           4  lab_rccar.o(.bss.state)
    [Anonymous Symbol]                       0x200001b0   Section        0  lab_rccar.o(.bss.state)
    Heap_Mem                                 0x200001c8   Data         512  startup_stm32f411xe.o(HEAP)
    HEAP                                     0x200001c8   Section      512  startup_stm32f411xe.o(HEAP)
    Stack_Mem                                0x200003c8   Data        1024  startup_stm32f411xe.o(STACK)
    STACK                                    0x200003c8   Section     1024  startup_stm32f411xe.o(STACK)
    __initial_sp                             0x200007c8   Data           0  startup_stm32f411xe.o(STACK)

    Global Symbols

    Symbol Name                              Value     Ov Type        Size  Object(Section)

    BuildAttributes$$THM_ISAv4$E$P$D$K$B$S$7EM$VFPi3$EXTD16$VFPS$VFMA$PE$A:L22UL41UL21$X:L11$S22US41US21$IEEE1$IW$~IW$USESV6$~STKCKD$USESV7$~SHL$OTIME$ROPI$IEEEJ$EBA8$UX$STANDARDLIB$REQ8$PRES8$EABIv2 0x00000000   Number         0  anon$$obj.o ABSOLUTE
    _printf_flags                            0x00000000   Number         0  printf_stubs.o ABSOLUTE
    _printf_return_value                     0x00000000   Number         0  printf_stubs.o ABSOLUTE
    _printf_sizespec                         0x00000000   Number         0  printf_stubs.o ABSOLUTE
    _printf_widthprec                        0x00000000   Number         0  printf_stubs.o ABSOLUTE
    __ARM_exceptions_init                     - Undefined Weak Reference
    __alloca_initialize                       - Undefined Weak Reference
    __arm_preinit_                            - Undefined Weak Reference
    __cpp_initialize__aeabi_                  - Undefined Weak Reference
    __cxa_finalize                            - Undefined Weak Reference
    __rt_locale                               - Undefined Weak Reference
    __sigvec_lookup                           - Undefined Weak Reference
    _atexit_init                              - Undefined Weak Reference
    _call_atexit_fns                          - Undefined Weak Reference
    _clock_init                               - Undefined Weak Reference
    _fp_trap_init                             - Undefined Weak Reference
    _fp_trap_shutdown                         - Undefined Weak Reference
    _get_lc_collate                           - Undefined Weak Reference
    _get_lc_ctype                             - Undefined Weak Reference
    _get_lc_monetary                          - Undefined Weak Reference
    _get_lc_numeric                           - Undefined Weak Reference
    _get_lc_time                              - Undefined Weak Reference
    _getenv_init                              - Undefined Weak Reference
    _handle_redirection                       - Undefined Weak Reference
    _init_alloc                               - Undefined Weak Reference
    _init_user_alloc                          - Undefined Weak Reference
    _initio                                   - Undefined Weak Reference
    _printf_mbtowc                            - Undefined Weak Reference
    _printf_post_padding                      - Undefined Weak Reference
    _printf_pre_padding                       - Undefined Weak Reference
    _printf_truncate_signed                   - Undefined Weak Reference
    _printf_truncate_unsigned                 - Undefined Weak Reference
    _rand_init                                - Undefined Weak Reference
    _signal_finish                            - Undefined Weak Reference
    _signal_init                              - Undefined Weak Reference
    _terminate_alloc                          - Undefined Weak Reference
    _terminate_user_alloc                     - Undefined Weak Reference
    _terminateio                              - Undefined Weak Reference
    __Vectors_Size                           0x00000198   Number         0  startup_stm32f411xe.o ABSOLUTE
    __Vectors                                0x08000000   Data           4  startup_stm32f411xe.o(RESET)
    __Vectors_End                            0x08000198   Data           0  startup_stm32f411xe.o(RESET)
    __main                                   0x08000199   Thumb Code     8  __main.o(!!!main)
    __scatterload                            0x080001a1   Thumb Code     0  __scatter.o(!!!scatter)
    __scatterload_rt2                        0x080001a1   Thumb Code    44  __scatter.o(!!!scatter)
    __scatterload_rt2_thumb_only             0x080001a1   Thumb Code     0  __scatter.o(!!!scatter)
    __scatterload_null                       0x080001af   Thumb Code     0  __scatter.o(!!!scatter)
    __scatterload_copy                       0x080001d5   Thumb Code    26  __scatter_copy.o(!!handler_copy)
    __scatterload_zeroinit                   0x080001f1   Thumb Code    28  __scatter_zi.o(!!handler_zi)
    _printf_d                                0x0800020d   Thumb Code     0  _printf_d.o(.ARM.Collect$$_printf_percent$$00000009)
    _printf_percent                          0x0800020d   Thumb Code     0  _printf_percent.o(.ARM.Collect$$_printf_percent$$00000000)
    _printf_c                                0x08000213   Thumb Code     0  _printf_c.o(.ARM.Collect$$_printf_percent$$00000013)
    _printf_percent_end                      0x08000219   Thumb Code     0  _printf_percent_end.o(.ARM.Collect$$_printf_percent$$00000017)
    __rt_lib_init                            0x0800021d   Thumb Code     0  libinit.o(.ARM.Collect$$libinit$$00000000)
    __rt_lib_init_fp_1                       0x0800021f   Thumb Code     0  libinit2.o(.ARM.Collect$$libinit$$00000001)
    __rt_lib_init_alloca_1                   0x08000223   Thumb Code     0  libinit2.o(.ARM.Collect$$libinit$$0000002E)
    __rt_lib_init_argv_1                     0x08000223   Thumb Code     0  libinit2.o(.ARM.Collect$$libinit$$0000002C)
    __rt_lib_init_atexit_1                   0x08000223   Thumb Code     0  libinit2.o(.ARM.Collect$$libinit$$0000001B)
    __rt_lib_init_clock_1                    0x08000223   Thumb Code     0  libinit2.o(.ARM.Collect$$libinit$$00000021)
    __rt_lib_init_cpp_1                      0x08000223   Thumb Code     0  libinit2.o(.ARM.Collect$$libinit$$00000032)
    __rt_lib_init_exceptions_1               0x08000223   Thumb Code     0  libinit2.o(.ARM.Collect$$libinit$$00000030)
    __rt_lib_init_fp_trap_1                  0x08000223   Thumb Code     0  libinit2.o(.ARM.Collect$$libinit$$0000001F)
    __rt_lib_init_getenv_1                   0x08000223   Thumb Code     0  libinit2.o(.ARM.Collect$$libinit$$00000023)
    __rt_lib_init_heap_1                     0x08000223   Thumb Code     0  libinit2.o(.ARM.Collect$$libinit$$0000000A)
    __rt_lib_init_lc_collate_1               0x08000223   Thumb Code     0  libinit2.o(.ARM.Collect$$libinit$$00000011)
    __rt_lib_init_lc_ctype_1                 0x08000223   Thumb Code     0  libinit2.o(.ARM.Collect$$libinit$$00000013)
    __rt_lib_init_lc_monetary_1              0x08000223   Thumb Code     0  libinit2.o(.ARM.Collect$$libinit$$00000015)
    __rt_lib_init_lc_numeric_1               0x08000223   Thumb Code     0  libinit2.o(.ARM.Collect$$libinit$$00000017)
    __rt_lib_init_lc_time_1                  0x08000223   Thumb Code     0  libinit2.o(.ARM.Collect$$libinit$$00000019)
    __rt_lib_init_preinit_1                  0x08000223   Thumb Code     0  libinit2.o(.ARM.Collect$$libinit$$00000004)
    __rt_lib_init_rand_1                     0x08000223   Thumb Code     0  libinit2.o(.ARM.Collect$$libinit$$0000000E)
    __rt_lib_init_return                     0x08000223   Thumb Code     0  libinit2.o(.ARM.Collect$$libinit$$00000033)
    __rt_lib_init_signal_1                   0x08000223   Thumb Code     0  libinit2.o(.ARM.Collect$$libinit$$0000001D)
    __rt_lib_init_stdio_1                    0x08000223   Thumb Code     0  libinit2.o(.ARM.Collect$$libinit$$00000025)
    __rt_lib_init_user_alloc_1               0x08000223   Thumb Code     0  libinit2.o(.ARM.Collect$$libinit$$0000000C)
    __rt_lib_shutdown                        0x08000225   Thumb Code     0  libshutdown.o(.ARM.Collect$$libshutdown$$00000000)
    __rt_lib_shutdown_cpp_1                  0x08000227   Thumb Code     0  libshutdown2.o(.ARM.Collect$$libshutdown$$00000002)
    __rt_lib_shutdown_fp_trap_1              0x08000227   Thumb Code     0  libshutdown2.o(.ARM.Collect$$libshutdown$$00000007)
    __rt_lib_shutdown_heap_1                 0x08000227   Thumb Code     0  libshutdown2.o(.ARM.Collect$$libshutdown$$0000000F)
    __rt_lib_shutdown_return                 0x08000227   Thumb Code     0  libshutdown2.o(.ARM.Collect$$libshutdown$$00000010)
    __rt_lib_shutdown_signal_1               0x08000227   Thumb Code     0  libshutdown2.o(.ARM.Collect$$libshutdown$$0000000A)
    __rt_lib_shutdown_stdio_1                0x08000227   Thumb Code     0  libshutdown2.o(.ARM.Collect$$libshutdown$$00000004)
    __rt_lib_shutdown_user_alloc_1           0x08000227   Thumb Code     0  libshutdown2.o(.ARM.Collect$$libshutdown$$0000000C)
    __rt_entry                               0x08000229   Thumb Code     0  __rtentry.o(.ARM.Collect$$rtentry$$00000000)
    __rt_entry_presh_1                       0x08000229   Thumb Code     0  __rtentry2.o(.ARM.Collect$$rtentry$$00000002)
    __rt_entry_sh                            0x08000229   Thumb Code     0  __rtentry4.o(.ARM.Collect$$rtentry$$00000004)
    __rt_entry_li                            0x0800022f   Thumb Code     0  __rtentry2.o(.ARM.Collect$$rtentry$$0000000A)
    __rt_entry_postsh_1                      0x0800022f   Thumb Code     0  __rtentry2.o(.ARM.Collect$$rtentry$$00000009)
    __rt_entry_main                          0x08000233   Thumb Code     0  __rtentry2.o(.ARM.Collect$$rtentry$$0000000D)
    __rt_entry_postli_1                      0x08000233   Thumb Code     0  __rtentry2.o(.ARM.Collect$$rtentry$$0000000C)
    __rt_exit                                0x0800023b   Thumb Code     0  rtexit.o(.ARM.Collect$$rtexit$$00000000)
    __rt_exit_ls                             0x0800023d   Thumb Code     0  rtexit2.o(.ARM.Collect$$rtexit$$00000003)
    __rt_exit_prels_1                        0x0800023d   Thumb Code     0  rtexit2.o(.ARM.Collect$$rtexit$$00000002)
    __rt_exit_exit                           0x08000241   Thumb Code     0  rtexit2.o(.ARM.Collect$$rtexit$$00000004)
    Reset_Handler                            0x08000249   Thumb Code     8  startup_stm32f411xe.o(.text)
    NMI_Handler                              0x08000251   Thumb Code     2  startup_stm32f411xe.o(.text)
    HardFault_Handler                        0x08000253   Thumb Code     2  startup_stm32f411xe.o(.text)
    MemManage_Handler                        0x08000255   Thumb Code     2  startup_stm32f411xe.o(.text)
    BusFault_Handler                         0x08000257   Thumb Code     2  startup_stm32f411xe.o(.text)
    UsageFault_Handler                       0x08000259   Thumb Code     2  startup_stm32f411xe.o(.text)
    SVC_Handler                              0x0800025b   Thumb Code     2  startup_stm32f411xe.o(.text)
    DebugMon_Handler                         0x0800025d   Thumb Code     2  startup_stm32f411xe.o(.text)
    PendSV_Handler                           0x0800025f   Thumb Code     2  startup_stm32f411xe.o(.text)
    DMA1_Stream0_IRQHandler                  0x08000263   Thumb Code     0  startup_stm32f411xe.o(.text)
    DMA1_Stream1_IRQHandler                  0x08000263   Thumb Code     0  startup_stm32f411xe.o(.text)
    DMA1_Stream2_IRQHandler                  0x08000263   Thumb Code     0  startup_stm32f411xe.o(.text)
    DMA1_Stream3_IRQHandler                  0x08000263   Thumb Code     0  startup_stm32f411xe.o(.text)
    DMA1_Stream4_IRQHandler                  0x08000263   Thumb Code     0  startup_stm32f411xe.o(.text)
    DMA1_Stream5_IRQHandler                  0x08000263   Thumb Code     0  startup_stm32f411xe.o(.text)
    DMA1_Stream6_IRQHandler                  0x08000263   Thumb Code     0  startup_stm32f411xe.o(.text)
    DMA1_Stream7_IRQHandler                  0x08000263   Thumb Code     0  startup_stm32f411xe.o(.text)
    DMA2_Stream0_IRQHandler                  0x08000263   Thumb Code     0  startup_stm32f411xe.o(.text)
    DMA2_Stream1_IRQHandler                  0x08000263   Thumb Code     0  startup_stm32f411xe.o(.text)
    DMA2_Stream2_IRQHandler                  0x08000263   Thumb Code     0  startup_stm32f411xe.o(.text)
    DMA2_Stream3_IRQHandler                  0x08000263   Thumb Code     0  startup_stm32f411xe.o(.text)
    DMA2_Stream4_IRQHandler                  0x08000263   Thumb Code     0  startup_stm32f411xe.o(.text)
    DMA2_Stream5_IRQHandler                  0x08000263   Thumb Code     0  startup_stm32f411xe.o(.text)
    DMA2_Stream6_IRQHandler                  0x08000263   Thumb Code     0  startup_stm32f411xe.o(.text)
    DMA2_Stream7_IRQHandler                  0x08000263   Thumb Code     0  startup_stm32f411xe.o(.text)
    EXTI0_IRQHandler                         0x08000263   Thumb Code     0  startup_stm32f411xe.o(.text)
    EXTI15_10_IRQHandler                     0x08000263   Thumb Code     0  startup_stm32f411xe.o(.text)
    EXTI1_IRQHandler                         0x08000263   Thumb Code     0  startup_stm32f411xe.o(.text)
    EXTI2_IRQHandler                         0x08000263   Thumb Code     0  startup_stm32f411xe.o(.text)
    EXTI3_IRQHandler                         0x08000263   Thumb Code     0  startup_stm32f411xe.o(.text)
    EXTI4_IRQHandler                         0x08000263   Thumb Code     0  startup_stm32f411xe.o(.text)
    EXTI9_5_IRQHandler                       0x08000263   Thumb Code     0  startup_stm32f411xe.o(.text)
    FLASH_IRQHandler                         0x08000263   Thumb Code     0  startup_stm32f411xe.o(.text)
    FPU_IRQHandler                           0x08000263   Thumb Code     0  startup_stm32f411xe.o(.text)
    I2C1_ER_IRQHandler                       0x08000263   Thumb Code     0  startup_stm32f411xe.o(.text)
    I2C1_EV_IRQHandler                       0x08000263   Thumb Code     0  startup_stm32f411xe.o(.text)
    I2C2_ER_IRQHandler                       0x08000263   Thumb Code     0  startup_stm32f411xe.o(.text)
    I2C2_EV_IRQHandler                       0x08000263   Thumb Code     0  startup_stm32f411xe.o(.text)
    I2C3_ER_IRQHandler                       0x08000263   Thumb Code     0  startup_stm32f411xe.o(.text)
    I2C3_EV_IRQHandler                       0x08000263   Thumb Code     0  startup_stm32f411xe.o(.text)
    OTG_FS_IRQHandler                        0x08000263   Thumb Code     0  startup_stm32f411xe.o(.text)
    OTG_FS_WKUP_IRQHandler                   0x08000263   Thumb Code     0  startup_stm32f411xe.o(.text)
    PVD_IRQHandler                           0x08000263   Thumb Code     0  startup_stm32f411xe.o(.text)
    RCC_IRQHandler                           0x08000263   Thumb Code     0  startup_stm32f411xe.o(.text)
    RTC_Alarm_IRQHandler                     0x08000263   Thumb Code     0  startup_stm32f411xe.o(.text)
    RTC_WKUP_IRQHandler                      0x08000263   Thumb Code     0  startup_stm32f411xe.o(.text)
    SDIO_IRQHandler                          0x08000263   Thumb Code     0  startup_stm32f411xe.o(.text)
    SPI1_IRQHandler                          0x08000263   Thumb Code     0  startup_stm32f411xe.o(.text)
    SPI2_IRQHandler                          0x08000263   Thumb Code     0  startup_stm32f411xe.o(.text)
    SPI3_IRQHandler                          0x08000263   Thumb Code     0  startup_stm32f411xe.o(.text)
    SPI4_IRQHandler                          0x08000263   Thumb Code     0  startup_stm32f411xe.o(.text)
    SPI5_IRQHandler                          0x08000263   Thumb Code     0  startup_stm32f411xe.o(.text)
    TAMP_STAMP_IRQHandler                    0x08000263   Thumb Code     0  startup_stm32f411xe.o(.text)
    TIM1_BRK_TIM9_IRQHandler                 0x08000263   Thumb Code     0  startup_stm32f411xe.o(.text)
    TIM1_CC_IRQHandler                       0x08000263   Thumb Code     0  startup_stm32f411xe.o(.text)
    TIM1_TRG_COM_TIM11_IRQHandler            0x08000263   Thumb Code     0  startup_stm32f411xe.o(.text)
    TIM1_UP_TIM10_IRQHandler                 0x08000263   Thumb Code     0  startup_stm32f411xe.o(.text)
    TIM2_IRQHandler                          0x08000263   Thumb Code     0  startup_stm32f411xe.o(.text)
    TIM5_IRQHandler                          0x08000263   Thumb Code     0  startup_stm32f411xe.o(.text)
    USART2_IRQHandler                        0x08000263   Thumb Code     0  startup_stm32f411xe.o(.text)
    USART6_IRQHandler                        0x08000263   Thumb Code     0  startup_stm32f411xe.o(.text)
    WWDG_IRQHandler                          0x08000263   Thumb Code     0  startup_stm32f411xe.o(.text)
    __user_initial_stackheap                 0x08000265   Thumb Code     0  startup_stm32f411xe.o(.text)
    __2sprintf                               0x08000289   Thumb Code    34  noretval__2sprintf.o(.text)
    _printf_str                              0x080002b1   Thumb Code    82  _printf_str.o(.text)
    _printf_int_dec                          0x08000305   Thumb Code   104  _printf_dec.o(.text)
    __printf                                 0x0800037d   Thumb Code   270  __printf_wp.o(.text)
    __use_two_region_memory                  0x0800048b   Thumb Code     2  heapauxi.o(.text)
    __rt_heap_escrow$2region                 0x0800048d   Thumb Code     2  heapauxi.o(.text)
    __rt_heap_expand$2region                 0x0800048f   Thumb Code     2  heapauxi.o(.text)
    _printf_int_common                       0x08000491   Thumb Code   178  _printf_intcommon.o(.text)
    _printf_char_common                      0x0800054f   Thumb Code    32  _printf_char_common.o(.text)
    _sputc                                   0x08000575   Thumb Code    10  _sputc.o(.text)
    _printf_cs_common                        0x0800057f   Thumb Code    20  _printf_char.o(.text)
    _printf_char                             0x08000593   Thumb Code    16  _printf_char.o(.text)
    _printf_string                           0x080005a3   Thumb Code     8  _printf_char.o(.text)
    __user_setup_stackheap                   0x080005ab   Thumb Code    74  sys_stackheap_outer.o(.text)
    exit                                     0x080005f5   Thumb Code    18  exit.o(.text)
    __user_libspace                          0x08000609   Thumb Code     8  libspace.o(.text)
    __user_perproc_libspace                  0x08000609   Thumb Code     0  libspace.o(.text)
    __user_perthread_libspace                0x08000609   Thumb Code     0  libspace.o(.text)
    _sys_exit                                0x08000611   Thumb Code     8  sys_exit.o(.text)
    __I$use$semihosting                      0x0800061d   Thumb Code     0  use_no_semi.o(.text)
    __use_no_semihosting_swi                 0x0800061d   Thumb Code     2  use_no_semi.o(.text)
    __semihosting_library_function           0x0800061f   Thumb Code     0  indicate_semi.o(.text)
    ADC_IRQHandler                           0x08000621   Thumb Code    76  lab_rccar.o(.text.ADC_IRQHandler)
    ADC_init                                 0x0800066d   Thumb Code   238  ecadc.o(.text.ADC_init)
    ADC_pinmap                               0x0800075d   Thumb Code   156  ecadc.o(.text.ADC_pinmap)
    ADC_read                                 0x080007f9   Thumb Code    12  ecadc.o(.text.ADC_read)
    ADC_sequence                             0x08000805   Thumb Code   284  ecadc.o(.text.ADC_sequence)
    ADC_start                                0x08000921   Thumb Code    26  ecadc.o(.text.ADC_start)
    ADC_trigger                              0x0800093d   Thumb Code   188  ecadc.o(.text.ADC_trigger)
    GPIO_init                                0x080009f9   Thumb Code   200  ecgpio.o(.text.GPIO_init)
    GPIO_mode                                0x08000ac1   Thumb Code    34  ecgpio.o(.text.GPIO_mode)
    GPIO_ospeed                              0x08000ae5   Thumb Code    34  ecgpio.o(.text.GPIO_ospeed)
    GPIO_otype                               0x08000b09   Thumb Code    32  ecgpio.o(.text.GPIO_otype)
    GPIO_pupd                                0x08000b29   Thumb Code    34  ecgpio.o(.text.GPIO_pupd)
    GPIO_write                               0x08000b4d   Thumb Code    32  ecgpio.o(.text.GPIO_write)
    ICAP_capture                             0x08000b6d   Thumb Code    22  ectim.o(.text.ICAP_capture)
    ICAP_counter_us                          0x08000b85   Thumb Code    46  ectim.o(.text.ICAP_counter_us)
    ICAP_init                                0x08000bb5   Thumb Code   354  ectim.o(.text.ICAP_init)
    ICAP_pinmap                              0x08000d19   Thumb Code   280  ectim.o(.text.ICAP_pinmap)
    ICAP_setup                               0x08000e31   Thumb Code   258  ectim.o(.text.ICAP_setup)
    PWM_duty                                 0x08000f35   Thumb Code   120  ecpwm.o(.text.PWM_duty)
    PWM_init                                 0x08000fad   Thumb Code   486  ecpwm.o(.text.PWM_init)
    PWM_period_ms                            0x08001195   Thumb Code    38  ecpwm.o(.text.PWM_period_ms)
    PWM_period_us                            0x080011bd   Thumb Code    38  ecpwm.o(.text.PWM_period_us)
    PWM_pinmap                               0x080011e5   Thumb Code   298  ecpwm.o(.text.PWM_pinmap)
    PWM_pulsewidth_us                        0x08001311   Thumb Code   128  ecpwm.o(.text.PWM_pulsewidth_us)
    RCC_GPIOA_enable                         0x08001391   Thumb Code    18  ecrcc.o(.text.RCC_GPIOA_enable)
    RCC_GPIOB_enable                         0x080013a5   Thumb Code    18  ecrcc.o(.text.RCC_GPIOB_enable)
    RCC_GPIOC_enable                         0x080013b9   Thumb Code    18  ecrcc.o(.text.RCC_GPIOC_enable)
    RCC_GPIOD_enable                         0x080013cd   Thumb Code    18  ecrcc.o(.text.RCC_GPIOD_enable)
    RCC_GPIOE_enable                         0x080013e1   Thumb Code    18  ecrcc.o(.text.RCC_GPIOE_enable)
    RCC_GPIOH_enable                         0x080013f5   Thumb Code    18  ecrcc.o(.text.RCC_GPIOH_enable)
    RCC_PLL_init                             0x08001409   Thumb Code   222  ecrcc.o(.text.RCC_PLL_init)
    SysTick_Handler                          0x080014e9   Thumb Code     8  ecsystick.o(.text.SysTick_Handler)
    SysTick_counter                          0x080014f1   Thumb Code    16  ecsystick.o(.text.SysTick_counter)
    SysTick_init                             0x08001501   Thumb Code    56  ecsystick.o(.text.SysTick_init)
    SystemInit                               0x08001539   Thumb Code    18  system_stm32f4xx.o(.text.SystemInit)
    TIM3_IRQHandler                          0x0800154d   Thumb Code   276  lab_rccar.o(.text.TIM3_IRQHandler)
    TIM4_IRQHandler                          0x08001695   Thumb Code   202  lab_rccar.o(.text.TIM4_IRQHandler)
    TIM_UI_enable                            0x08001761   Thumb Code    10  ectim.o(.text.TIM_UI_enable)
    TIM_UI_init                              0x0800176d   Thumb Code   182  ectim.o(.text.TIM_UI_init)
    TIM_init                                 0x08001825   Thumb Code   252  ectim.o(.text.TIM_init)
    TIM_period_ms                            0x08001921   Thumb Code   160  ectim.o(.text.TIM_period_ms)
    TIM_period_us                            0x080019c1   Thumb Code   112  ectim.o(.text.TIM_period_us)
    UART1_baud                               0x08001a31   Thumb Code    18  ecuart.o(.text.UART1_baud)
    UART1_init                               0x08001a45   Thumb Code    38  ecuart.o(.text.UART1_init)
    UART2_baud                               0x08001a6d   Thumb Code    18  ecuart.o(.text.UART2_baud)
    UART2_init                               0x08001a81   Thumb Code    38  ecuart.o(.text.UART2_init)
    UART_baud                                0x08001aa9   Thumb Code   136  ecuart.o(.text.UART_baud)
    USART1_IRQHandler                        0x08001b31   Thumb Code   606  lab_rccar.o(.text.USART1_IRQHandler)
    USART1_read                              0x08001d91   Thumb Code    16  ecuart.o(.text.USART1_read)
    USART1_write                             0x08001da1   Thumb Code    20  ecuart.o(.text.USART1_write)
    USART_read                               0x08001db5   Thumb Code    12  ecuart.o(.text.USART_read)
    USART_setting                            0x08001dc1   Thumb Code   346  ecuart.o(.text.USART_setting)
    USART_write                              0x08001f1d   Thumb Code    44  ecuart.o(.text.USART_write)
    clear_ADC_OVR                            0x08002001   Thumb Code    18  ecadc.o(.text.clear_ADC_OVR)
    clear_CCIF                               0x08002015   Thumb Code    16  ectim.o(.text.clear_CCIF)
    clear_UIF                                0x08002025   Thumb Code    10  ectim.o(.text.clear_UIF)
    delay_ms                                 0x08002031   Thumb Code    26  ecsystick.o(.text.delay_ms)
    ecPinmap                                 0x0800204d   Thumb Code    78  ecpinnames.o(.text.ecPinmap)
    is_ADC_EOC                               0x0800209d   Thumb Code    16  ecadc.o(.text.is_ADC_EOC)
    is_ADC_OVR                               0x080020ad   Thumb Code    16  ecadc.o(.text.is_ADC_OVR)
    is_CCIF                                  0x080020bd   Thumb Code    10  ectim.o(.text.is_CCIF)
    is_UIF                                   0x080020c9   Thumb Code     8  ectim.o(.text.is_UIF)
    is_USART1_RXNE                           0x080020d1   Thumb Code    16  ecuart.o(.text.is_USART1_RXNE)
    is_USART_RXNE                            0x080020e1   Thumb Code     8  ecuart.o(.text.is_USART_RXNE)
    main                                     0x080020e9   Thumb Code   464  lab_rccar.o(.text.main)
    setup                                    0x080022f1   Thumb Code   310  lab_rccar.o(.text.setup)
    __hardfp_roundf                          0x08002427   Thumb Code   154  roundf.o(i.__hardfp_roundf)
    _is_digit                                0x080024c1   Thumb Code    14  __printf_wp.o(i._is_digit)
    __aeabi_d2f                              0x080024d1   Thumb Code     0  d2f.o(x$fpl$d2f)
    _d2f                                     0x080024d1   Thumb Code    98  d2f.o(x$fpl$d2f)
    __aeabi_d2uiz                            0x08002535   Thumb Code     0  dfixu.o(x$fpl$dfixu)
    _dfixu                                   0x08002535   Thumb Code    90  dfixu.o(x$fpl$dfixu)
    __aeabi_dmul                             0x08002591   Thumb Code     0  dmul.o(x$fpl$dmul)
    _dmul                                    0x08002591   Thumb Code   332  dmul.o(x$fpl$dmul)
    __fpl_dnaninf                            0x080026e5   Thumb Code   156  dnaninf.o(x$fpl$dnaninf)
    __fpl_dretinf                            0x08002781   Thumb Code    12  dretinf.o(x$fpl$dretinf)
    __aeabi_f2d                              0x0800278d   Thumb Code     0  f2d.o(x$fpl$f2d)
    _f2d                                     0x0800278d   Thumb Code    86  f2d.o(x$fpl$f2d)
    __fpl_fnaninf                            0x080027e3   Thumb Code   140  fnaninf.o(x$fpl$fnaninf)
    _fp_init                                 0x0800286f   Thumb Code    26  fpinit.o(x$fpl$fpinit)
    __fplib_config_fpu_vfp                   0x08002887   Thumb Code     0  fpinit.o(x$fpl$fpinit)
    __fplib_config_pureend_doubles           0x08002887   Thumb Code     0  fpinit.o(x$fpl$fpinit)
    __fpl_fretinf                            0x08002889   Thumb Code    10  fretinf.o(x$fpl$fretinf)
    _frnd                                    0x08002895   Thumb Code    96  frnd.o(x$fpl$frnd)
    Region$$Table$$Base                      0x080028f4   Number         0  anon$$obj.o(Region$$Table)
    __I$use$fp                               0x080028f4   Number         0  usenofp.o(x$fpl$usenofp)
    Region$$Table$$Limit                     0x08002914   Number         0  anon$$obj.o(Region$$Table)
    EC_SYSCLK                                0x20000000   Data           4  ecrcc.o(.data.EC_SYSCLK)
    seqCHn                                   0x200000e4   Data           2  lab_rccar.o(.data.seqCHn)
    __libspace_start                         0x200000e8   Data          96  libspace.o(.bss)
    __temporary_stack_top$libspace           0x20000148   Data           0  libspace.o(.bss)
    IR_diff                                  0x2000014c   Data           4  lab_rccar.o(.bss.IR_diff)
    LED_flag                                 0x20000150   Data           4  lab_rccar.o(.bss.LED_flag)
    Stop_flag                                0x20000154   Data           4  lab_rccar.o(.bss.Stop_flag)
    cnt                                      0x2000015c   Data           4  lab_rccar.o(.bss.cnt)
    distance                                 0x20000168   Data           4  lab_rccar.o(.bss.distance)
    flag                                     0x2000016c   Data           4  lab_rccar.o(.bss.flag)
    msTicks                                  0x20000184   Data           4  ecsystick.o(.bss.msTicks)
    ovf_cnt                                  0x20000188   Data           4  lab_rccar.o(.bss.ovf_cnt)
    s1                                       0x2000018c   Data          30  lab_rccar.o(.bss.s1)
    time1                                    0x200001b4   Data           4  lab_rccar.o(.bss.time1)
    time2                                    0x200001b8   Data           4  lab_rccar.o(.bss.time2)
    timeInterval                             0x200001bc   Data           4  lab_rccar.o(.bss.timeInterval)
    value1                                   0x200001c0   Data           4  lab_rccar.o(.bss.value1)
    value2                                   0x200001c4   Data           4  lab_rccar.o(.bss.value2)



==============================================================================

Memory Map of the image

  Image Entry point : 0x08000199

  Load Region LR_IROM1 (Base: 0x08000000, Size: 0x00002a00, Max: 0x00080000, ABSOLUTE)

    Execution Region ER_IROM1 (Exec base: 0x08000000, Load base: 0x08000000, Size: 0x00002914, Max: 0x00080000, ABSOLUTE)

    Exec Addr    Load Addr    Size         Type   Attr      Idx    E Section Name        Object

    0x08000000   0x08000000   0x00000198   Data   RO          301    RESET               startup_stm32f411xe.o
    0x08000198   0x08000198   0x00000008   Code   RO          360  * !!!main             c_w.l(__main.o)
    0x080001a0   0x080001a0   0x00000034   Code   RO          559    !!!scatter          c_w.l(__scatter.o)
    0x080001d4   0x080001d4   0x0000001a   Code   RO          561    !!handler_copy      c_w.l(__scatter_copy.o)
    0x080001ee   0x080001ee   0x00000002   PAD
    0x080001f0   0x080001f0   0x0000001c   Code   RO          563    !!handler_zi        c_w.l(__scatter_zi.o)
    0x0800020c   0x0800020c   0x00000000   Code   RO          357    .ARM.Collect$$_printf_percent$$00000000  c_w.l(_printf_percent.o)
    0x0800020c   0x0800020c   0x00000006   Code   RO          356    .ARM.Collect$$_printf_percent$$00000009  c_w.l(_printf_d.o)
    0x08000212   0x08000212   0x00000006   Code   RO          355    .ARM.Collect$$_printf_percent$$00000013  c_w.l(_printf_c.o)
    0x08000218   0x08000218   0x00000004   Code   RO          385    .ARM.Collect$$_printf_percent$$00000017  c_w.l(_printf_percent_end.o)
    0x0800021c   0x0800021c   0x00000002   Code   RO          423    .ARM.Collect$$libinit$$00000000  c_w.l(libinit.o)
    0x0800021e   0x0800021e   0x00000004   Code   RO          429    .ARM.Collect$$libinit$$00000001  c_w.l(libinit2.o)
    0x08000222   0x08000222   0x00000000   Code   RO          432    .ARM.Collect$$libinit$$00000004  c_w.l(libinit2.o)
    0x08000222   0x08000222   0x00000000   Code   RO          435    .ARM.Collect$$libinit$$0000000A  c_w.l(libinit2.o)
    0x08000222   0x08000222   0x00000000   Code   RO          437    .ARM.Collect$$libinit$$0000000C  c_w.l(libinit2.o)
    0x08000222   0x08000222   0x00000000   Code   RO          439    .ARM.Collect$$libinit$$0000000E  c_w.l(libinit2.o)
    0x08000222   0x08000222   0x00000000   Code   RO          442    .ARM.Collect$$libinit$$00000011  c_w.l(libinit2.o)
    0x08000222   0x08000222   0x00000000   Code   RO          444    .ARM.Collect$$libinit$$00000013  c_w.l(libinit2.o)
    0x08000222   0x08000222   0x00000000   Code   RO          446    .ARM.Collect$$libinit$$00000015  c_w.l(libinit2.o)
    0x08000222   0x08000222   0x00000000   Code   RO          448    .ARM.Collect$$libinit$$00000017  c_w.l(libinit2.o)
    0x08000222   0x08000222   0x00000000   Code   RO          450    .ARM.Collect$$libinit$$00000019  c_w.l(libinit2.o)
    0x08000222   0x08000222   0x00000000   Code   RO          452    .ARM.Collect$$libinit$$0000001B  c_w.l(libinit2.o)
    0x08000222   0x08000222   0x00000000   Code   RO          454    .ARM.Collect$$libinit$$0000001D  c_w.l(libinit2.o)
    0x08000222   0x08000222   0x00000000   Code   RO          456    .ARM.Collect$$libinit$$0000001F  c_w.l(libinit2.o)
    0x08000222   0x08000222   0x00000000   Code   RO          458    .ARM.Collect$$libinit$$00000021  c_w.l(libinit2.o)
    0x08000222   0x08000222   0x00000000   Code   RO          460    .ARM.Collect$$libinit$$00000023  c_w.l(libinit2.o)
    0x08000222   0x08000222   0x00000000   Code   RO          462    .ARM.Collect$$libinit$$00000025  c_w.l(libinit2.o)
    0x08000222   0x08000222   0x00000000   Code   RO          466    .ARM.Collect$$libinit$$0000002C  c_w.l(libinit2.o)
    0x08000222   0x08000222   0x00000000   Code   RO          468    .ARM.Collect$$libinit$$0000002E  c_w.l(libinit2.o)
    0x08000222   0x08000222   0x00000000   Code   RO          470    .ARM.Collect$$libinit$$00000030  c_w.l(libinit2.o)
    0x08000222   0x08000222   0x00000000   Code   RO          472    .ARM.Collect$$libinit$$00000032  c_w.l(libinit2.o)
    0x08000222   0x08000222   0x00000002   Code   RO          473    .ARM.Collect$$libinit$$00000033  c_w.l(libinit2.o)
    0x08000224   0x08000224   0x00000002   Code   RO          495    .ARM.Collect$$libshutdown$$00000000  c_w.l(libshutdown.o)
    0x08000226   0x08000226   0x00000000   Code   RO          510    .ARM.Collect$$libshutdown$$00000002  c_w.l(libshutdown2.o)
    0x08000226   0x08000226   0x00000000   Code   RO          512    .ARM.Collect$$libshutdown$$00000004  c_w.l(libshutdown2.o)
    0x08000226   0x08000226   0x00000000   Code   RO          515    .ARM.Collect$$libshutdown$$00000007  c_w.l(libshutdown2.o)
    0x08000226   0x08000226   0x00000000   Code   RO          518    .ARM.Collect$$libshutdown$$0000000A  c_w.l(libshutdown2.o)
    0x08000226   0x08000226   0x00000000   Code   RO          520    .ARM.Collect$$libshutdown$$0000000C  c_w.l(libshutdown2.o)
    0x08000226   0x08000226   0x00000000   Code   RO          523    .ARM.Collect$$libshutdown$$0000000F  c_w.l(libshutdown2.o)
    0x08000226   0x08000226   0x00000002   Code   RO          524    .ARM.Collect$$libshutdown$$00000010  c_w.l(libshutdown2.o)
    0x08000228   0x08000228   0x00000000   Code   RO          376    .ARM.Collect$$rtentry$$00000000  c_w.l(__rtentry.o)
    0x08000228   0x08000228   0x00000000   Code   RO          398    .ARM.Collect$$rtentry$$00000002  c_w.l(__rtentry2.o)
    0x08000228   0x08000228   0x00000006   Code   RO          410    .ARM.Collect$$rtentry$$00000004  c_w.l(__rtentry4.o)
    0x0800022e   0x0800022e   0x00000000   Code   RO          400    .ARM.Collect$$rtentry$$00000009  c_w.l(__rtentry2.o)
    0x0800022e   0x0800022e   0x00000004   Code   RO          401    .ARM.Collect$$rtentry$$0000000A  c_w.l(__rtentry2.o)
    0x08000232   0x08000232   0x00000000   Code   RO          403    .ARM.Collect$$rtentry$$0000000C  c_w.l(__rtentry2.o)
    0x08000232   0x08000232   0x00000008   Code   RO          404    .ARM.Collect$$rtentry$$0000000D  c_w.l(__rtentry2.o)
    0x0800023a   0x0800023a   0x00000002   Code   RO          427    .ARM.Collect$$rtexit$$00000000  c_w.l(rtexit.o)
    0x0800023c   0x0800023c   0x00000000   Code   RO          475    .ARM.Collect$$rtexit$$00000002  c_w.l(rtexit2.o)
    0x0800023c   0x0800023c   0x00000004   Code   RO          476    .ARM.Collect$$rtexit$$00000003  c_w.l(rtexit2.o)
    0x08000240   0x08000240   0x00000006   Code   RO          477    .ARM.Collect$$rtexit$$00000004  c_w.l(rtexit2.o)
    0x08000246   0x08000246   0x00000002   PAD
    0x08000248   0x08000248   0x00000040   Code   RO          302    .text               startup_stm32f411xe.o
    0x08000288   0x08000288   0x00000028   Code   RO          327    .text               c_w.l(noretval__2sprintf.o)
    0x080002b0   0x080002b0   0x00000052   Code   RO          331    .text               c_w.l(_printf_str.o)
    0x08000302   0x08000302   0x00000002   PAD
    0x08000304   0x08000304   0x00000078   Code   RO          333    .text               c_w.l(_printf_dec.o)
    0x0800037c   0x0800037c   0x0000010e   Code   RO          343    .text               c_w.l(__printf_wp.o)
    0x0800048a   0x0800048a   0x00000006   Code   RO          358    .text               c_w.l(heapauxi.o)
    0x08000490   0x08000490   0x000000b2   Code   RO          377    .text               c_w.l(_printf_intcommon.o)
    0x08000542   0x08000542   0x00000002   PAD
    0x08000544   0x08000544   0x00000030   Code   RO          379    .text               c_w.l(_printf_char_common.o)
    0x08000574   0x08000574   0x0000000a   Code   RO          381    .text               c_w.l(_sputc.o)
    0x0800057e   0x0800057e   0x0000002c   Code   RO          383    .text               c_w.l(_printf_char.o)
    0x080005aa   0x080005aa   0x0000004a   Code   RO          414    .text               c_w.l(sys_stackheap_outer.o)
    0x080005f4   0x080005f4   0x00000012   Code   RO          416    .text               c_w.l(exit.o)
    0x08000606   0x08000606   0x00000002   PAD
    0x08000608   0x08000608   0x00000008   Code   RO          424    .text               c_w.l(libspace.o)
    0x08000610   0x08000610   0x0000000c   Code   RO          485    .text               c_w.l(sys_exit.o)
    0x0800061c   0x0800061c   0x00000002   Code   RO          500    .text               c_w.l(use_no_semi.o)
    0x0800061e   0x0800061e   0x00000000   Code   RO          502    .text               c_w.l(indicate_semi.o)
    0x0800061e   0x0800061e   0x00000002   PAD
    0x08000620   0x08000620   0x0000004c   Code   RO           14    .text.ADC_IRQHandler  lab_rccar.o
    0x0800066c   0x0800066c   0x000000ee   Code   RO          268    .text.ADC_init      ecadc.o
    0x0800075a   0x0800075a   0x00000002   PAD
    0x0800075c   0x0800075c   0x0000009c   Code   RO          270    .text.ADC_pinmap    ecadc.o
    0x080007f8   0x080007f8   0x0000000c   Code   RO          284    .text.ADC_read      ecadc.o
    0x08000804   0x08000804   0x0000011c   Code   RO          282    .text.ADC_sequence  ecadc.o
    0x08000920   0x08000920   0x0000001a   Code   RO          278    .text.ADC_start     ecadc.o
    0x0800093a   0x0800093a   0x00000002   PAD
    0x0800093c   0x0800093c   0x000000bc   Code   RO          276    .text.ADC_trigger   ecadc.o
    0x080009f8   0x080009f8   0x000000c8   Code   RO           54    .text.GPIO_init     ecgpio.o
    0x08000ac0   0x08000ac0   0x00000022   Code   RO           56    .text.GPIO_mode     ecgpio.o
    0x08000ae2   0x08000ae2   0x00000002   PAD
    0x08000ae4   0x08000ae4   0x00000022   Code   RO           58    .text.GPIO_ospeed   ecgpio.o
    0x08000b06   0x08000b06   0x00000002   PAD
    0x08000b08   0x08000b08   0x00000020   Code   RO           60    .text.GPIO_otype    ecgpio.o
    0x08000b28   0x08000b28   0x00000022   Code   RO           62    .text.GPIO_pupd     ecgpio.o
    0x08000b4a   0x08000b4a   0x00000002   PAD
    0x08000b4c   0x08000b4c   0x00000020   Code   RO           66    .text.GPIO_write    ecgpio.o
    0x08000b6c   0x08000b6c   0x00000016   Code   RO          196    .text.ICAP_capture  ectim.o
    0x08000b82   0x08000b82   0x00000002   PAD
    0x08000b84   0x08000b84   0x0000002e   Code   RO          190    .text.ICAP_counter_us  ectim.o
    0x08000bb2   0x08000bb2   0x00000002   PAD
    0x08000bb4   0x08000bb4   0x00000162   Code   RO          184    .text.ICAP_init     ectim.o
    0x08000d16   0x08000d16   0x00000002   PAD
    0x08000d18   0x08000d18   0x00000118   Code   RO          186    .text.ICAP_pinmap   ectim.o
    0x08000e30   0x08000e30   0x00000102   Code   RO          188    .text.ICAP_setup    ectim.o
    0x08000f32   0x08000f32   0x00000002   PAD
    0x08000f34   0x08000f34   0x00000078   Code   RO          258    .text.PWM_duty      ecpwm.o
    0x08000fac   0x08000fac   0x000001e6   Code   RO          242    .text.PWM_init      ecpwm.o
    0x08001192   0x08001192   0x00000002   PAD
    0x08001194   0x08001194   0x00000026   Code   RO          246    .text.PWM_period_ms  ecpwm.o
    0x080011ba   0x080011ba   0x00000002   PAD
    0x080011bc   0x080011bc   0x00000026   Code   RO          250    .text.PWM_period_us  ecpwm.o
    0x080011e2   0x080011e2   0x00000002   PAD
    0x080011e4   0x080011e4   0x0000012a   Code   RO          244    .text.PWM_pinmap    ecpwm.o
    0x0800130e   0x0800130e   0x00000002   PAD
    0x08001310   0x08001310   0x00000080   Code   RO          256    .text.PWM_pulsewidth_us  ecpwm.o
    0x08001390   0x08001390   0x00000012   Code   RO           94    .text.RCC_GPIOA_enable  ecrcc.o
    0x080013a2   0x080013a2   0x00000002   PAD
    0x080013a4   0x080013a4   0x00000012   Code   RO           96    .text.RCC_GPIOB_enable  ecrcc.o
    0x080013b6   0x080013b6   0x00000002   PAD
    0x080013b8   0x080013b8   0x00000012   Code   RO           98    .text.RCC_GPIOC_enable  ecrcc.o
    0x080013ca   0x080013ca   0x00000002   PAD
    0x080013cc   0x080013cc   0x00000012   Code   RO          100    .text.RCC_GPIOD_enable  ecrcc.o
    0x080013de   0x080013de   0x00000002   PAD
    0x080013e0   0x080013e0   0x00000012   Code   RO          102    .text.RCC_GPIOE_enable  ecrcc.o
    0x080013f2   0x080013f2   0x00000002   PAD
    0x080013f4   0x080013f4   0x00000012   Code   RO          104    .text.RCC_GPIOH_enable  ecrcc.o
    0x08001406   0x08001406   0x00000002   PAD
    0x08001408   0x08001408   0x000000de   Code   RO           92    .text.RCC_PLL_init  ecrcc.o
    0x080014e6   0x080014e6   0x00000002   PAD
    0x080014e8   0x080014e8   0x00000008   Code   RO          210    .text.SysTick_Handler  ecsystick.o
    0x080014f0   0x080014f0   0x00000010   Code   RO          212    .text.SysTick_counter  ecsystick.o
    0x08001500   0x08001500   0x00000038   Code   RO          206    .text.SysTick_init  ecsystick.o
    0x08001538   0x08001538   0x00000012   Code   RO          309    .text.SystemInit    system_stm32f4xx.o
    0x0800154a   0x0800154a   0x00000002   PAD
    0x0800154c   0x0800154c   0x00000148   Code   RO           10    .text.TIM3_IRQHandler  lab_rccar.o
    0x08001694   0x08001694   0x000000ca   Code   RO           16    .text.TIM4_IRQHandler  lab_rccar.o
    0x0800175e   0x0800175e   0x00000002   PAD
    0x08001760   0x08001760   0x0000000a   Code   RO          172    .text.TIM_UI_enable  ectim.o
    0x0800176a   0x0800176a   0x00000002   PAD
    0x0800176c   0x0800176c   0x000000b6   Code   RO          170    .text.TIM_UI_init   ectim.o
    0x08001822   0x08001822   0x00000002   PAD
    0x08001824   0x08001824   0x000000fc   Code   RO          164    .text.TIM_init      ectim.o
    0x08001920   0x08001920   0x000000a0   Code   RO          166    .text.TIM_period_ms  ectim.o
    0x080019c0   0x080019c0   0x00000070   Code   RO          168    .text.TIM_period_us  ectim.o
    0x08001a30   0x08001a30   0x00000012   Code   RO          138    .text.UART1_baud    ecuart.o
    0x08001a42   0x08001a42   0x00000002   PAD
    0x08001a44   0x08001a44   0x00000026   Code   RO          134    .text.UART1_init    ecuart.o
    0x08001a6a   0x08001a6a   0x00000002   PAD
    0x08001a6c   0x08001a6c   0x00000012   Code   RO          140    .text.UART2_baud    ecuart.o
    0x08001a7e   0x08001a7e   0x00000002   PAD
    0x08001a80   0x08001a80   0x00000026   Code   RO          136    .text.UART2_init    ecuart.o
    0x08001aa6   0x08001aa6   0x00000002   PAD
    0x08001aa8   0x08001aa8   0x00000088   Code   RO          128    .text.UART_baud     ecuart.o
    0x08001b30   0x08001b30   0x0000025e   Code   RO           12    .text.USART1_IRQHandler  lab_rccar.o
    0x08001d8e   0x08001d8e   0x00000002   PAD
    0x08001d90   0x08001d90   0x00000010   Code   RO          146    .text.USART1_read   ecuart.o
    0x08001da0   0x08001da0   0x00000014   Code   RO          142    .text.USART1_write  ecuart.o
    0x08001db4   0x08001db4   0x0000000c   Code   RO          120    .text.USART_read    ecuart.o
    0x08001dc0   0x08001dc0   0x0000015a   Code   RO          126    .text.USART_setting  ecuart.o
    0x08001f1a   0x08001f1a   0x00000002   PAD
    0x08001f1c   0x08001f1c   0x0000002c   Code   RO          116    .text.USART_write   ecuart.o
    0x08001f48   0x08001f48   0x00000016   Code   RO            6    .text.__NVIC_EnableIRQ  lab_rccar.o
    0x08001f5e   0x08001f5e   0x00000002   PAD
    0x08001f60   0x08001f60   0x00000020   Code   RO          132    .text.__NVIC_EnableIRQ  ecuart.o
    0x08001f80   0x08001f80   0x00000020   Code   RO          174    .text.__NVIC_EnableIRQ  ectim.o
    0x08001fa0   0x08001fa0   0x00000010   Code   RO          274    .text.__NVIC_EnableIRQ  ecadc.o
    0x08001fb0   0x08001fb0   0x00000010   Code   RO            8    .text.__NVIC_SetPriority  lab_rccar.o
    0x08001fc0   0x08001fc0   0x00000010   Code   RO          130    .text.__NVIC_SetPriority  ecuart.o
    0x08001fd0   0x08001fd0   0x00000010   Code   RO          176    .text.__NVIC_SetPriority  ectim.o
    0x08001fe0   0x08001fe0   0x0000000e   Code   RO          208    .text.__NVIC_SetPriority  ecsystick.o
    0x08001fee   0x08001fee   0x00000002   PAD
    0x08001ff0   0x08001ff0   0x0000000e   Code   RO          272    .text.__NVIC_SetPriority  ecadc.o
    0x08001ffe   0x08001ffe   0x00000002   PAD
    0x08002000   0x08002000   0x00000012   Code   RO          290    .text.clear_ADC_OVR  ecadc.o
    0x08002012   0x08002012   0x00000002   PAD
    0x08002014   0x08002014   0x00000010   Code   RO          194    .text.clear_CCIF    ectim.o
    0x08002024   0x08002024   0x0000000a   Code   RO          182    .text.clear_UIF     ectim.o
    0x0800202e   0x0800202e   0x00000002   PAD
    0x08002030   0x08002030   0x0000001a   Code   RO          214    .text.delay_ms      ecsystick.o
    0x0800204a   0x0800204a   0x00000002   PAD
    0x0800204c   0x0800204c   0x0000004e   Code   RO          233    .text.ecPinmap      ecpinnames.o
    0x0800209a   0x0800209a   0x00000002   PAD
    0x0800209c   0x0800209c   0x00000010   Code   RO          286    .text.is_ADC_EOC    ecadc.o
    0x080020ac   0x080020ac   0x00000010   Code   RO          288    .text.is_ADC_OVR    ecadc.o
    0x080020bc   0x080020bc   0x0000000a   Code   RO          192    .text.is_CCIF       ectim.o
    0x080020c6   0x080020c6   0x00000002   PAD
    0x080020c8   0x080020c8   0x00000008   Code   RO          180    .text.is_UIF        ectim.o
    0x080020d0   0x080020d0   0x00000010   Code   RO          150    .text.is_USART1_RXNE  ecuart.o
    0x080020e0   0x080020e0   0x00000008   Code   RO          124    .text.is_USART_RXNE  ecuart.o
    0x080020e8   0x080020e8   0x00000208   Code   RO            2    .text.main          lab_rccar.o
    0x080022f0   0x080022f0   0x00000136   Code   RO            4    .text.setup         lab_rccar.o
    0x08002426   0x08002426   0x0000009a   Code   RO          372    i.__hardfp_roundf   m_wm.l(roundf.o)
    0x080024c0   0x080024c0   0x0000000e   Code   RO          345    i._is_digit         c_w.l(__printf_wp.o)
    0x080024ce   0x080024ce   0x00000002   PAD
    0x080024d0   0x080024d0   0x00000062   Code   RO          362    x$fpl$d2f           fz_wm.l(d2f.o)
    0x08002532   0x08002532   0x00000002   PAD
    0x08002534   0x08002534   0x0000005a   Code   RO          364    x$fpl$dfixu         fz_wm.l(dfixu.o)
    0x0800258e   0x0800258e   0x00000002   PAD
    0x08002590   0x08002590   0x00000154   Code   RO          368    x$fpl$dmul          fz_wm.l(dmul.o)
    0x080026e4   0x080026e4   0x0000009c   Code   RO          386    x$fpl$dnaninf       fz_wm.l(dnaninf.o)
    0x08002780   0x08002780   0x0000000c   Code   RO          388    x$fpl$dretinf       fz_wm.l(dretinf.o)
    0x0800278c   0x0800278c   0x00000056   Code   RO          370    x$fpl$f2d           fz_wm.l(f2d.o)
    0x080027e2   0x080027e2   0x0000008c   Code   RO          390    x$fpl$fnaninf       fz_wm.l(fnaninf.o)
    0x0800286e   0x0800286e   0x0000001a   Code   RO          483    x$fpl$fpinit        fz_wm.l(fpinit.o)
    0x08002888   0x08002888   0x0000000a   Code   RO          392    x$fpl$fretinf       fz_wm.l(fretinf.o)
    0x08002892   0x08002892   0x00000002   PAD
    0x08002894   0x08002894   0x00000060   Code   RO          394    x$fpl$frnd          fz_wm.l(frnd.o)
    0x080028f4   0x080028f4   0x00000000   Code   RO          396    x$fpl$usenofp       fz_wm.l(usenofp.o)
    0x080028f4   0x080028f4   0x00000020   Data   RO          558    Region$$Table       anon$$obj.o


    Execution Region RW_IRAM1 (Exec base: 0x20000000, Load base: 0x08002918, Size: 0x000007c8, Max: 0x00020000, ABSOLUTE)

    Exec Addr    Load Addr    Size         Type   Attr      Idx    E Section Name        Object

    0x20000000   0x08002918   0x00000004   Data   RW          106    .data.EC_SYSCLK     ecrcc.o
    0x20000004   0x0800291c   0x000000e0   Data   RW           43    .data.duty          lab_rccar.o
    0x200000e4   0x080029fc   0x00000002   Data   RW           24    .data.seqCHn        lab_rccar.o
    0x200000e6   0x080029fe   0x00000002   PAD
    0x200000e8        -       0x00000060   Zero   RW          425    .bss                c_w.l(libspace.o)
    0x20000148        -       0x00000001   Zero   RW           41    .bss.BT_Data        lab_rccar.o
    0x20000149   0x080029fe   0x00000003   PAD
    0x2000014c        -       0x00000004   Zero   RW           25    .bss.IR_diff        lab_rccar.o
    0x20000150        -       0x00000004   Zero   RW           28    .bss.LED_flag       lab_rccar.o
    0x20000154        -       0x00000004   Zero   RW           26    .bss.Stop_flag      lab_rccar.o
    0x20000158        -       0x00000004   Zero   RW           37    .bss.angle          lab_rccar.o
    0x2000015c        -       0x00000004   Zero   RW           27    .bss.cnt            lab_rccar.o
    0x20000160        -       0x00000004   Zero   RW           30    .bss.dir            lab_rccar.o
    0x20000164        -       0x00000001   Zero   RW           36    .bss.direction      lab_rccar.o
    0x20000165   0x080029fe   0x00000003   PAD
    0x20000168        -       0x00000004   Zero   RW           19    .bss.distance       lab_rccar.o
    0x2000016c        -       0x00000004   Zero   RW           23    .bss.flag           lab_rccar.o
    0x20000170        -       0x00000004   Zero   RW           31    .bss.i              lab_rccar.o
    0x20000174        -       0x00000004   Zero   RW           32    .bss.iduty          lab_rccar.o
    0x20000178        -       0x00000004   Zero   RW           33    .bss.j              lab_rccar.o
    0x2000017c        -       0x00000004   Zero   RW           34    .bss.jduty          lab_rccar.o
    0x20000180        -       0x00000001   Zero   RW           29    .bss.mode           lab_rccar.o
    0x20000181   0x080029fe   0x00000003   PAD
    0x20000184        -       0x00000004   Zero   RW          224    .bss.msTicks        ecsystick.o
    0x20000188        -       0x00000004   Zero   RW           18    .bss.ovf_cnt        lab_rccar.o
    0x2000018c        -       0x0000001e   Zero   RW           35    .bss.s1             lab_rccar.o
    0x200001aa   0x080029fe   0x00000002   PAD
    0x200001ac        -       0x00000004   Zero   RW           38    .bss.speed          lab_rccar.o
    0x200001b0        -       0x00000004   Zero   RW           42    .bss.state          lab_rccar.o
    0x200001b4        -       0x00000004   Zero   RW           21    .bss.time1          lab_rccar.o
    0x200001b8        -       0x00000004   Zero   RW           22    .bss.time2          lab_rccar.o
    0x200001bc        -       0x00000004   Zero   RW           20    .bss.timeInterval   lab_rccar.o
    0x200001c0        -       0x00000004   Zero   RW           39    .bss.value1         lab_rccar.o
    0x200001c4        -       0x00000004   Zero   RW           40    .bss.value2         lab_rccar.o
    0x200001c8        -       0x00000200   Zero   RW          300    HEAP                startup_stm32f411xe.o
    0x200003c8        -       0x00000400   Zero   RW          299    STACK               startup_stm32f411xe.o


==============================================================================

Image component sizes


      Code (inc. data)   RO Data    RW Data    ZI Data      Debug   Object Name

       984         14          0          0          0       9026   ecadc.o
       366         22          0          0          0       3921   ecgpio.o
        78          8          0          0          0       2101   ecpinnames.o
      1108         40          0          0          0       7878   ecpwm.o
       330          0          0          4          0       2355   ecrcc.o
       120          0          0          0          4       4302   ecsystick.o
      1768         32          0          0          0      11464   ectim.o
       758         16          0          0          0       8220   ecuart.o
      2080        108          0        226        113       7384   lab_rccar.o
        64         26        408          0       1536        876   startup_stm32f411xe.o
        18          0          0          0          0       2814   system_stm32f4xx.o

    ----------------------------------------------------------------------
      7750        266        440        232       1664      60341   Object Totals
         0          0         32          0          0          0   (incl. Generated)
        76          0          0          2         11          0   (incl. Padding)

    ----------------------------------------------------------------------

      Code (inc. data)   RO Data    RW Data    ZI Data      Debug   Library Member Name

         8          0          0          0          0         68   __main.o
       284          0          0          0          0        156   __printf_wp.o
         0          0          0          0          0          0   __rtentry.o
        12          0          0          0          0          0   __rtentry2.o
         6          0          0          0          0          0   __rtentry4.o
        52          8          0          0          0          0   __scatter.o
        26          0          0          0          0          0   __scatter_copy.o
        28          0          0          0          0          0   __scatter_zi.o
         6          0          0          0          0          0   _printf_c.o
        44          0          0          0          0        108   _printf_char.o
        48          6          0          0          0         96   _printf_char_common.o
         6          0          0          0          0          0   _printf_d.o
       120         16          0          0          0         92   _printf_dec.o
       178          0          0          0          0         88   _printf_intcommon.o
         0          0          0          0          0          0   _printf_percent.o
         4          0          0          0          0          0   _printf_percent_end.o
        82          0          0          0          0         80   _printf_str.o
        10          0          0          0          0         68   _sputc.o
        18          0          0          0          0         80   exit.o
         6          0          0          0          0        152   heapauxi.o
         0          0          0          0          0          0   indicate_semi.o
         2          0          0          0          0          0   libinit.o
         6          0          0          0          0          0   libinit2.o
         2          0          0          0          0          0   libshutdown.o
         2          0          0          0          0          0   libshutdown2.o
         8          4          0          0         96         68   libspace.o
        40          6          0          0          0         84   noretval__2sprintf.o
         2          0          0          0          0          0   rtexit.o
        10          0          0          0          0          0   rtexit2.o
        12          4          0          0          0         68   sys_exit.o
        74          0          0          0          0         80   sys_stackheap_outer.o
         2          0          0          0          0         68   use_no_semi.o
        98          4          0          0          0        140   d2f.o
        90          4          0          0          0        140   dfixu.o
       340         12          0          0          0        152   dmul.o
       156          4          0          0          0        140   dnaninf.o
        12          0          0          0          0        116   dretinf.o
        86          4          0          0          0        132   f2d.o
       140          4          0          0          0        132   fnaninf.o
        26          0          0          0          0        116   fpinit.o
        10          0          0          0          0        116   fretinf.o
        96          4          0          0          0        124   frnd.o
         0          0          0          0          0          0   usenofp.o
       154          0          0          0          0        140   roundf.o

    ----------------------------------------------------------------------
      2326         80          0          0         96       2804   Library Totals
        20          0          0          0          0          0   (incl. Padding)

    ----------------------------------------------------------------------

      Code (inc. data)   RO Data    RW Data    ZI Data      Debug   Library Name

      1098         44          0          0         96       1356   c_w.l
      1054         36          0          0          0       1308   fz_wm.l
       154          0          0          0          0        140   m_wm.l

    ----------------------------------------------------------------------
      2326         80          0          0         96       2804   Library Totals

    ----------------------------------------------------------------------

==============================================================================


      Code (inc. data)   RO Data    RW Data    ZI Data      Debug   

     10076        346        440        232       1760      61441   Grand Totals
     10076        346        440        232       1760      61441   ELF Image Totals
     10076        346        440        232          0          0   ROM Totals

==============================================================================

    Total RO  Size (Code + RO Data)                10516 (  10.27kB)
    Total RW  Size (RW Data + ZI Data)              1992 (   1.95kB)
    Total ROM Size (Code + RO Data + RW Data)      10748 (  10.50kB)

==============================================================================

